NAME="Common Base Linux Mariner"
VERSION="2.0.20250701"
ID=mariner
VERSION_ID="2.0"
PRETTY_NAME="CBL-Mariner/Linux"
ANSI_COLOR="1;34"
HOME_URL="https://aka.ms/cbl-mariner"
BUG_REPORT_URL="https://aka.ms/cbl-mariner"
SUPPORT_URL="https://aka.ms/cbl-mariner"
      1       0 init()
      3       2 init-systemd(Ub
     17       8 init
     24       3 init
UNCONN 0      0           127.0.0.1:323       0.0.0.0:*                                             
UNCONN 0      0               [::1]:323          [::]:*                                             
lrwxrwxrwx 1 root root 0 Oct  9 00:37 /proc/2/ns/pid -> pid:[4026532221]
lrwxrwxrwx 1 root root 0 Oct  9 00:37 /proc/self/ns/pid -> pid:[4026532209]
2026-10-08T15:37:48.765939191Z
50484330,PHC0,1,1791473863.764585073,0.006455846,0.002721898,0.028373566,-28829.402,4.282,546.277,0.000000001,0.074183524,8.0,Normal

STDERR:
your 131072x1 screen size is bogus. expect trouble
