[Nest] 861465  - 10/10/2026, 3:08:06 PM     LOG [GeneralAccountsService] {"event":"general_account_opened","tradingAccountId":"07c5e119-accf-4d17-a88b-128821684284"}
(node:861465) DeprecationWarning: Calling client.query() when the client is already executing a query is deprecated and will be removed in pg@9.0. Use async/await or an external async flow control mechanism instead.
(Use `node --trace-deprecation ...` to show where the warning was created)
[Nest] 861465  - 10/10/2026, 3:08:06 PM     LOG [GeneralAccountsService] {"event":"general_account_opened","tradingAccountId":"418611a5-b14b-4785-b6e5-cf364cb686f0"}
[Nest] 861465  - 10/10/2026, 3:08:06 PM     LOG [GeneralAccountsService] {"event":"general_account_opened","tradingAccountId":"4dff48e6-62c9-4c9a-a062-0c1c6440bce8"}
[Nest] 861465  - 10/10/2026, 3:08:06 PM     LOG [GeneralAccountsService] {"event":"general_account_opened","tradingAccountId":"5c95dbbf-a168-4de0-9e5c-64ce6dbe12ca"}
[Nest] 861465  - 10/10/2026, 3:08:06 PM     LOG [GeneralAccountsService] {"event":"general_account_opened","tradingAccountId":"5115897b-7a6e-41a2-a3cd-055c0fe33d7f"}
[Nest] 861465  - 10/10/2026, 3:08:06 PM     LOG [GeneralAccountsService] {"event":"general_account_opened","tradingAccountId":"51814d46-b199-41f0-ab34-228a5eb53c09"}
[Nest] 861465  - 10/10/2026, 3:08:06 PM     LOG [GeneralAccountsService] {"event":"general_account_opened","tradingAccountId":"31c76a69-beda-4d05-897e-799fe1845770"}
[Nest] 861465  - 10/10/2026, 3:08:06 PM     LOG [GeneralAccountsService] {"event":"general_account_opened","tradingAccountId":"54c6fbe5-49b0-4be0-bc14-810f951f700d"}
[Nest] 861465  - 10/10/2026, 3:08:06 PM     LOG [GeneralAccountsService] {"event":"general_account_opened","tradingAccountId":"af791587-be60-451d-ba4b-880ad792f6f4"}
[Nest] 861465  - 10/10/2026, 3:08:06 PM     LOG [GeneralAccountsService] {"event":"general_account_opened","tradingAccountId":"c8d76b6a-1cb3-4e75-bda3-5740d87fc7eb"}
[Nest] 861465  - 10/10/2026, 3:08:06 PM     LOG [GeneralAccountsService] {"event":"general_account_opened","tradingAccountId":"ec12d29c-fc84-4bc4-be06-79e9b23c32fa"}
[Nest] 861465  - 10/10/2026, 3:08:06 PM     LOG [GeneralAccountsService] {"event":"general_account_opened","tradingAccountId":"ed448bfc-15a5-44ac-97ee-36bd2f31efaa"}
[Nest] 861465  - 10/10/2026, 3:08:06 PM     LOG [GeneralAccountsService] {"event":"general_account_opened","tradingAccountId":"0bd6c965-027a-45d2-8a0e-187144d3a8fc"}
[Nest] 861465  - 10/10/2026, 3:08:06 PM     LOG [GeneralAccountsService] {"event":"general_account_opened","tradingAccountId":"4ed91238-33e4-4822-822b-f88a971e9a27"}
[Nest] 861465  - 10/10/2026, 3:08:06 PM     LOG [GeneralAccountsService] {"event":"general_account_opened","tradingAccountId":"a192f2b4-9969-476f-b7a9-71a29948b843"}
[Nest] 861465  - 10/10/2026, 3:08:06 PM     LOG [GeneralAccountsService] {"event":"general_account_opened","tradingAccountId":"71e61f85-09f3-43dd-8ba4-f285a4fabc36"}
[Nest] 861465  - 10/10/2026, 3:08:06 PM     LOG [GeneralAccountsService] {"event":"general_account_opened","tradingAccountId":"6a5391bf-8cd0-4569-8ccc-31cca419ba4a"}
[Nest] 861465  - 10/10/2026, 3:08:06 PM     LOG [GeneralAccountsService] {"event":"general_account_opened","tradingAccountId":"923ef32b-fad0-4c2c-b333-02affb674b37"}
[Nest] 861465  - 10/10/2026, 3:08:06 PM     LOG [GeneralAccountsService] {"event":"general_account_opened","tradingAccountId":"4acb6a28-5d0e-473f-9c6c-f4439a17ef5d"}
[Nest] 861465  - 10/10/2026, 3:08:06 PM     LOG [GeneralAccountsService] {"event":"general_account_opened","tradingAccountId":"fada69f4-b56f-42cf-b539-b231a31c849c"}
[Nest] 861465  - 10/10/2026, 3:08:06 PM     LOG [GeneralAccountsService] {"event":"general_account_opened","tradingAccountId":"1ff339a2-4036-4b37-841b-5ac36ddf6db5"}
[Nest] 861465  - 10/10/2026, 3:08:06 PM     LOG [GeneralAccountsService] {"event":"general_account_opened","tradingAccountId":"d7e20dd0-e992-4ed4-8c74-9cf004ba5f3b"}
[Nest] 861465  - 10/10/2026, 3:08:06 PM     LOG [GeneralAccountsService] {"event":"general_account_opened","tradingAccountId":"0a5048aa-665b-460f-a9cd-41020b6d8016"}
[Nest] 861465  - 10/10/2026, 3:08:06 PM     LOG [GeneralAccountsService] {"event":"general_account_opened","tradingAccountId":"d19ef8fe-78bc-44b5-b60b-691a0b1cc029"}
[Nest] 861465  - 10/10/2026, 3:08:06 PM     LOG [GeneralAccountsService] {"event":"general_account_opened","tradingAccountId":"77a7abd7-a49b-4df5-b762-77e36b8d65b8"}
[Nest] 861465  - 10/10/2026, 3:08:06 PM     LOG [GeneralAccountsService] {"event":"general_account_opened","tradingAccountId":"76e2c8a5-704b-4009-a496-4d9f28d573b6"}
[Nest] 861465  - 10/10/2026, 3:08:06 PM     LOG [GeneralAccountsService] {"event":"general_account_opened","tradingAccountId":"4fc2311b-98e3-4c39-bde4-4381711f09ae"}
[Nest] 861465  - 10/10/2026, 3:08:06 PM     LOG [GeneralAccountsService] {"event":"general_account_opened","tradingAccountId":"4a95a359-dc12-41fa-927a-ebc28eeda63a"}
[Nest] 861465  - 10/10/2026, 3:08:06 PM     LOG [GeneralAccountsService] {"event":"general_account_opened","tradingAccountId":"8871a1df-a79a-489c-8a60-8ad8366bd7b0"}
[Nest] 861465  - 10/10/2026, 3:08:06 PM     LOG [GeneralAccountsService] {"event":"general_account_opened","tradingAccountId":"1f591590-6939-46e7-a20e-ef1b640e15ef"}
[Nest] 861465  - 10/10/2026, 3:08:06 PM     LOG [GeneralAccountsService] {"event":"general_account_opened","tradingAccountId":"99d131a5-a00e-412a-9a64-e9aaa440094d"}
[Nest] 861465  - 10/10/2026, 3:08:06 PM     LOG [GeneralAccountsService] {"event":"general_account_opened","tradingAccountId":"42f0edc9-ddeb-47ca-b631-db6080f43287"}
[Nest] 861465  - 10/10/2026, 3:08:06 PM     LOG [GeneralAccountsService] {"event":"general_account_opened","tradingAccountId":"5018d145-3928-41e0-a579-7f6e13709ce6"}
[Nest] 861465  - 10/10/2026, 3:08:06 PM     LOG [GeneralAccountsService] {"event":"general_account_opened","tradingAccountId":"726987d5-9334-41fc-9ca7-cd30ed1d593b"}
[Nest] 861465  - 10/10/2026, 3:08:07 PM     LOG [GeneralAccountsService] {"event":"general_account_opened","tradingAccountId":"cdc031c2-4b89-455c-a1e9-44d753298b11"}
[Nest] 861465  - 10/10/2026, 3:08:07 PM     LOG [GeneralAccountsService] {"event":"general_account_opened","tradingAccountId":"363d055b-5aa2-49e0-af59-819a8aadeae0"}
[Nest] 861465  - 10/10/2026, 3:08:07 PM     LOG [GeneralAccountsService] {"event":"general_account_opened","tradingAccountId":"e760b5d4-d1ab-4d81-a917-a06aa1fc40a9"}
[Nest] 861465  - 10/10/2026, 3:08:07 PM     LOG [GeneralAccountsService] {"event":"general_account_opened","tradingAccountId":"8817c6ee-01e8-480c-9740-5021acd132aa"}
[Nest] 861465  - 10/10/2026, 3:08:07 PM     LOG [GeneralAccountsService] {"event":"general_account_opened","tradingAccountId":"e5ce33cb-d149-407c-96c6-290c8564e706"}
[Nest] 861465  - 10/10/2026, 3:08:07 PM     LOG [GeneralAccountsService] {"event":"general_account_opened","tradingAccountId":"c7e37b0d-172b-4f6e-95bc-272bfbd60947"}
[Nest] 861465  - 10/10/2026, 3:08:07 PM     LOG [GeneralAccountsService] {"event":"general_account_opened","tradingAccountId":"788ae364-0636-431e-9bb7-e3ec5bfec6f1"}
[Nest] 861465  - 10/10/2026, 3:08:07 PM     LOG [GeneralAccountsService] {"event":"general_account_opened","tradingAccountId":"268721cb-d4de-483c-ab67-63b770ff9d2e"}
[Nest] 861465  - 10/10/2026, 3:08:07 PM     LOG [GeneralAccountsService] {"event":"general_account_opened","tradingAccountId":"b5ab30d6-c2d4-431d-8829-54e533dffca7"}
[Nest] 861465  - 10/10/2026, 3:08:07 PM     LOG [GeneralAccountsService] {"event":"general_account_opened","tradingAccountId":"53125269-4551-420b-80b4-d19e0f37f69e"}
[Nest] 861465  - 10/10/2026, 3:08:07 PM     LOG [GeneralAccountsService] {"event":"general_account_opened","tradingAccountId":"57f60b45-dee0-4dec-98fb-be70459a4fca"}
[Nest] 861465  - 10/10/2026, 3:08:07 PM     LOG [GeneralAccountsService] {"event":"general_account_opened","tradingAccountId":"24487767-13cc-4342-aecb-8ee08967bc0e"}
[Nest] 861465  - 10/10/2026, 3:08:07 PM     LOG [GeneralAccountsService] {"event":"general_account_opened","tradingAccountId":"29b43c23-236d-4b87-b705-71dd2cc5ec0d"}
[Nest] 861465  - 10/10/2026, 3:08:07 PM     LOG [GeneralAccountsService] {"event":"general_account_opened","tradingAccountId":"601387b9-f197-4c75-b04f-f8b0fda20bf1"}
[Nest] 861465  - 10/10/2026, 3:08:07 PM     LOG [GeneralAccountsService] {"event":"general_account_opened","tradingAccountId":"d7030529-0bf1-42a1-9e0a-bcd939aef719"}
[Nest] 861465  - 10/10/2026, 3:08:07 PM     LOG [GeneralAccountsService] {"event":"general_account_opened","tradingAccountId":"57e557cf-d0a4-4d4e-81d5-94f03d1775e5"}
