
> trading-app@0.0.1 test /home/nayuta/projects/trading-app/backend
> jest --runInBand --json --outputFile=../docs/investigations/2026-10-10-futures-last-price-followup/evidence/backend-unit-jest.json

FAIL src/realtime/ticker-poll-process.spec.ts
  ● ticker fallback process rejection policy › strict child process, legacy behavior=false

    expect(received).toContain(expected) // indexOf

    Expected substring: "poll survived and retried"
    Received string:    ""

      65 |       } else {
      66 |         expect(result.status).toBe(0);
    > 67 |         expect(result.stdout).toContain('poll survived and retried');
         |                               ^
      68 |         expect(result.stderr).toBe('');
      69 |       }
      70 |     },

      at realtime/ticker-poll-process.spec.ts:67:31

FAIL src/orders/trading-session-fixture.spec.ts
  ● PostgreSQL runner calendar fixture › keeps open/close, candle and unavailable boundaries on 2026-07-10 without mocking Date

    node:net:1926
          const error = new UVExceptionWithHostPort(rval, 'listen', address, port);
                        ^

    Error: listen EPERM: operation not permitted /tmp/tsx-1000/172.pipe

      44 |         },
      45 |       );
    > 46 |       if (result.status !== 0) throw new Error(result.stdout + result.stderr);
         |                                      ^
      47 |       expect(result.stdout).toContain('calendar fixture boundaries passed');
      48 |     },
      49 |   );

      at ../file:/home/nayuta/projects/trading-app/backend/node_modules/.pnpm/tsx@4.21.0/node_modules/tsx/dist/cli.mjs:53:31537
      at createIpcServer (../file:/home/nayuta/projects/trading-app/backend/node_modules/.pnpm/tsx@4.21.0/node_modules/tsx/dist/cli.mjs:53:31515)
      at ../async file:/home/nayuta/projects/trading-app/backend/node_modules/.pnpm/tsx@4.21.0/node_modules/tsx/dist/cli.mjs:55:459 {
        code: 'EPERM',
        errno: -1,
        syscall: 'listen',
        address: '/tmp/tsx-1000/172.pipe',
        port: -1
      }
      Node.js v24.14.1
      at orders/trading-session-fixture.spec.ts:46:38

  ● PostgreSQL runner calendar fixture › keeps open/close, candle and unavailable boundaries on 2026-07-11 without mocking Date

    node:net:1926
          const error = new UVExceptionWithHostPort(rval, 'listen', address, port);
                        ^

    Error: listen EPERM: operation not permitted /tmp/tsx-1000/214.pipe

      44 |         },
      45 |       );
    > 46 |       if (result.status !== 0) throw new Error(result.stdout + result.stderr);
         |                                      ^
      47 |       expect(result.stdout).toContain('calendar fixture boundaries passed');
      48 |     },
      49 |   );

      at ../file:/home/nayuta/projects/trading-app/backend/node_modules/.pnpm/tsx@4.21.0/node_modules/tsx/dist/cli.mjs:53:31537
      at createIpcServer (../file:/home/nayuta/projects/trading-app/backend/node_modules/.pnpm/tsx@4.21.0/node_modules/tsx/dist/cli.mjs:53:31515)
      at ../async file:/home/nayuta/projects/trading-app/backend/node_modules/.pnpm/tsx@4.21.0/node_modules/tsx/dist/cli.mjs:55:459 {
        code: 'EPERM',
        errno: -1,
        syscall: 'listen',
        address: '/tmp/tsx-1000/214.pipe',
        port: -1
      }
      Node.js v24.14.1
      at orders/trading-session-fixture.spec.ts:46:38

  ● PostgreSQL runner calendar fixture › keeps open/close, candle and unavailable boundaries on 2026-07-12 without mocking Date

    node:net:1926
          const error = new UVExceptionWithHostPort(rval, 'listen', address, port);
                        ^

    Error: listen EPERM: operation not permitted /tmp/tsx-1000/255.pipe

      44 |         },
      45 |       );
    > 46 |       if (result.status !== 0) throw new Error(result.stdout + result.stderr);
         |                                      ^
      47 |       expect(result.stdout).toContain('calendar fixture boundaries passed');
      48 |     },
      49 |   );

      at ../file:/home/nayuta/projects/trading-app/backend/node_modules/.pnpm/tsx@4.21.0/node_modules/tsx/dist/cli.mjs:53:31537
      at createIpcServer (../file:/home/nayuta/projects/trading-app/backend/node_modules/.pnpm/tsx@4.21.0/node_modules/tsx/dist/cli.mjs:53:31515)
      at ../async file:/home/nayuta/projects/trading-app/backend/node_modules/.pnpm/tsx@4.21.0/node_modules/tsx/dist/cli.mjs:55:459 {
        code: 'EPERM',
        errno: -1,
        syscall: 'listen',
        address: '/tmp/tsx-1000/255.pipe',
        port: -1
      }
      Node.js v24.14.1
      at orders/trading-session-fixture.spec.ts:46:38

[Nest] 23  - 10/10/2026, 2:45:49 PM   ERROR [GlobalHttpExceptionFilter] {"event":"admin_http_request_failed","surface":"authenticated_http","requestId":"futures-p0-request","code":"INTERNAL_SERVER_ERROR","httpStatus":500,"exceptionType":"Error","safeCause":{"category":"db_transaction_conflict","errorType":"Error","code":"P2034"}}
[Nest] 23  - 10/10/2026, 2:45:49 PM   ERROR [GlobalHttpExceptionFilter] {"event":"http_request_failed","surface":"authenticated_http","requestId":"futures-p0-request","code":"INTERNAL_SERVER_ERROR","httpStatus":500,"exceptionType":"Error","safeCause":{"category":"db_transaction_conflict","errorType":"Error","code":"P2034"}}
[Nest] 23  - 10/10/2026, 2:45:49 PM   ERROR [GlobalHttpExceptionFilter] {"event":"http_request_failed","surface":"authenticated_http","requestId":"futures-p0-request","code":"INTERNAL_SERVER_ERROR","httpStatus":500,"exceptionType":"Error","safeCause":{"category":"db_transaction_conflict","errorType":"Error","code":"P2034"}}
[Nest] 23  - 10/10/2026, 2:45:49 PM    WARN [GlobalHttpExceptionFilter] {"event":"admin_http_request_failed","surface":"authenticated_http","requestId":"futures-p0-request","code":"FUTURES_LIQUIDATION_REQUIRED","httpStatus":409,"exceptionType":"HttpException","safeCause":{"category":"unexpected_error","errorType":"HttpException"}}
[Nest] 23  - 10/10/2026, 2:45:49 PM    WARN [GlobalHttpExceptionFilter] {"event":"admin_http_request_failed","surface":"authenticated_http","requestId":"futures-p0-request","code":"FUTURES_MAINTENANCE_UNSAFE","httpStatus":409,"exceptionType":"HttpException","safeCause":{"category":"unexpected_error","errorType":"HttpException"}}
[Nest] 23  - 10/10/2026, 2:45:49 PM   ERROR [GlobalHttpExceptionFilter] {"event":"admin_http_request_failed","surface":"authenticated_http","requestId":"futures-p0-request","code":"FINANCIAL_SCOPE_REPAIR_REQUIRED","httpStatus":500,"exceptionType":"HttpException","safeCause":{"category":"unexpected_error","errorType":"HttpException"}}
[Nest] 23  - 10/10/2026, 2:45:49 PM    WARN [GlobalHttpExceptionFilter] {"event":"admin_http_request_failed","surface":"authenticated_http","requestId":"futures-p0-request","code":"INSUFFICIENT_FUTURES_FREE_COLLATERAL","httpStatus":409,"exceptionType":"HttpException","safeCause":{"category":"unexpected_error","errorType":"HttpException"}}
[Nest] 23  - 10/10/2026, 2:45:49 PM    WARN [GlobalHttpExceptionFilter] {"event":"admin_http_request_failed","surface":"authenticated_http","requestId":"futures-p0-request","code":"INSUFFICIENT_FUTURES_FREE_COLLATERAL","httpStatus":409,"exceptionType":"HttpException","safeCause":{"category":"unexpected_error","errorType":"HttpException"}}
[Nest] 23  - 10/10/2026, 2:45:49 PM    WARN [GlobalHttpExceptionFilter] {"event":"admin_http_request_failed","surface":"authenticated_http","requestId":"futures-p0-request","code":"INSUFFICIENT_FUTURES_FREE_COLLATERAL","httpStatus":409,"exceptionType":"HttpException","safeCause":{"category":"unexpected_error","errorType":"HttpException"}}
[Nest] 23  - 10/10/2026, 9:00:00 AM    WARN [FuturesLastPriceIngestion] FUTURES_LAST_PRICE_INVALID_FRAME
[Nest] 23  - 10/10/2026, 9:00:00 AM    WARN [FuturesLastPriceIngestion] FUTURES_LAST_PRICE_REST_UNAVAILABLE
[Nest] 23  - 10/10/2026, 2:45:50 PM    WARN [GlobalHttpExceptionFilter] {"event":"admin_http_request_failed","surface":"authenticated_http","requestId":"f3-diagnostic","code":"FUTURES_FINAL_PRICE_UNAVAILABLE","httpStatus":409,"exceptionType":"HttpException","safeCause":{"category":"unexpected_error","errorType":"HttpException"}}
[Nest] 23  - 10/10/2026, 2:45:50 PM   ERROR [GlobalHttpExceptionFilter] {"event":"admin_http_request_failed","surface":"authenticated_http","requestId":"f3-diagnostic","code":"FUTURES_PRICE_UNAVAILABLE","httpStatus":503,"exceptionType":"HttpException","safeCause":{"category":"unexpected_error","errorType":"HttpException"}}
[Nest] 23  - 10/10/2026, 2:45:50 PM   ERROR [GlobalHttpExceptionFilter] {"event":"admin_http_request_failed","surface":"authenticated_http","requestId":"f3-diagnostic","code":"FUTURES_PRICE_STALE","httpStatus":503,"exceptionType":"HttpException","safeCause":{"category":"unexpected_error","errorType":"HttpException"}}
[Nest] 23  - 10/10/2026, 2:45:50 PM    WARN [GlobalHttpExceptionFilter] {"event":"admin_http_request_failed","surface":"authenticated_http","requestId":"f3-diagnostic","code":"FUTURES_FINAL_SETTLEMENT_REQUIRED","httpStatus":409,"exceptionType":"HttpException","safeCause":{"category":"unexpected_error","errorType":"HttpException"}}
[Nest] 23  - 10/10/2026, 2:45:50 PM    WARN [GlobalHttpExceptionFilter] {"event":"admin_http_request_failed","surface":"authenticated_http","requestId":"f3-diagnostic","code":"FUTURES_FINAL_EVIDENCE_INTEGRITY","httpStatus":409,"exceptionType":"HttpException","safeCause":{"category":"unexpected_error","errorType":"HttpException"}}
[Nest] 23  - 10/10/2026, 2:45:50 PM    WARN [GlobalHttpExceptionFilter] {"event":"admin_http_request_failed","surface":"authenticated_http","requestId":"f3-diagnostic","code":"TRADING_ACCOUNT_SCOPE_MISMATCH","httpStatus":409,"exceptionType":"HttpException","safeCause":{"category":"unexpected_error","errorType":"HttpException"}}
[Nest] 23  - 10/10/2026, 2:45:50 PM    WARN [GlobalHttpExceptionFilter] {"event":"admin_http_request_failed","surface":"authenticated_http","requestId":"f3-diagnostic","code":"FUTURES_FINAL_SETTLEMENT_INTEGRITY","httpStatus":409,"exceptionType":"HttpException","safeCause":{"category":"unexpected_error","errorType":"HttpException"}}
[Nest] 23  - 10/10/2026, 2:45:50 PM    WARN [GlobalHttpExceptionFilter] {"event":"admin_http_request_failed","surface":"authenticated_http","requestId":"f3-diagnostic","code":"FINANCIAL_SCOPE_REPAIR_REQUIRED","httpStatus":409,"exceptionType":"HttpException","safeCause":{"category":"unexpected_error","errorType":"HttpException"}}
[Nest] 23  - 10/10/2026, 2:45:50 PM    WARN [GlobalHttpExceptionFilter] {"event":"admin_http_request_failed","surface":"authenticated_http","requestId":"f3-diagnostic","code":"FUTURES_FINAL_PRICE_UNAVAILABLE","httpStatus":409,"exceptionType":"HttpException","safeCause":{"category":"unexpected_error","errorType":"HttpException"}}
[Nest] 23  - 10/10/2026, 2:45:50 PM    WARN [GlobalHttpExceptionFilter] {"event":"admin_http_request_failed","surface":"authenticated_http","requestId":"f3-diagnostic","code":"FUTURES_COLLATERAL_INTEGRITY","httpStatus":409,"exceptionType":"HttpException","safeCause":{"category":"unexpected_error","errorType":"HttpException"}}
[Nest] 23  - 10/10/2026, 2:45:50 PM    WARN [GlobalHttpExceptionFilter] {"event":"admin_http_request_failed","surface":"authenticated_http","requestId":"f3-diagnostic","code":"FUTURES_FINAL_PRICE_UNAVAILABLE","httpStatus":409,"exceptionType":"HttpException","safeCause":{"category":"unexpected_error","errorType":"HttpException"}}
[Nest] 23  - 10/10/2026, 2:45:50 PM    WARN [GlobalHttpExceptionFilter] {"event":"admin_http_request_failed","surface":"authenticated_http","requestId":"f3-diagnostic","code":"UNAUTHORIZED","httpStatus":401,"exceptionType":"HttpException","safeCause":{"category":"unexpected_error","errorType":"HttpException"}}
[Nest] 23  - 10/10/2026, 2:45:50 PM     LOG [BinanceWebSocketStreamingService] Binance WebSocket streaming connected with 2 ticker/depth streams.
[Nest] 23  - 10/10/2026, 2:45:50 PM     LOG [BinanceWebSocketStreamingService] Binance WebSocket streaming connected with 2 ticker/depth streams.
[Nest] 23  - 10/10/2026, 2:45:50 PM     LOG [BinanceWebSocketStreamingService] Binance WebSocket streaming connected with 2 ticker/depth streams.
[Nest] 23  - 10/10/2026, 2:45:50 PM     LOG [BinanceWebSocketStreamingService] Binance WebSocket streaming connected with 3 ticker/depth streams.
[Nest] 23  - 10/10/2026, 2:45:50 PM    WARN [BinanceWebSocketStreamingService] Binance WebSocket streaming status changed to Error.
[Nest] 23  - 10/10/2026, 2:45:50 PM    WARN [BinanceWebSocketStreamingService] Binance WebSocket streaming failed: Error
[Nest] 23  - 10/10/2026, 2:45:50 PM    WARN [BinanceWebSocketStreamingService] Binance WebSocket streaming reconnect scheduled in 250ms after Error.
[Nest] 23  - 10/10/2026, 2:45:50 PM     LOG [BinanceWebSocketStreamingService] Binance WebSocket streaming connected with 2 ticker/depth streams.
[Nest] 23  - 10/10/2026, 2:45:50 PM     LOG [BinanceWebSocketStreamingService] Binance WebSocket streaming connected with 2 ticker/depth streams.
[Nest] 23  - 10/10/2026, 2:45:50 PM     LOG [BinanceWebSocketStreamingService] Binance WebSocket streaming connected with 2 ticker/depth streams.
[Nest] 23  - 10/10/2026, 2:45:50 PM    WARN [BinanceWebSocketStreamingService] Binance WebSocket streaming status changed to BINANCE_WEBSOCKET_CLOSED.
[Nest] 23  - 10/10/2026, 2:45:50 PM    WARN [BinanceWebSocketStreamingService] Binance WebSocket streaming reconnect scheduled in 250ms after BINANCE_WEBSOCKET_CLOSED.
[Nest] 23  - 10/10/2026, 2:45:50 PM     LOG [BinanceWebSocketStreamingService] Binance WebSocket streaming connected with 2 ticker/depth streams.
[Nest] 23  - 10/10/2026, 2:45:50 PM    WARN [BinanceWebSocketStreamingService] Binance WebSocket streaming status changed to BINANCE_SERVER_SHUTDOWN.
[Nest] 23  - 10/10/2026, 2:45:50 PM    WARN [BinanceWebSocketStreamingService] Binance WebSocket streaming reconnect scheduled in 250ms after BINANCE_SERVER_SHUTDOWN.
[Nest] 23  - 10/10/2026, 2:45:50 PM     LOG [BinanceWebSocketStreamingService] Binance WebSocket streaming connected with 2 ticker/depth streams.
[Nest] 23  - 10/07/2026, 9:00:00 AM    WARN [FuturesMarkIngestion] FUTURES_COVERAGE_UNAVAILABLE
[Nest] 23  - 10/07/2026, 9:00:00 AM    WARN [FuturesMarkIngestion] FUTURES_COVERAGE_UNAVAILABLE
[Nest] 23  - 10/07/2026, 9:00:06 AM    WARN [FuturesMarkIngestion] FUTURES_MARK_WS_UNAVAILABLE
[Nest] 23  - 10/10/2026, 2:45:51 PM    WARN [LiveCandleStreamSupervisorService] {"event":"live_candle_stream_reconnect","provider":"binance","reason":"Error","lastFrameAgeMs":null,"lastEventAt":null,"lastHeartbeatAt":null}
[Nest] 23  - 10/10/2026, 2:45:51 PM    WARN [LiveCandleStreamSupervisorService] {"event":"live_candle_stream_reconnect","provider":"binance","reason":"Error","lastFrameAgeMs":null,"lastEventAt":null,"lastHeartbeatAt":null}
[Nest] 23  - 10/10/2026, 2:47:46 PM    WARN [LiveCandleStreamSupervisorService] {"event":"live_candle_stream_reconnect","provider":"binance","reason":"liveness_timeout","lastFrameAgeMs":65000,"lastEventAt":null,"lastHeartbeatAt":"2026-10-10T05:46:41.713Z"}
[Nest] 23  - 10/10/2026, 2:45:51 PM   ERROR [SeasonSettlementJobService] {"event":"season_settlement_blocked_open_limit_reservations","seasonId":"season-1","openLimitOrderCount":2,"reservedWalletCount":0,"reservedPositionCount":0,"activeProtectionCount":0,"openFuturesEntryCount":0,"recovery":"run season lifecycle transition cleanup to cancel open limit orders and release reservations, then retry settlement"}
[Nest] 23  - 10/10/2026, 2:45:51 PM   ERROR [SeasonSettlementJobService] {"event":"season_settlement_blocked_open_limit_reservations","seasonId":"season-1","openLimitOrderCount":0,"reservedWalletCount":1,"reservedPositionCount":0,"activeProtectionCount":0,"openFuturesEntryCount":0,"recovery":"run season lifecycle transition cleanup to cancel open limit orders and release reservations, then retry settlement"}
[Nest] 23  - 10/10/2026, 2:45:51 PM   ERROR [SeasonSettlementJobService] {"event":"season_settlement_blocked_open_limit_reservations","seasonId":"season-1","openLimitOrderCount":0,"reservedWalletCount":0,"reservedPositionCount":0,"activeProtectionCount":0,"openFuturesEntryCount":1,"recovery":"run season lifecycle transition cleanup to cancel open limit orders and release reservations, then retry settlement"}
[Nest] 23  - 10/10/2026, 2:45:51 PM   ERROR [SeasonSettlementJobService] {"event":"season_settlement_blocked_open_limit_reservations","seasonId":"season-1","openLimitOrderCount":0,"reservedWalletCount":0,"reservedPositionCount":0,"activeProtectionCount":0,"openFuturesEntryCount":1,"recovery":"run season lifecycle transition cleanup to cancel open limit orders and release reservations, then retry settlement"}
[Nest] 23  - 10/10/2026, 2:45:52 PM   ERROR [GlobalHttpExceptionFilter] {"event":"admin_http_request_failed","surface":"authenticated_http","requestId":"383e506a-7f92-48ad-95b7-70ff01c9032c","code":"TRADING_ACCOUNT_INTEGRITY","httpStatus":500,"exceptionType":"HttpException","safeCause":{"category":"unexpected_error","errorType":"HttpException"}}
[Nest] 23  - 10/10/2026, 2:45:52 PM   ERROR [GlobalHttpExceptionFilter] {"event":"http_request_failed","surface":"pre_auth_http","code":"TRADING_ACCOUNT_SCOPE_MISMATCH","httpStatus":500,"exceptionType":"HttpException","safeCause":{"category":"unexpected_error","errorType":"HttpException"}}
[Nest] 23  - 10/10/2026, 2:45:52 PM   ERROR [GlobalHttpExceptionFilter] {"event":"http_request_failed","surface":"pre_auth_http","code":"CASH_WALLET_INVALID","httpStatus":500,"exceptionType":"HttpException","safeCause":{"category":"unexpected_error","errorType":"HttpException"}}
[Nest] 23  - 10/10/2026, 2:45:52 PM   ERROR [GlobalHttpExceptionFilter] {"event":"http_request_failed","surface":"pre_auth_http","code":"INVALID_INITIAL_CAPITAL","httpStatus":500,"exceptionType":"HttpException","safeCause":{"category":"unexpected_error","errorType":"HttpException"}}
[Nest] 23  - 10/10/2026, 2:45:52 PM   ERROR [GlobalHttpExceptionFilter] {"event":"http_request_failed","surface":"pre_auth_http","code":"POSITION_INVALID","httpStatus":500,"exceptionType":"HttpException","safeCause":{"category":"unexpected_error","errorType":"HttpException"}}
[Nest] 23  - 10/10/2026, 2:45:52 PM   ERROR [GlobalHttpExceptionFilter] {"event":"http_request_failed","surface":"pre_auth_http","code":"INVALID_DECIMAL","httpStatus":500,"exceptionType":"HttpException","safeCause":{"category":"unexpected_error","errorType":"HttpException"}}
[Nest] 23  - 10/10/2026, 2:45:52 PM   ERROR [GlobalHttpExceptionFilter] {"event":"http_request_failed","surface":"pre_auth_http","code":"INTERNAL_SERVER_ERROR","httpStatus":500,"exceptionType":"Error","safeCause":{"category":"unexpected_error","errorType":"Error"}}
[Nest] 23  - 10/10/2026, 2:45:52 PM    WARN [GlobalHttpExceptionFilter] {"event":"http_request_failed","surface":"pre_auth_http","code":"TRADING_ACCOUNT_NOT_FOUND","httpStatus":404,"exceptionType":"HttpException","safeCause":{"category":"unexpected_error","errorType":"HttpException"}}
[Nest] 23  - 10/10/2026, 2:45:52 PM   ERROR [GlobalHttpExceptionFilter] {"event":"http_request_failed","surface":"pre_auth_http","code":"TRADING_ACCOUNT_SCOPE_MISMATCH","httpStatus":500,"exceptionType":"HttpException","safeCause":{"category":"unexpected_error","errorType":"HttpException"}}
[Nest] 23  - 10/10/2026, 2:45:52 PM   ERROR [GlobalHttpExceptionFilter] {"event":"http_request_failed","surface":"pre_auth_http","code":"CASH_WALLET_INVALID","httpStatus":500,"exceptionType":"HttpException","safeCause":{"category":"unexpected_error","errorType":"HttpException"}}
[Nest] 23  - 10/10/2026, 2:45:52 PM   ERROR [GlobalHttpExceptionFilter] {"event":"http_request_failed","surface":"pre_auth_http","code":"INVALID_INITIAL_CAPITAL","httpStatus":500,"exceptionType":"HttpException","safeCause":{"category":"unexpected_error","errorType":"HttpException"}}
[Nest] 23  - 10/10/2026, 2:45:52 PM   ERROR [GlobalHttpExceptionFilter] {"event":"http_request_failed","surface":"pre_auth_http","code":"POSITION_INVALID","httpStatus":500,"exceptionType":"HttpException","safeCause":{"category":"unexpected_error","errorType":"HttpException"}}
[Nest] 23  - 10/10/2026, 2:45:52 PM   ERROR [GlobalHttpExceptionFilter] {"event":"http_request_failed","surface":"pre_auth_http","code":"INVALID_DECIMAL","httpStatus":500,"exceptionType":"HttpException","safeCause":{"category":"unexpected_error","errorType":"HttpException"}}
[Nest] 23  - 10/10/2026, 2:45:52 PM   ERROR [GlobalHttpExceptionFilter] {"event":"http_request_failed","surface":"pre_auth_http","code":"INTERNAL_SERVER_ERROR","httpStatus":500,"exceptionType":"Error","safeCause":{"category":"unexpected_error","errorType":"Error"}}
[Nest] 23  - 10/10/2026, 2:45:52 PM    WARN [GlobalHttpExceptionFilter] {"event":"http_request_failed","surface":"pre_auth_http","code":"TRADING_ACCOUNT_NOT_FOUND","httpStatus":404,"exceptionType":"HttpException","safeCause":{"category":"unexpected_error","errorType":"HttpException"}}
[Nest] 23  - 10/10/2026, 2:45:52 PM   ERROR [GlobalHttpExceptionFilter] {"event":"admin_http_request_failed","surface":"authenticated_http","requestId":"f8039d94-5c56-41fc-bd56-62017308c023","code":"TRADING_ACCOUNT_SCOPE_MISMATCH","httpStatus":500,"exceptionType":"HttpException","safeCause":{"category":"unexpected_error","errorType":"HttpException"}}
[Nest] 23  - 10/10/2026, 2:45:53 PM     LOG [LimitOrderCancelService] {"event":"limit_order_season_end_cleanup","canceledOrderCount":2}
[Nest] 23  - 10/10/2026, 2:45:53 PM     LOG [KisWebSocketStreamingService] KIS WebSocket streaming connected with 1 subscriptions.
[Nest] 23  - 10/10/2026, 2:45:53 PM     LOG [KisWebSocketStreamingService] KIS WebSocket streaming connected with 1 subscriptions.
[Nest] 23  - 10/10/2026, 2:45:53 PM     LOG [KisWebSocketStreamingService] KIS WebSocket streaming connected with 1 subscriptions.
[Nest] 23  - 10/10/2026, 2:45:53 PM    WARN [KisWebSocketStreamingService] KIS WebSocket streaming status changed to KIS_SUBSCRIPTION_ACK_FAILED.
[Nest] 23  - 10/10/2026, 2:45:53 PM    WARN [KisWebSocketStreamingService] KIS subscription ACK failed: trId=H0STCNT0 code=OPSP9999 message=Rejected [REDACTED] [REDACTED] [REDACTED]
[Nest] 23  - 10/10/2026, 2:45:53 PM    WARN [KisWebSocketStreamingService] KIS WebSocket streaming reconnect scheduled in 250ms after KIS_SUBSCRIPTION_ACK_FAILED.
[Nest] 23  - 10/10/2026, 2:45:53 PM     LOG [KisWebSocketStreamingService] KIS WebSocket streaming connected with 1 subscriptions.
[Nest] 23  - 10/10/2026, 2:45:53 PM     LOG [KisWebSocketStreamingService] KIS WebSocket streaming connected with 1 subscriptions.
[Nest] 23  - 10/10/2026, 2:45:53 PM     LOG [KisWebSocketStreamingService] KIS WebSocket streaming connected with 1 subscriptions.
[Nest] 23  - 10/10/2026, 2:45:53 PM     LOG [KisWebSocketStreamingService] KIS WebSocket streaming connected with 1 subscriptions.
[Nest] 23  - 10/10/2026, 2:45:53 PM    WARN [KisWebSocketStreamingService] KIS WebSocket streaming status changed to KIS_WEBSOCKET_CLOSED.
[Nest] 23  - 10/10/2026, 2:45:53 PM    WARN [KisWebSocketStreamingService] KIS WebSocket streaming reconnect scheduled in 250ms after KIS_WEBSOCKET_CLOSED.
[Nest] 23  - 10/10/2026, 2:45:53 PM     LOG [KisWebSocketStreamingService] KIS WebSocket streaming connected with 1 subscriptions.
[Nest] 23  - 10/10/2026, 2:45:53 PM   ERROR [GlobalHttpExceptionFilter] {"event":"http_request_failed","surface":"pre_auth_http","code":"FUTURES_MARK_UNAVAILABLE","httpStatus":503,"exceptionType":"HttpException","safeCause":{"category":"unexpected_error","errorType":"HttpException"}}
[Nest] 23  - 10/10/2026, 2:45:53 PM   ERROR [GlobalHttpExceptionFilter] {"event":"http_request_failed","surface":"pre_auth_http","code":"FUTURES_MARK_STALE","httpStatus":503,"exceptionType":"HttpException","safeCause":{"category":"unexpected_error","errorType":"HttpException"}}
[Nest] 23  - 10/10/2026, 2:45:53 PM   ERROR [GlobalHttpExceptionFilter] {"event":"http_request_failed","surface":"pre_auth_http","code":"FUTURES_MARK_UNAVAILABLE","httpStatus":503,"exceptionType":"HttpException","safeCause":{"category":"unexpected_error","errorType":"HttpException"}}
[Nest] 23  - 10/10/2026, 2:45:53 PM   ERROR [GlobalHttpExceptionFilter] {"event":"http_request_failed","surface":"pre_auth_http","code":"FUTURES_MARK_STALE","httpStatus":503,"exceptionType":"HttpException","safeCause":{"category":"unexpected_error","errorType":"HttpException"}}
[Nest] 23  - 10/10/2026, 2:45:53 PM   ERROR [GlobalHttpExceptionFilter] {"event":"http_request_failed","surface":"pre_auth_http","code":"FUTURES_MARK_UNAVAILABLE","httpStatus":503,"exceptionType":"HttpException","safeCause":{"category":"unexpected_error","errorType":"HttpException"}}
[Nest] 23  - 10/10/2026, 2:45:53 PM   ERROR [GlobalHttpExceptionFilter] {"event":"http_request_failed","surface":"pre_auth_http","code":"FUTURES_MARK_STALE","httpStatus":503,"exceptionType":"HttpException","safeCause":{"category":"unexpected_error","errorType":"HttpException"}}
[Nest] 23  - 10/10/2026, 2:45:53 PM     LOG [CandleServingService] {"event":"candle_delivery","state":"legacy_provider","assetId":"asset-1","interval":"5m","range":"1d","limit":100,"reason":"serving_mode_legacy"}
[Nest] 23  - 10/10/2026, 2:45:53 PM     LOG [CandleServingService] {"event":"candle_delivery","state":"fresh_cache","assetId":"asset-1","interval":"5m","range":"1d","limit":100,"sourceInterval":"5m","requiresAggregation":false,"requestedFrom":"2026-07-12T00:00:00.000Z","requestedTo":"2026-07-13T00:00:00.000Z","sourceFrom":"2026-07-12T00:00:00.000Z","sourceTo":"2026-07-13T00:00:00.000Z"}
[Nest] 23  - 10/10/2026, 2:45:53 PM     LOG [CandleServingService] {"event":"candle_delivery","state":"database_fresh","assetId":"asset-1","interval":"5m","range":"1d","limit":100,"sourceInterval":"5m","requiresAggregation":false,"requestedFrom":"2026-07-12T00:00:00.000Z","requestedTo":"2026-07-13T00:00:00.000Z","sourceFrom":"2026-07-12T00:00:00.000Z","sourceTo":"2026-07-13T00:00:00.000Z","completedCoverage":true}
[Nest] 23  - 10/10/2026, 2:45:53 PM     LOG [CandleServingService] {"event":"candle_delivery","state":"provider_refreshed","assetId":"asset-1","interval":"5m","range":"1d","limit":100,"sourceInterval":"5m","requiresAggregation":false,"requestedFrom":"2026-07-12T00:00:00.000Z","requestedTo":"2026-07-13T00:00:00.000Z","sourceFrom":"2026-07-12T00:00:00.000Z","sourceTo":"2026-07-13T00:00:00.000Z","completedCoverage":true}
[Nest] 23  - 10/10/2026, 2:45:53 PM     LOG [CandleServingService] {"event":"candle_delivery","state":"stale_cache_fallback","assetId":"asset-1","interval":"5m","range":"1d","limit":100,"sourceInterval":"5m","requiresAggregation":false,"requestedFrom":"2026-07-12T00:00:00.000Z","requestedTo":"2026-07-13T00:00:00.000Z","sourceFrom":"2026-07-12T00:00:00.000Z","sourceTo":"2026-07-13T00:00:00.000Z","reason":"CandleOperationalRefreshError"}
[Nest] 23  - 10/10/2026, 2:45:53 PM     LOG [CandleServingService] {"event":"candle_delivery","state":"database_fallback","assetId":"asset-1","interval":"5m","range":"1d","limit":100,"sourceInterval":"5m","requiresAggregation":false,"requestedFrom":"2026-07-12T00:00:00.000Z","requestedTo":"2026-07-13T00:00:00.000Z","sourceFrom":"2026-07-12T00:00:00.000Z","sourceTo":"2026-07-13T00:00:00.000Z","completedCoverage":true,"reason":"refresh_incomplete_db_satisfied"}
[Nest] 23  - 10/10/2026, 2:45:53 PM     LOG [CandleServingService] {"event":"candle_delivery","state":"legacy_provider","assetId":"asset-1","interval":"5m","range":"1d","limit":100,"sourceInterval":"5m","requiresAggregation":false,"requestedFrom":"2026-07-12T00:00:00.000Z","requestedTo":"2026-07-13T00:00:00.000Z","sourceFrom":"2026-07-12T00:00:00.000Z","sourceTo":"2026-07-13T00:00:00.000Z","reason":"interval_not_persisted"}
[Nest] 23  - 10/10/2026, 2:45:53 PM     LOG [CandleServingService] {"event":"candle_delivery","state":"legacy_provider","assetId":"asset-1","interval":"5m","range":"1d","limit":100,"sourceInterval":"5m","requiresAggregation":false,"requestedFrom":"2026-07-12T00:00:00.000Z","requestedTo":"2026-07-13T00:00:00.000Z","sourceFrom":"2026-07-10T00:00:00.000Z","sourceTo":"2026-07-13T00:00:00.000Z","reason":"cold_baseline_required","coverageStatus":"insufficient","coveredTo":null,"coverageInteriorGap":false,"storedCandles":0,"droppedIncompleteBuckets":0}
[Nest] 23  - 10/10/2026, 2:45:53 PM    WARN [CandleServingService] {"event":"candle_delivery_failed","state":"baseline_not_ready","assetId":"asset-1","interval":"30m","range":"1d","limit":100,"sourceInterval":"5m","requiresAggregation":true,"requestedFrom":"2026-06-29T00:00:00.000Z","requestedTo":"2026-07-13T00:00:00.000Z","sourceFrom":"2026-06-28T20:00:00.000Z","sourceTo":"2026-07-13T00:00:00.000Z","reason":"cold_baseline_required","coverageStatus":"insufficient","coveredTo":null,"coverageInteriorGap":false,"storedCandles":0,"droppedIncompleteBuckets":0}
[Nest] 23  - 10/10/2026, 2:45:53 PM    WARN [CandleServingService] {"event":"candle_delivery_failed","state":"baseline_not_ready","assetId":"asset-1","interval":"1h","range":"1d","limit":100,"sourceInterval":"5m","requiresAggregation":true,"requestedFrom":"2026-06-29T00:00:00.000Z","requestedTo":"2026-07-13T00:00:00.000Z","sourceFrom":"2026-06-28T20:00:00.000Z","sourceTo":"2026-07-13T00:00:00.000Z","reason":"cold_baseline_required","coverageStatus":"insufficient","coveredTo":null,"coverageInteriorGap":false,"storedCandles":0,"droppedIncompleteBuckets":0}
[Nest] 23  - 10/10/2026, 2:45:53 PM    WARN [CandleServingService] {"event":"candle_delivery_failed","state":"baseline_not_ready","assetId":"asset-1","interval":"4h","range":"1d","limit":100,"sourceInterval":"5m","requiresAggregation":true,"requestedFrom":"2026-06-13T00:00:00.000Z","requestedTo":"2026-07-13T00:00:00.000Z","sourceFrom":"2026-06-12T20:00:00.000Z","sourceTo":"2026-07-13T00:00:00.000Z","reason":"cold_baseline_required","coverageStatus":"insufficient","coveredTo":null,"coverageInteriorGap":false,"storedCandles":0,"droppedIncompleteBuckets":0}
[Nest] 23  - 10/10/2026, 2:45:53 PM    WARN [CandleServingService] {"event":"candle_delivery_failed","state":"baseline_not_ready","assetId":"asset-1","interval":"15m","range":"1d","limit":100,"sourceInterval":"5m","requiresAggregation":true,"requestedFrom":"2026-07-06T00:00:00.000Z","requestedTo":"2026-07-13T00:00:00.000Z","sourceFrom":"2026-07-05T20:00:00.000Z","sourceTo":"2026-07-13T00:00:00.000Z","reason":"cold_baseline_required","coverageStatus":"insufficient","coveredTo":null,"coverageInteriorGap":false,"storedCandles":0,"droppedIncompleteBuckets":0}
[Nest] 23  - 10/10/2026, 2:45:53 PM     LOG [CandleServingService] {"event":"candle_delivery","state":"database_partial","assetId":"asset-1","interval":"30m","range":"1d","limit":100,"sourceInterval":"5m","requiresAggregation":true,"requestedFrom":"2026-06-29T00:00:00.000Z","requestedTo":"2026-07-13T00:00:00.000Z","sourceFrom":"2026-06-28T20:00:00.000Z","sourceTo":"2026-07-13T00:00:00.000Z","reason":"cold_baseline_partial_window","coverageStatus":"insufficient","coveredTo":null,"coverageInteriorGap":false,"storedCandles":96,"droppedIncompleteBuckets":0}
[Nest] 23  - 10/10/2026, 2:45:53 PM     LOG [CandleServingService] {"event":"candle_delivery","state":"database_fresh","assetId":"asset-1","interval":"4h","range":"1d","limit":100,"sourceInterval":"5m","requiresAggregation":true,"requestedFrom":"2026-06-13T00:00:00.000Z","requestedTo":"2026-07-13T00:00:00.000Z","sourceFrom":"2026-06-12T20:00:00.000Z","sourceTo":"2026-07-13T00:00:00.000Z","completedCoverage":false}
[Nest] 23  - 10/10/2026, 2:45:53 PM    WARN [CandleServingService] {"event":"candle_delivery_failed","state":"baseline_not_ready","assetId":"asset-1","interval":"1h","range":"1d","limit":100,"sourceInterval":"5m","requiresAggregation":true,"requestedFrom":"2026-06-29T00:00:00.000Z","requestedTo":"2026-07-13T00:00:00.000Z","sourceFrom":"2026-06-28T20:00:00.000Z","sourceTo":"2026-07-13T00:00:00.000Z","reason":"cold_baseline_required","coverageStatus":"insufficient","coveredTo":null,"coverageInteriorGap":false,"storedCandles":0,"droppedIncompleteBuckets":0}
[Nest] 23  - 10/10/2026, 2:45:53 PM     LOG [CandleServingService] {"event":"candle_delivery","state":"database_partial","assetId":"asset-1","interval":"5m","range":"1d","limit":100,"sourceInterval":"5m","requiresAggregation":false,"requestedFrom":"2026-07-11T12:00:00.000Z","requestedTo":"2026-07-13T00:00:00.000Z","sourceFrom":"2026-07-11T12:00:00.000Z","sourceTo":"2026-07-13T00:00:00.000Z","reason":"coverage_unconfirmed","syncStopReason":"data_incomplete","syncErrorCode":null,"coverageStatus":"insufficient","coveredTo":null,"coverageInteriorGap":false,"storedCandles":137,"droppedIncompleteBuckets":0}
[Nest] 23  - 10/10/2026, 2:45:53 PM     LOG [CandleServingService] {"event":"candle_delivery","state":"legacy_provider","assetId":"asset-1","interval":"1d","range":"1d","limit":100,"sourceInterval":"1d","requiresAggregation":false,"requestedFrom":"2026-07-12T00:00:00.000Z","requestedTo":"2026-07-13T00:00:00.000Z","sourceFrom":"2025-07-13T00:00:00.000Z","sourceTo":"2026-07-13T00:00:00.000Z","reason":"cold_baseline_required","coverageStatus":"insufficient","coveredTo":null,"coverageInteriorGap":false,"storedCandles":0,"droppedIncompleteBuckets":0}
[Nest] 23  - 10/10/2026, 2:45:53 PM     LOG [CandleServingService] {"event":"candle_delivery","state":"database_fresh","assetId":"asset-1","interval":"4h","range":"1d","limit":100,"sourceInterval":"5m","requiresAggregation":true,"requestedFrom":"2026-06-13T00:00:00.000Z","requestedTo":"2026-07-13T00:00:00.000Z","sourceFrom":"2026-06-12T20:00:00.000Z","sourceTo":"2026-07-13T00:00:00.000Z","completedCoverage":true}
[Nest] 23  - 10/10/2026, 2:45:53 PM     LOG [CandleServingService] {"event":"candle_delivery","state":"legacy_provider","assetId":"asset-1","interval":"4h","range":"1d","limit":100,"reason":"serving_mode_legacy"}
[Nest] 23  - 10/10/2026, 2:45:53 PM     LOG [CandleServingService] {"event":"candle_delivery","state":"database_partial","assetId":"asset-1","interval":"4h","range":"1d","limit":100,"sourceInterval":"5m","requiresAggregation":true,"requestedFrom":"2026-06-13T00:00:00.000Z","requestedTo":"2026-07-13T00:00:00.000Z","sourceFrom":"2026-06-12T20:00:00.000Z","sourceTo":"2026-07-13T00:00:00.000Z","reason":"incomplete_buckets_dropped","syncStopReason":null,"syncErrorCode":null,"coverageStatus":"complete","coveredTo":"2026-07-13T00:00:00.000Z","coverageInteriorGap":false,"storedCandles":1,"droppedIncompleteBuckets":2}
[Nest] 23  - 10/10/2026, 2:45:53 PM    WARN [CandleServingService] {"event":"candle_delivery_failed","state":"managed_unresolved","assetId":"asset-1","interval":"5m","range":"1d","limit":100,"sourceInterval":"5m","requiresAggregation":false,"requestedFrom":"2026-07-12T00:00:00.000Z","requestedTo":"2026-07-13T00:00:00.000Z","sourceFrom":"2026-07-12T00:00:00.000Z","sourceTo":"2026-07-13T00:00:00.000Z","reason":"CandleOperationalRefreshError","safeCause":{"category":"unexpected_error","errorType":"Error"}}
[Nest] 23  - 10/10/2026, 2:45:53 PM    WARN [CandleServingService] {"event":"candle_delivery_failed","state":"managed_unresolved","assetId":"asset-1","interval":"5m","range":"1d","limit":100,"sourceInterval":"5m","requiresAggregation":false,"requestedFrom":"2026-07-12T00:00:00.000Z","requestedTo":"2026-07-13T00:00:00.000Z","sourceFrom":"2026-07-12T00:00:00.000Z","sourceTo":"2026-07-13T00:00:00.000Z","reason":"CandleOperationalRefreshError","safeCause":{"category":"unexpected_error","errorType":"Error"}}
[Nest] 23  - 10/10/2026, 2:45:53 PM    WARN [CandleServingService] {"event":"candle_delivery_failed","state":"managed_unresolved","assetId":"asset-2","interval":"5m","range":"1d","limit":100,"sourceInterval":"5m","requiresAggregation":false,"requestedFrom":"2026-07-12T00:00:00.000Z","requestedTo":"2026-07-13T00:00:00.000Z","sourceFrom":"2026-07-12T00:00:00.000Z","sourceTo":"2026-07-13T00:00:00.000Z","reason":"CandleOperationalRefreshError","safeCause":{"category":"unexpected_error","errorType":"Error"}}
[Nest] 23  - 10/10/2026, 2:45:53 PM     LOG [CandleServingService] {"event":"candle_delivery","state":"stale_cache_fallback","assetId":"asset-1","interval":"5m","range":"1d","limit":100,"sourceInterval":"5m","requiresAggregation":false,"requestedFrom":"2026-07-12T00:00:00.000Z","requestedTo":"2026-07-13T00:00:00.000Z","sourceFrom":"2026-07-12T00:00:00.000Z","sourceTo":"2026-07-13T00:00:00.000Z","reason":"PrismaClientInitializationError","failureStage":"candle_database_read","safeCause":{"category":"database_failure","errorType":"PrismaClientInitializationError"}}
[Nest] 23  - 10/10/2026, 2:45:53 PM     LOG [CandleServingService] {"event":"candle_delivery","state":"stale_cache_fallback","assetId":"asset-1","interval":"5m","range":"1d","limit":100,"sourceInterval":"5m","requiresAggregation":false,"requestedFrom":"2026-07-12T00:00:00.000Z","requestedTo":"2026-07-13T00:00:00.000Z","sourceFrom":"2026-07-12T00:00:00.000Z","sourceTo":"2026-07-13T00:00:00.000Z","reason":"PrismaClientKnownRequestError","failureStage":"candle_database_read","safeCause":{"category":"database_failure","errorType":"PrismaClientKnownRequestError"}}
[Nest] 23  - 10/10/2026, 2:45:53 PM     LOG [CandleServingService] {"event":"candle_delivery","state":"fresh_cache","assetId":"asset-1","interval":"5m","range":"1d","limit":100,"sourceInterval":"5m","requiresAggregation":false,"requestedFrom":"2026-07-12T00:00:00.000Z","requestedTo":"2026-07-13T00:00:00.000Z","sourceFrom":"2026-07-12T00:00:00.000Z","sourceTo":"2026-07-13T00:00:00.000Z"}
[Nest] 23  - 10/10/2026, 2:45:53 PM     LOG [CandleServingService] {"event":"candle_delivery","state":"stale_cache_fallback","assetId":"asset-1","interval":"5m","range":"1d","limit":100,"sourceInterval":"5m","requiresAggregation":false,"requestedFrom":"2026-07-12T00:00:00.000Z","requestedTo":"2026-07-13T00:00:00.000Z","sourceFrom":"2026-07-12T00:00:00.000Z","sourceTo":"2026-07-13T00:00:00.000Z","reason":"PrismaClientInitializationError","failureStage":"candle_database_read","safeCause":{"category":"database_failure","errorType":"PrismaClientInitializationError"}}
[Nest] 23  - 10/10/2026, 2:45:53 PM     LOG [CandleServingService] {"event":"candle_delivery","state":"database_fresh","assetId":"asset-1","interval":"5m","range":"1d","limit":100,"sourceInterval":"5m","requiresAggregation":false,"requestedFrom":"2026-07-12T00:00:00.000Z","requestedTo":"2026-07-13T00:00:00.000Z","sourceFrom":"2026-07-12T00:00:00.000Z","sourceTo":"2026-07-13T00:00:00.000Z","completedCoverage":true}
[Nest] 23  - 10/10/2026, 2:45:53 PM    WARN [CandleServingService] {"event":"candle_delivery_failed","state":"managed_unresolved","assetId":"asset-1","interval":"5m","range":"1d","limit":100,"sourceInterval":"5m","requiresAggregation":false,"requestedFrom":"2026-07-12T00:00:00.000Z","requestedTo":"2026-07-13T00:00:00.000Z","sourceFrom":"2026-07-12T00:00:00.000Z","sourceTo":"2026-07-13T00:00:00.000Z","reason":"P1001","safeCause":{"category":"db_connection_failed","errorType":"Error","code":"P1001"}}
[Nest] 23  - 10/10/2026, 2:45:53 PM    WARN [GlobalHttpExceptionFilter] {"event":"admin_http_request_failed","surface":"authenticated_http","requestId":"foundation-request","code":"WALLET_FAILURE","httpStatus":409,"exceptionType":"HttpException","safeCause":{"category":"unexpected_error","errorType":"HttpException"}}
[Nest] 23  - 10/10/2026, 2:45:53 PM    WARN [GlobalHttpExceptionFilter] {"event":"admin_http_request_failed","surface":"authenticated_http","requestId":"foundation-request","code":"WALLET_FAILURE","httpStatus":409,"exceptionType":"HttpException","safeCause":{"category":"unexpected_error","errorType":"HttpException"}}
[Nest] 23  - 10/10/2026, 2:45:53 PM    WARN [GlobalHttpExceptionFilter] {"event":"admin_http_request_failed","surface":"authenticated_http","requestId":"foundation-request","code":"WALLET_FAILURE","httpStatus":409,"exceptionType":"HttpException","safeCause":{"category":"unexpected_error","errorType":"HttpException"}}
[Nest] 23  - 10/10/2026, 2:45:53 PM    WARN [GlobalHttpExceptionFilter] {"event":"admin_http_request_failed","surface":"authenticated_http","requestId":"foundation-request","code":"WALLET_FAILURE","httpStatus":409,"exceptionType":"HttpException","safeCause":{"category":"unexpected_error","errorType":"HttpException"}}
[Nest] 23  - 10/10/2026, 2:45:53 PM    WARN [GlobalHttpExceptionFilter] {"event":"admin_http_request_failed","surface":"authenticated_http","requestId":"foundation-request","code":"WALLET_FAILURE","httpStatus":409,"exceptionType":"HttpException","safeCause":{"category":"unexpected_error","errorType":"HttpException"}}
[Nest] 23  - 10/10/2026, 2:45:53 PM    WARN [GlobalHttpExceptionFilter] {"event":"admin_http_request_failed","surface":"authenticated_http","requestId":"foundation-request","code":"PROTECTION_POSITION_UNAVAILABLE","httpStatus":409,"exceptionType":"HttpException","safeCause":{"category":"unexpected_error","errorType":"HttpException"}}
[Nest] 23  - 10/10/2026, 2:45:53 PM    WARN [GlobalHttpExceptionFilter] {"event":"admin_http_request_failed","surface":"authenticated_http","requestId":"foundation-request","code":"PROTECTION_POSITION_UNAVAILABLE","httpStatus":409,"exceptionType":"HttpException","safeCause":{"category":"unexpected_error","errorType":"HttpException"}}
[Nest] 23  - 10/10/2026, 2:45:53 PM    WARN [GlobalHttpExceptionFilter] {"event":"admin_http_request_failed","surface":"authenticated_http","requestId":"foundation-request","code":"PROTECTION_CHILD_CHANGED","httpStatus":409,"exceptionType":"HttpException","safeCause":{"category":"unexpected_error","errorType":"HttpException"}}
[Nest] 23  - 10/10/2026, 2:45:53 PM    WARN [GlobalHttpExceptionFilter] {"event":"admin_http_request_failed","surface":"authenticated_http","requestId":"foundation-request","code":"PROTECTION_CHILD_CHANGED","httpStatus":409,"exceptionType":"HttpException","safeCause":{"category":"unexpected_error","errorType":"HttpException"}}
[Nest] 23  - 10/10/2026, 2:45:53 PM    WARN [GlobalHttpExceptionFilter] {"event":"admin_http_request_failed","surface":"authenticated_http","requestId":"foundation-request","code":"CONDITIONAL_LIMIT_UNAVAILABLE","httpStatus":409,"exceptionType":"HttpException","safeCause":{"category":"unexpected_error","errorType":"HttpException"}}
[Nest] 23  - 10/10/2026, 2:45:53 PM    WARN [GlobalHttpExceptionFilter] {"event":"admin_http_request_failed","surface":"authenticated_http","requestId":"foundation-request","code":"FUTURES_FINAL_SETTLEMENT_REQUIRED","httpStatus":409,"exceptionType":"HttpException","safeCause":{"category":"unexpected_error","errorType":"HttpException"}}
[Nest] 23  - 10/10/2026, 2:45:53 PM    WARN [GlobalHttpExceptionFilter] {"event":"admin_http_request_failed","surface":"authenticated_http","requestId":"foundation-request","code":"SEASON_NOT_ENDED","httpStatus":409,"exceptionType":"HttpException","safeCause":{"category":"unexpected_error","errorType":"HttpException"}}
[Nest] 23  - 10/10/2026, 2:45:53 PM    WARN [GlobalHttpExceptionFilter] {"event":"admin_http_request_failed","surface":"authenticated_http","requestId":"foundation-request","code":"OPEN_LIMIT_ORDER_RESERVATIONS","httpStatus":409,"exceptionType":"HttpException","safeCause":{"category":"unexpected_error","errorType":"HttpException"}}
[Nest] 23  - 10/10/2026, 2:45:53 PM    WARN [GlobalHttpExceptionFilter] {"event":"admin_http_request_failed","surface":"authenticated_http","requestId":"foundation-request","code":"FUTURES_FINAL_PRICE_UNAVAILABLE","httpStatus":409,"exceptionType":"HttpException","safeCause":{"category":"unexpected_error","errorType":"HttpException"}}
[Nest] 23  - 10/10/2026, 2:45:53 PM    WARN [GlobalHttpExceptionFilter] {"event":"admin_http_request_failed","surface":"authenticated_http","requestId":"foundation-request","code":"FUTURES_FINAL_PRICE_UNAVAILABLE","httpStatus":409,"exceptionType":"HttpException","safeCause":{"category":"unexpected_error","errorType":"HttpException"}}
[Nest] 23  - 10/10/2026, 2:45:53 PM    WARN [GlobalHttpExceptionFilter] {"event":"admin_http_request_failed","surface":"authenticated_http","requestId":"foundation-request","code":"FUTURES_FINAL_PRICE_UNAVAILABLE","httpStatus":409,"exceptionType":"HttpException","safeCause":{"category":"unexpected_error","errorType":"HttpException"}}
[Nest] 23  - 10/10/2026, 2:45:53 PM    WARN [GlobalHttpExceptionFilter] {"event":"admin_http_request_failed","surface":"authenticated_http","requestId":"foundation-request","code":"FUTURES_FINAL_EVIDENCE_INTEGRITY","httpStatus":409,"exceptionType":"HttpException","safeCause":{"category":"unexpected_error","errorType":"HttpException"}}
[Nest] 23  - 10/10/2026, 2:45:53 PM    WARN [GlobalHttpExceptionFilter] {"event":"admin_http_request_failed","surface":"authenticated_http","requestId":"foundation-request","code":"FUTURES_FINAL_SETTLEMENT_INTEGRITY","httpStatus":409,"exceptionType":"HttpException","safeCause":{"category":"unexpected_error","errorType":"HttpException"}}
[Nest] 23  - 10/10/2026, 2:45:53 PM   ERROR [GlobalHttpExceptionFilter] {"event":"admin_http_request_failed","surface":"authenticated_http","requestId":"foundation-request","code":"NEW_SYNTHETIC_ERROR","httpStatus":503,"exceptionType":"HttpException","safeCause":{"category":"unexpected_error","errorType":"HttpException"}}
[Nest] 23  - 10/10/2026, 2:45:53 PM   ERROR [GlobalHttpExceptionFilter] {"event":"admin_http_request_failed","surface":"authenticated_http","requestId":"foundation-request","code":"INTERNAL_SERVER_ERROR","httpStatus":500,"exceptionType":"HttpException","safeCause":{"category":"unexpected_error","errorType":"HttpException"}}
[Nest] 23  - 10/10/2026, 2:45:53 PM    WARN [GlobalHttpExceptionFilter] {"event":"admin_http_request_failed","surface":"authenticated_http","requestId":"foundation-request","code":"NEW_DOMAIN_CODE","httpStatus":409,"exceptionType":"HttpException","safeCause":{"category":"unexpected_error","errorType":"HttpException"}}
[Nest] 23  - 10/10/2026, 2:45:53 PM    WARN [GlobalHttpExceptionFilter] {"event":"admin_http_request_failed","surface":"authenticated_http","requestId":"foundation-request","code":"NEW_DOMAIN_CODE","httpStatus":409,"exceptionType":"HttpException","safeCause":{"category":"unexpected_error","errorType":"HttpException"}}
[Nest] 23  - 10/10/2026, 2:45:53 PM    WARN [GlobalHttpExceptionFilter] {"event":"admin_http_request_failed","surface":"authenticated_http","requestId":"foundation-request","code":"NEW_DOMAIN_CODE","httpStatus":409,"exceptionType":"HttpException","safeCause":{"category":"unexpected_error","errorType":"HttpException"}}
[Nest] 23  - 10/10/2026, 2:45:53 PM    WARN [GlobalHttpExceptionFilter] {"event":"http_request_failed","surface":"pre_auth_http","requestId":"foundation-request","code":"NEW_DOMAIN_CODE","httpStatus":409,"exceptionType":"HttpException","safeCause":{"category":"unexpected_error","errorType":"HttpException"}}
[Nest] 23  - 10/10/2026, 2:45:53 PM    WARN [GlobalHttpExceptionFilter] {"event":"http_request_failed","surface":"pre_auth_http","requestId":"foundation-request","code":"NEW_DOMAIN_CODE","httpStatus":409,"exceptionType":"HttpException","safeCause":{"category":"unexpected_error","errorType":"HttpException"}}
[Nest] 23  - 10/10/2026, 2:45:53 PM    WARN [GlobalHttpExceptionFilter] {"event":"http_request_failed","surface":"pre_auth_http","requestId":"foundation-request","code":"NEW_DOMAIN_CODE","httpStatus":409,"exceptionType":"HttpException","safeCause":{"category":"unexpected_error","errorType":"HttpException"}}
[Nest] 23  - 10/10/2026, 2:45:53 PM   ERROR [GlobalHttpExceptionFilter] {"event":"admin_http_request_failed","surface":"authenticated_http","requestId":"foundation-request","code":"WALLET_TRANSACTION_FAILURE","httpStatus":503,"exceptionType":"HttpException","safeCause":{"category":"unexpected_error","errorType":"HttpException"}}
[Nest] 23  - 10/10/2026, 2:45:53 PM   ERROR [GlobalHttpExceptionFilter] {"event":"admin_http_request_failed","surface":"authenticated_http","requestId":"foundation-request","code":"WALLET_TRANSACTION_FAILURE","httpStatus":503,"exceptionType":"HttpException","safeCause":{"category":"unexpected_error","errorType":"HttpException"}}
[Nest] 23  - 10/10/2026, 2:45:53 PM   ERROR [GlobalHttpExceptionFilter] {"event":"admin_http_request_failed","surface":"authenticated_http","requestId":"foundation-request","code":"WALLET_TRANSACTION_FAILURE","httpStatus":503,"exceptionType":"HttpException","safeCause":{"category":"unexpected_error","errorType":"HttpException"}}
[Nest] 23  - 10/10/2026, 2:45:53 PM   ERROR [GlobalHttpExceptionFilter] {"event":"admin_http_request_failed","surface":"authenticated_http","requestId":"foundation-request","code":"WALLET_TRANSACTION_FAILURE","httpStatus":503,"exceptionType":"HttpException","safeCause":{"category":"unexpected_error","errorType":"HttpException"}}
[Nest] 23  - 10/10/2026, 2:45:53 PM   ERROR [GlobalHttpExceptionFilter] {"event":"admin_http_request_failed","surface":"authenticated_http","requestId":"foundation-request","code":"WALLET_TRANSACTION_FAILURE","httpStatus":503,"exceptionType":"HttpException","safeCause":{"category":"unexpected_error","errorType":"HttpException"}}
[Nest] 23  - 10/10/2026, 2:45:53 PM    WARN [GlobalHttpExceptionFilter] {"event":"admin_http_request_failed","surface":"authenticated_http","requestId":"foundation-request","code":"PROTECTION_CONFLICT","httpStatus":409,"exceptionType":"HttpException","safeCause":{"category":"unexpected_error","errorType":"HttpException"}}
[Nest] 23  - 10/10/2026, 2:45:53 PM    WARN [GlobalHttpExceptionFilter] {"event":"admin_http_request_failed","surface":"authenticated_http","requestId":"foundation-request","code":"PROTECTION_CONFLICT","httpStatus":409,"exceptionType":"HttpException","safeCause":{"category":"unexpected_error","errorType":"HttpException"}}
[Nest] 23  - 10/10/2026, 2:45:53 PM    WARN [GlobalHttpExceptionFilter] {"event":"admin_http_request_failed","surface":"authenticated_http","requestId":"foundation-request","code":"PROTECTION_CONFLICT","httpStatus":409,"exceptionType":"HttpException","safeCause":{"category":"unexpected_error","errorType":"HttpException"}}
[Nest] 23  - 10/10/2026, 2:45:53 PM    WARN [GlobalHttpExceptionFilter] {"event":"admin_http_request_failed","surface":"authenticated_http","requestId":"foundation-request","code":"NEW_SYNTHETIC_ERROR","httpStatus":409,"exceptionType":"HttpException","safeCause":{"category":"unexpected_error","errorType":"HttpException"}}
[Nest] 23  - 10/10/2026, 2:45:53 PM    WARN [GlobalHttpExceptionFilter] {"event":"admin_http_request_failed","surface":"authenticated_http","requestId":"foundation-request","code":"NEW_SYNTHETIC_ERROR","httpStatus":409,"exceptionType":"HttpException","safeCause":{"category":"unexpected_error","errorType":"HttpException"}}
[Nest] 23  - 10/10/2026, 2:45:53 PM    WARN [GlobalHttpExceptionFilter] {"event":"admin_http_request_failed","surface":"authenticated_http","requestId":"foundation-request","code":"NEW_SYNTHETIC_ERROR","httpStatus":409,"exceptionType":"HttpException","safeCause":{"category":"unexpected_error","errorType":"HttpException"}}
[Nest] 23  - 10/10/2026, 2:45:53 PM    WARN [GlobalHttpExceptionFilter] {"event":"admin_http_request_failed","surface":"authenticated_http","requestId":"foundation-request","code":"NEW_SYNTHETIC_ERROR","httpStatus":409,"exceptionType":"HttpException","safeCause":{"category":"unexpected_error","errorType":"HttpException"}}
[Nest] 23  - 10/10/2026, 2:45:53 PM    WARN [GlobalHttpExceptionFilter] {"event":"admin_http_request_failed","surface":"authenticated_http","requestId":"foundation-request","code":"NEW_SYNTHETIC_ERROR","httpStatus":409,"exceptionType":"HttpException","safeCause":{"category":"unexpected_error","errorType":"HttpException"}}
[Nest] 23  - 10/10/2026, 2:45:53 PM    WARN [GlobalHttpExceptionFilter] {"event":"admin_http_request_failed","surface":"authenticated_http","requestId":"foundation-request","code":"NEW_SYNTHETIC_ERROR","httpStatus":409,"exceptionType":"HttpException","safeCause":{"category":"unexpected_error","errorType":"HttpException"}}
[Nest] 23  - 10/10/2026, 2:45:53 PM    WARN [GlobalHttpExceptionFilter] {"event":"admin_http_request_failed","surface":"authenticated_http","requestId":"foundation-request","code":"NEW_SYNTHETIC_ERROR","httpStatus":409,"exceptionType":"HttpException","safeCause":{"category":"unexpected_error","errorType":"HttpException"}}
[Nest] 23  - 10/10/2026, 2:45:53 PM   ERROR [GlobalHttpExceptionFilter] {"event":"http_request_failed","surface":"authenticated_http","requestId":"foundation-request","code":"NEW_SYNTHETIC_ERROR","httpStatus":503,"exceptionType":"HttpException","safeCause":{"category":"unexpected_error","errorType":"HttpException"}}
[Nest] 23  - 10/10/2026, 2:45:53 PM   ERROR [GlobalHttpExceptionFilter] {"event":"http_request_failed","surface":"authenticated_http","requestId":"foundation-request","code":"NEW_SYNTHETIC_ERROR","httpStatus":503,"exceptionType":"HttpException","safeCause":{"category":"unexpected_error","errorType":"HttpException"}}
[Nest] 23  - 10/10/2026, 2:45:53 PM   ERROR [GlobalHttpExceptionFilter] {"event":"http_request_failed","surface":"pre_auth_http","requestId":"foundation-request","code":"NEW_SYNTHETIC_ERROR","httpStatus":503,"exceptionType":"HttpException","safeCause":{"category":"unexpected_error","errorType":"HttpException"}}
[Nest] 23  - 10/10/2026, 2:45:53 PM    WARN [GlobalHttpExceptionFilter] {"event":"admin_http_request_failed","surface":"authenticated_http","requestId":"foundation-request","code":"NEW_SYNTHETIC_ERROR","httpStatus":409,"exceptionType":"HttpException","safeCause":{"category":"unexpected_error","errorType":"HttpException"}}
[Nest] 23  - 10/10/2026, 2:45:53 PM   ERROR [GlobalHttpExceptionFilter] {"event":"admin_http_request_failed","surface":"authenticated_http","requestId":"foundation-request","code":"INTERNAL_SERVER_ERROR","httpStatus":500,"exceptionType":"Error","safeCause":{"category":"unexpected_error","errorType":"Error"}}
[Nest] 23  - 10/10/2026, 2:45:53 PM   ERROR [GlobalHttpExceptionFilter] {"event":"admin_http_request_failed","surface":"authenticated_http","requestId":"foundation-request","code":"INTERNAL_SERVER_ERROR","httpStatus":500,"exceptionType":"Error","safeCause":{"category":"db_transaction_conflict","errorType":"Error","code":"P2034"}}
[Nest] 23  - 10/10/2026, 2:45:54 PM     LOG [RankingRefreshService] Current ranking refreshed for season season-1: 33 participants.
[Nest] 23  - 10/10/2026, 2:45:54 PM     LOG [RankingRefreshService] Current ranking refreshed for season season-1: 1 participants.
[Nest] 23  - 10/10/2026, 2:45:54 PM   ERROR [RankingRefreshService] Current ranking refresh failed for season season-1.
HttpException: Http Exception
    at throwRankingSourceScope (/home/nayuta/projects/trading-app/backend/src/ranking/ranking-source-scope.ts:46:9)
    at assertRankingSourceSnapshotScopes (/home/nayuta/projects/trading-app/backend/src/ranking/ranking-source-scope.ts:151:7)
    at RankingRefreshService.findEquityHistory (/home/nayuta/projects/trading-app/backend/src/ranking/ranking-refresh.service.ts:422:38)
    at RankingRefreshService.calculateAndReplace (/home/nayuta/projects/trading-app/backend/src/ranking/ranking-refresh.service.ts:271:27)
    at RankingRefreshService.drainRefreshes (/home/nayuta/projects/trading-app/backend/src/ranking/ranking-refresh.service.ts:165:20)
    at /home/nayuta/projects/trading-app/backend/src/ranking/ranking-refresh-batching.spec.ts:293:7
[Nest] 23  - 10/10/2026, 2:45:54 PM   ERROR [RankingRefreshService] Current ranking refresh failed for season season-1.
HttpException: Http Exception
    at throwRankingSourceScope (/home/nayuta/projects/trading-app/backend/src/ranking/ranking-source-scope.ts:46:9)
    at assertRankingSourceSnapshotScopes (/home/nayuta/projects/trading-app/backend/src/ranking/ranking-source-scope.ts:151:7)
    at RankingRefreshService.findEquityHistory (/home/nayuta/projects/trading-app/backend/src/ranking/ranking-refresh.service.ts:422:38)
    at RankingRefreshService.calculateAndReplace (/home/nayuta/projects/trading-app/backend/src/ranking/ranking-refresh.service.ts:271:27)
    at RankingRefreshService.drainRefreshes (/home/nayuta/projects/trading-app/backend/src/ranking/ranking-refresh.service.ts:165:20)
    at /home/nayuta/projects/trading-app/backend/src/ranking/ranking-refresh-batching.spec.ts:293:7
[Nest] 23  - 10/10/2026, 2:45:54 PM   ERROR [RankingRefreshService] Current ranking refresh failed for season season-1.
HttpException: Http Exception
    at throwRankingSourceScope (/home/nayuta/projects/trading-app/backend/src/ranking/ranking-source-scope.ts:46:9)
    at assertRankingSourceSnapshotScopes (/home/nayuta/projects/trading-app/backend/src/ranking/ranking-source-scope.ts:151:7)
    at RankingRefreshService.findEquityHistory (/home/nayuta/projects/trading-app/backend/src/ranking/ranking-refresh.service.ts:422:38)
    at RankingRefreshService.calculateAndReplace (/home/nayuta/projects/trading-app/backend/src/ranking/ranking-refresh.service.ts:271:27)
    at RankingRefreshService.drainRefreshes (/home/nayuta/projects/trading-app/backend/src/ranking/ranking-refresh.service.ts:165:20)
    at /home/nayuta/projects/trading-app/backend/src/ranking/ranking-refresh-batching.spec.ts:293:7
[Nest] 23  - 10/10/2026, 2:45:55 PM   ERROR [LimitOrderMatchingService] {"event":"limit_order_fill_failed","orderId":"A1","assetId":"A","phase":"execution_error","path":"snapshot","reason":"unexpected_error","category":"unexpected_error","stage":"not_observed"}
[Nest] 23  - 10/10/2026, 2:45:55 PM   ERROR [LimitOrderMatchingService] {"event":"limit_order_fill_failed","orderId":"A2","assetId":"A","phase":"execution_error","path":"snapshot","reason":"unexpected_error","category":"unexpected_error","stage":"not_observed"}
[Nest] 23  - 10/10/2026, 2:45:55 PM   ERROR [LimitOrderMatchingService] {"event":"limit_order_fill_failed","orderId":"A1","assetId":"A","phase":"execution_error","path":"snapshot","reason":"unexpected_error","category":"unexpected_error","stage":"not_observed"}
[Nest] 23  - 10/10/2026, 2:45:55 PM   ERROR [LimitOrderMatchingService] {"event":"limit_order_fill_failed","orderId":"A2","assetId":"A","phase":"execution_error","path":"snapshot","reason":"unexpected_error","category":"unexpected_error","stage":"not_observed"}
[Nest] 23  - 10/10/2026, 2:45:55 PM    WARN [LiveCandleFinalizerService] {"event":"live_candle_finalize_deferred_to_reconciliation","reason":"incomplete","assetId":"asset-1","openTime":"2026-07-13T00:00:00.000Z","complete":false,"providerFinal":true,"sourceContinuity":false}
[Nest] 23  - 10/10/2026, 2:45:55 PM    WARN [LiveCandleFinalizerService] {"event":"live_candle_finalize_deferred_to_reconciliation","reason":"incomplete","assetId":"asset-1","openTime":"2026-07-13T00:00:00.000Z","complete":true,"providerFinal":true,"sourceContinuity":true}
[Nest] 23  - 10/10/2026, 2:45:55 PM    WARN [LiveCandleFinalizerService] {"event":"live_candle_finalize_failed","assetId":"asset-1","openTime":"2026-07-13T00:00:00.000Z","error":"Error"}
[Nest] 23  - 10/10/2026, 2:45:55 PM     LOG [LiveCandleFinalizerService] {"event":"live_candle_finalized_old_generation","assetId":"asset-1","openTime":"2026-07-13T00:00:00.000Z"}
[Nest] 23  - 10/10/2026, 2:45:55 PM     LOG [LiveCandleFinalizerService] {"event":"live_candle_finalized_old_generation","assetId":"asset-1","openTime":"2026-07-13T00:00:00.000Z"}
[Nest] 23  - 10/10/2026, 2:45:55 PM    WARN [LiveCandleFinalizerService] {"event":"live_candle_finalize_deferred_to_reconciliation","reason":"old_generation","assetId":"asset-1","openTime":"2026-07-13T00:00:00.000Z","complete":true,"providerFinal":false,"sourceContinuity":true}
[Nest] 23  - 10/10/2026, 2:45:55 PM     LOG [LiveCandleFinalizerService] {"event":"live_candle_pending_bucket_repaired","assetId":"asset-1","openTime":"2026-07-13T00:00:00.000Z"}
[Nest] 23  - 10/10/2026, 2:45:55 PM    WARN [LiveCandleFinalizerService] {"event":"live_candle_pending_bucket_repair_failed","assetId":"asset-1","openTime":"2026-07-13T00:00:00.000Z","permanent":false,"error":"Error"}
[Nest] 23  - 10/10/2026, 2:45:55 PM    WARN [LiveCandleFinalizerService] {"event":"live_candle_pending_bucket_repair_failed","assetId":"gone-asset","openTime":"2026-07-13T00:00:00.000Z","permanent":true,"error":"MarketCandleSyncInputError"}
[Nest] 23  - 10/10/2026, 2:45:55 PM    WARN [PortfolioService] {"event":"portfolio_partial_valuation_failed","requestId":"ad367f9d-0cce-4194-87d4-4693de5c74e5","code":"VALUATION_UNAVAILABLE","entities":{"userId":"user-1","tradingAccountId":"account-sp-1","seasonId":"season-1","seasonParticipantId":"sp-1"}}
[Nest] 23  - 10/10/2026, 2:45:55 PM    WARN [BinanceOrderBookService] BINANCE_ORDER_BOOK_REJECTED
[Nest] 23  - 10/10/2026, 2:45:55 PM     LOG [RankingRefreshService] Current ranking refreshed for season season-1: 0 participants.
[Nest] 23  - 10/10/2026, 2:45:55 PM   ERROR [RankingRefreshService] Current ranking refresh failed for season season-1.
HttpException: Http Exception
    at throwSeasonRankingScope (/home/nayuta/projects/trading-app/backend/src/ranking/season-ranking-scope.ts:54:9)
    at assertSeasonRankingScope (/home/nayuta/projects/trading-app/backend/src/ranking/season-ranking-scope.ts:300:5)
    at assertSeasonRankingScopes (/home/nayuta/projects/trading-app/backend/src/ranking/season-ranking-scope.ts:392:5)
    at outcome.prisma.$transaction.isolationLevel (/home/nayuta/projects/trading-app/backend/src/ranking/ranking-refresh.service.ts:507:34)
    at RankingRefreshService.replaceCurrentRankings (/home/nayuta/projects/trading-app/backend/src/ranking/ranking-refresh.service.ts:461:21)
    at RankingRefreshService.calculateAndReplace (/home/nayuta/projects/trading-app/backend/src/ranking/ranking-refresh.service.ts:307:14)
    at RankingRefreshService.drainRefreshes (/home/nayuta/projects/trading-app/backend/src/ranking/ranking-refresh.service.ts:165:20)
    at expectRefreshAborted (/home/nayuta/projects/trading-app/backend/src/ranking/ranking-refresh.service.spec.ts:237:7)
    at Object.<anonymous> (/home/nayuta/projects/trading-app/backend/src/ranking/ranking-refresh.service.spec.ts:258:7)
[Nest] 23  - 10/10/2026, 2:45:55 PM   ERROR [RankingRefreshService] Current ranking refresh failed for season season-1.
HttpException: Http Exception
    at throwSeasonRankingScope (/home/nayuta/projects/trading-app/backend/src/ranking/season-ranking-scope.ts:54:9)
    at assertSeasonRankingScope (/home/nayuta/projects/trading-app/backend/src/ranking/season-ranking-scope.ts:324:5)
    at assertSeasonRankingScopes (/home/nayuta/projects/trading-app/backend/src/ranking/season-ranking-scope.ts:392:5)
    at outcome.prisma.$transaction.isolationLevel (/home/nayuta/projects/trading-app/backend/src/ranking/ranking-refresh.service.ts:507:34)
    at RankingRefreshService.replaceCurrentRankings (/home/nayuta/projects/trading-app/backend/src/ranking/ranking-refresh.service.ts:461:21)
    at RankingRefreshService.calculateAndReplace (/home/nayuta/projects/trading-app/backend/src/ranking/ranking-refresh.service.ts:307:14)
    at RankingRefreshService.drainRefreshes (/home/nayuta/projects/trading-app/backend/src/ranking/ranking-refresh.service.ts:165:20)
    at expectRefreshAborted (/home/nayuta/projects/trading-app/backend/src/ranking/ranking-refresh.service.spec.ts:237:7)
    at Object.<anonymous> (/home/nayuta/projects/trading-app/backend/src/ranking/ranking-refresh.service.spec.ts:272:7)
[Nest] 23  - 10/10/2026, 2:45:55 PM   ERROR [RankingRefreshService] Current ranking refresh failed for season season-1.
HttpException: Http Exception
    at throwSeasonRankingScope (/home/nayuta/projects/trading-app/backend/src/ranking/season-ranking-scope.ts:54:9)
    at assertSeasonRankingScope (/home/nayuta/projects/trading-app/backend/src/ranking/season-ranking-scope.ts:330:5)
    at assertSeasonRankingScopes (/home/nayuta/projects/trading-app/backend/src/ranking/season-ranking-scope.ts:392:5)
    at outcome.prisma.$transaction.isolationLevel (/home/nayuta/projects/trading-app/backend/src/ranking/ranking-refresh.service.ts:507:34)
    at RankingRefreshService.replaceCurrentRankings (/home/nayuta/projects/trading-app/backend/src/ranking/ranking-refresh.service.ts:461:21)
    at RankingRefreshService.calculateAndReplace (/home/nayuta/projects/trading-app/backend/src/ranking/ranking-refresh.service.ts:307:14)
    at RankingRefreshService.drainRefreshes (/home/nayuta/projects/trading-app/backend/src/ranking/ranking-refresh.service.ts:165:20)
    at expectRefreshAborted (/home/nayuta/projects/trading-app/backend/src/ranking/ranking-refresh.service.spec.ts:237:7)
    at Object.<anonymous> (/home/nayuta/projects/trading-app/backend/src/ranking/ranking-refresh.service.spec.ts:284:7)
[Nest] 23  - 10/10/2026, 2:45:55 PM   ERROR [RankingRefreshService] Current ranking refresh failed for season season-1.
HttpException: Http Exception
    at throwSeasonRankingScope (/home/nayuta/projects/trading-app/backend/src/ranking/season-ranking-scope.ts:54:9)
    at assertSeasonRankingScope (/home/nayuta/projects/trading-app/backend/src/ranking/season-ranking-scope.ts:318:5)
    at assertSeasonRankingScopes (/home/nayuta/projects/trading-app/backend/src/ranking/season-ranking-scope.ts:392:5)
    at outcome.prisma.$transaction.isolationLevel (/home/nayuta/projects/trading-app/backend/src/ranking/ranking-refresh.service.ts:507:34)
    at RankingRefreshService.replaceCurrentRankings (/home/nayuta/projects/trading-app/backend/src/ranking/ranking-refresh.service.ts:461:21)
    at RankingRefreshService.calculateAndReplace (/home/nayuta/projects/trading-app/backend/src/ranking/ranking-refresh.service.ts:307:14)
    at RankingRefreshService.drainRefreshes (/home/nayuta/projects/trading-app/backend/src/ranking/ranking-refresh.service.ts:165:20)
    at expectRefreshAborted (/home/nayuta/projects/trading-app/backend/src/ranking/ranking-refresh.service.spec.ts:237:7)
    at Object.<anonymous> (/home/nayuta/projects/trading-app/backend/src/ranking/ranking-refresh.service.spec.ts:297:7)
[Nest] 23  - 10/10/2026, 2:45:55 PM     LOG [RankingRefreshService] Current ranking refreshed for season season-1: 1 participants.
[Nest] 23  - 10/10/2026, 2:45:55 PM     LOG [RankingRefreshService] Current ranking refreshed for season season-1: 1 participants.
[Nest] 23  - 10/10/2026, 2:45:55 PM    WARN [RankingRefreshService] Current ranking refresh for season season-1 was skipped: stale_generation.
[Nest] 23  - 10/10/2026, 2:45:55 PM    WARN [RankingRefreshService] Current ranking refresh for season season-1 was skipped: stale_generation.
[Nest] 23  - 10/10/2026, 2:45:55 PM    WARN [RankingRefreshService] Current ranking refresh for season season-1 was skipped: stale_generation.
[Nest] 23  - 06/10/2026, 9:11:00 AM     LOG [RankingRefreshService] Current ranking refreshed for season season-1: 1 participants.
[Nest] 23  - 06/10/2026, 9:11:00 AM     LOG [RankingRefreshService] Current ranking refreshed for season season-1: 1 participants.
[Nest] 23  - 10/10/2026, 2:45:55 PM   ERROR [RankingRefreshService] Current ranking refresh failed for season season-1.
HttpException: Http Exception
    at throwSeasonRankingScope (/home/nayuta/projects/trading-app/backend/src/ranking/season-ranking-scope.ts:54:9)
    at assertSeasonRankingScope (/home/nayuta/projects/trading-app/backend/src/ranking/season-ranking-scope.ts:324:5)
    at assertSeasonRankingScopes (/home/nayuta/projects/trading-app/backend/src/ranking/season-ranking-scope.ts:392:5)
    at outcome.prisma.$transaction.isolationLevel (/home/nayuta/projects/trading-app/backend/src/ranking/ranking-refresh.service.ts:507:34)
    at RankingRefreshService.replaceCurrentRankings (/home/nayuta/projects/trading-app/backend/src/ranking/ranking-refresh.service.ts:461:21)
    at RankingRefreshService.calculateAndReplace (/home/nayuta/projects/trading-app/backend/src/ranking/ranking-refresh.service.ts:307:14)
    at RankingRefreshService.drainRefreshes (/home/nayuta/projects/trading-app/backend/src/ranking/ranking-refresh.service.ts:165:20)
    at expectRefreshAborted (/home/nayuta/projects/trading-app/backend/src/ranking/ranking-refresh.service.spec.ts:237:7)
    at Object.<anonymous> (/home/nayuta/projects/trading-app/backend/src/ranking/ranking-refresh.service.spec.ts:438:7)
[Nest] 23  - 10/10/2026, 2:45:56 PM    WARN [GlobalHttpExceptionFilter] {"event":"http_request_failed","surface":"pre_auth_http","code":"ORDER_IDEMPOTENCY_CONFLICT","httpStatus":409,"exceptionType":"HttpException","safeCause":{"category":"unexpected_error","errorType":"HttpException"}}
[Nest] 23  - 10/10/2026, 2:45:56 PM    WARN [GlobalHttpExceptionFilter] {"event":"http_request_failed","surface":"pre_auth_http","code":"VALIDATION_ERROR","httpStatus":400,"exceptionType":"BadRequestException","safeCause":{"category":"unexpected_error","errorType":"BadRequestException"}}
[Nest] 23  - 10/10/2026, 2:45:56 PM   ERROR [GlobalHttpExceptionFilter] {"event":"http_request_failed","surface":"pre_auth_http","code":"INTERNAL_SERVER_ERROR","httpStatus":500,"exceptionType":"Error","safeCause":{"category":"unexpected_error","errorType":"Error"}}
[Nest] 23  - 10/10/2026, 2:45:56 PM   ERROR [GlobalHttpExceptionFilter] {"event":"http_request_failed","surface":"authenticated_http","requestId":"aba77253-1c14-483a-9ede-fdddae6cff9f","code":"ACCOUNT_UNAVAILABLE","httpStatus":503,"exceptionType":"HttpException","safeCause":{"category":"unexpected_error","errorType":"HttpException"}}
[Nest] 23  - 10/10/2026, 2:45:56 PM   ERROR [GlobalHttpExceptionFilter] {"event":"http_request_failed","surface":"authenticated_http","requestId":"514d867d-2935-47fe-b0b0-3e95acd4cfb7","code":"ACCOUNT_UNAVAILABLE","httpStatus":503,"exceptionType":"HttpException","safeCause":{"category":"unexpected_error","errorType":"HttpException"}}
[Nest] 23  - 10/10/2026, 2:45:56 PM   ERROR [GlobalHttpExceptionFilter] {"event":"admin_http_request_failed","surface":"authenticated_http","requestId":"36d55ee7-50a0-4e22-8bb1-1c42d0af7592","code":"ACCOUNT_UNAVAILABLE","httpStatus":503,"exceptionType":"HttpException","safeCause":{"category":"unexpected_error","errorType":"HttpException"}}
[Nest] 23  - 10/10/2026, 2:45:56 PM   ERROR [GlobalHttpExceptionFilter] {"event":"http_request_failed","surface":"authenticated_http","requestId":"89e0001a-6565-4134-b08f-f23c039e6bb7","code":"INTERNAL_SERVER_ERROR","httpStatus":500,"exceptionType":"InternalServerErrorException","safeCause":{"category":"unexpected_error","errorType":"InternalServerErrorException"}}
[Nest] 23  - 10/10/2026, 2:45:56 PM   ERROR [GlobalHttpExceptionFilter] {"event":"http_request_failed","surface":"authenticated_http","requestId":"dee34dbc-03aa-4757-af4e-c3f15ec0f2f3","code":"PORTFOLIO_FAILED","httpStatus":503,"exceptionType":"HttpException","safeCause":{"category":"unexpected_error","errorType":"HttpException"}}
[Nest] 23  - 10/10/2026, 2:45:56 PM   ERROR [GlobalHttpExceptionFilter] {"event":"http_request_failed","surface":"authenticated_http","requestId":"2a94cad2-0cb3-44cf-b2a9-5fb7f35695be","code":"INTERNAL_SERVER_ERROR","httpStatus":500,"exceptionType":"InternalServerErrorException","safeCause":{"category":"unexpected_error","errorType":"InternalServerErrorException"}}
[Nest] 23  - 10/10/2026, 2:45:56 PM   ERROR [GlobalHttpExceptionFilter] {"event":"http_request_failed","surface":"authenticated_http","requestId":"d59159a4-6052-4192-aa77-556c63ef845e","code":"PORTFOLIO_FAILED","httpStatus":503,"exceptionType":"HttpException","safeCause":{"category":"unexpected_error","errorType":"HttpException"}}
[Nest] 23  - 10/10/2026, 2:45:56 PM   ERROR [GlobalHttpExceptionFilter] {"event":"admin_http_request_failed","surface":"authenticated_http","requestId":"92ae15a4-1d3b-4a71-b713-468e4b12e079","code":"INTERNAL_SERVER_ERROR","httpStatus":500,"exceptionType":"InternalServerErrorException","safeCause":{"category":"unexpected_error","errorType":"InternalServerErrorException"}}
[Nest] 23  - 10/10/2026, 2:45:56 PM   ERROR [GlobalHttpExceptionFilter] {"event":"admin_http_request_failed","surface":"authenticated_http","requestId":"c76ba1de-d46f-45f7-9a2d-6d77e17a9e75","code":"PORTFOLIO_FAILED","httpStatus":503,"exceptionType":"HttpException","safeCause":{"category":"unexpected_error","errorType":"HttpException"}}
[Nest] 23  - 10/10/2026, 2:45:56 PM   ERROR [GlobalHttpExceptionFilter] {"event":"http_request_failed","surface":"authenticated_http","requestId":"req-user","code":"PRICE_STALE","httpStatus":503,"exceptionType":"HttpException","safeCause":{"category":"unexpected_error","errorType":"HttpException"}}
[Nest] 23  - 10/10/2026, 2:45:56 PM   ERROR [GlobalHttpExceptionFilter] {"event":"http_request_failed","surface":"authenticated_http","requestId":"req-operator","code":"PRICE_STALE","httpStatus":503,"exceptionType":"HttpException","safeCause":{"category":"unexpected_error","errorType":"HttpException"}}
[Nest] 23  - 10/10/2026, 2:45:56 PM   ERROR [GlobalHttpExceptionFilter] {"event":"admin_http_request_failed","surface":"authenticated_http","requestId":"req-admin","code":"PRICE_STALE","httpStatus":503,"exceptionType":"HttpException","safeCause":{"category":"unexpected_error","errorType":"HttpException"}}
[Nest] 23  - 10/10/2026, 2:45:56 PM    WARN [MarketSessionOverrideLoaderService] {"event":"market_session_override_refresh_failed","trigger":"startup","storeLoaded":false,"effect":"store not ready; stock calendar remains fail-closed","error":"db down"}
[Nest] 23  - 10/10/2026, 2:45:56 PM   ERROR [TradingAccountAccessService] Trading account integrity violation (account=ta-season-1): season account has no participant
[Nest] 23  - 10/10/2026, 2:45:56 PM   ERROR [TradingAccountAccessService] Trading account integrity violation (account=ta-general-1): non-season account has a season participant attached
[Nest] 23  - 10/10/2026, 2:45:56 PM   ERROR [TradingAccountAccessService] Trading account integrity violation (account=ta-season-1): season account participant belongs to a different user
[Nest] 23  - 10/10/2026, 2:45:57 PM    WARN [AssetCandlesSingleFlightService] Candle distributed single-flight is unavailable; local dedupe remains active.
[Nest] 23  - 10/10/2026, 2:45:57 PM    WARN [AssetCandlesSingleFlightService] Candle distributed single-flight is unavailable; local dedupe remains active.
[Nest] 23  - 10/10/2026, 2:45:57 PM    WARN [AssetCandlesSingleFlightService] Candle distributed single-flight is unavailable; local dedupe remains active.
[Nest] 23  - 10/10/2026, 2:45:57 PM     LOG [AssetCandlesSingleFlightService] {"event":"candle_delivery","state":"stale_cache_fallback","reason":"remote_refresh_in_progress","assetId":"asset-1","interval":"5m"}
[Nest] 23  - 10/10/2026, 2:45:57 PM    WARN [AssetCandlesSingleFlightService] Candle single-flight lock ownership was lost.
[Nest] 23  - 10/10/2026, 2:45:57 PM    WARN [AssetCandlesSingleFlightService] Candle single-flight lock ownership was lost.
[Nest] 23  - 10/10/2026, 2:45:57 PM    WARN [BinanceSymbolMetadataService] Binance exchangeInfo precision refresh failed (PROVIDER_HTTP_ERROR); serving last cached display decimals.
[Nest] 23  - 10/10/2026, 2:45:57 PM    WARN [BinanceSymbolMetadataService] Binance exchangeInfo precision refresh failed (Error); serving fixed-universe fallback display decimals.
[Nest] 23  - 07/25/2026, 9:06:00 AM    WARN [RealtimeAssetMetadataCacheService] Realtime asset metadata lookup failed for asset-doge: db down
[Nest] 23  - 07/25/2026, 9:00:00 AM    WARN [RealtimeAssetMetadataCacheService] Realtime asset metadata lookup failed for asset-doge: db down
[Nest] 23  - 10/10/2026, 2:45:57 PM    WARN [KisRateLimiterService] Distributed KIS rate limiting unavailable; using conservative in-process limiting.
[Nest] 23  - 10/10/2026, 2:45:57 PM    WARN [KisRateLimiterService] Distributed KIS rate limiting unavailable; using conservative in-process limiting.
[Nest] 23  - 10/10/2026, 2:45:57 PM     LOG [KisRateLimiterService] Distributed KIS rate limiting restored.
[Nest] 23  - 10/10/2026, 2:45:57 PM    WARN [KisRateLimiterService] Distributed KIS rate limiting unavailable; using conservative in-process limiting.
[Nest] 23  - 10/10/2026, 2:45:57 PM    WARN [OrderBookPubSubService] ORDER_BOOK_PUBLISH_FAILED

Summary of all failing tests
FAIL realtime/ticker-poll-process.spec.ts
  ● ticker fallback process rejection policy › strict child process, legacy behavior=false

    expect(received).toContain(expected) // indexOf

    Expected substring: "poll survived and retried"
    Received string:    ""

      65 |       } else {
      66 |         expect(result.status).toBe(0);
    > 67 |         expect(result.stdout).toContain('poll survived and retried');
         |                               ^
      68 |         expect(result.stderr).toBe('');
      69 |       }
      70 |     },

      at realtime/ticker-poll-process.spec.ts:67:31

FAIL orders/trading-session-fixture.spec.ts
  ● PostgreSQL runner calendar fixture › keeps open/close, candle and unavailable boundaries on 2026-07-10 without mocking Date

    node:net:1926
          const error = new UVExceptionWithHostPort(rval, 'listen', address, port);
                        ^

    Error: listen EPERM: operation not permitted /tmp/tsx-1000/172.pipe

      44 |         },
      45 |       );
    > 46 |       if (result.status !== 0) throw new Error(result.stdout + result.stderr);
         |                                      ^
      47 |       expect(result.stdout).toContain('calendar fixture boundaries passed');
      48 |     },
      49 |   );

      at ../file:/home/nayuta/projects/trading-app/backend/node_modules/.pnpm/tsx@4.21.0/node_modules/tsx/dist/cli.mjs:53:31537
      at createIpcServer (../file:/home/nayuta/projects/trading-app/backend/node_modules/.pnpm/tsx@4.21.0/node_modules/tsx/dist/cli.mjs:53:31515)
      at ../async file:/home/nayuta/projects/trading-app/backend/node_modules/.pnpm/tsx@4.21.0/node_modules/tsx/dist/cli.mjs:55:459 {
        code: 'EPERM',
        errno: -1,
        syscall: 'listen',
        address: '/tmp/tsx-1000/172.pipe',
        port: -1
      }
      Node.js v24.14.1
      at orders/trading-session-fixture.spec.ts:46:38

  ● PostgreSQL runner calendar fixture › keeps open/close, candle and unavailable boundaries on 2026-07-11 without mocking Date

    node:net:1926
          const error = new UVExceptionWithHostPort(rval, 'listen', address, port);
                        ^

    Error: listen EPERM: operation not permitted /tmp/tsx-1000/214.pipe

      44 |         },
      45 |       );
    > 46 |       if (result.status !== 0) throw new Error(result.stdout + result.stderr);
         |                                      ^
      47 |       expect(result.stdout).toContain('calendar fixture boundaries passed');
      48 |     },
      49 |   );

      at ../file:/home/nayuta/projects/trading-app/backend/node_modules/.pnpm/tsx@4.21.0/node_modules/tsx/dist/cli.mjs:53:31537
      at createIpcServer (../file:/home/nayuta/projects/trading-app/backend/node_modules/.pnpm/tsx@4.21.0/node_modules/tsx/dist/cli.mjs:53:31515)
      at ../async file:/home/nayuta/projects/trading-app/backend/node_modules/.pnpm/tsx@4.21.0/node_modules/tsx/dist/cli.mjs:55:459 {
        code: 'EPERM',
        errno: -1,
        syscall: 'listen',
        address: '/tmp/tsx-1000/214.pipe',
        port: -1
      }
      Node.js v24.14.1
      at orders/trading-session-fixture.spec.ts:46:38

  ● PostgreSQL runner calendar fixture › keeps open/close, candle and unavailable boundaries on 2026-07-12 without mocking Date

    node:net:1926
          const error = new UVExceptionWithHostPort(rval, 'listen', address, port);
                        ^

    Error: listen EPERM: operation not permitted /tmp/tsx-1000/255.pipe

      44 |         },
      45 |       );
    > 46 |       if (result.status !== 0) throw new Error(result.stdout + result.stderr);
         |                                      ^
      47 |       expect(result.stdout).toContain('calendar fixture boundaries passed');
      48 |     },
      49 |   );

      at ../file:/home/nayuta/projects/trading-app/backend/node_modules/.pnpm/tsx@4.21.0/node_modules/tsx/dist/cli.mjs:53:31537
      at createIpcServer (../file:/home/nayuta/projects/trading-app/backend/node_modules/.pnpm/tsx@4.21.0/node_modules/tsx/dist/cli.mjs:53:31515)
      at ../async file:/home/nayuta/projects/trading-app/backend/node_modules/.pnpm/tsx@4.21.0/node_modules/tsx/dist/cli.mjs:55:459 {
        code: 'EPERM',
        errno: -1,
        syscall: 'listen',
        address: '/tmp/tsx-1000/255.pipe',
        port: -1
      }
      Node.js v24.14.1
      at orders/trading-session-fixture.spec.ts:46:38


Test Suites: 2 failed, 60 skipped, 252 passed, 254 of 314 total
Tests:       4 failed, 82 skipped, 4127 passed, 4213 total
Snapshots:   0 total
Time:        20.871 s, estimated 25 s
Ran all test suites.
Test results written to: ../docs/investigations/2026-10-10-futures-last-price-followup/evidence/backend-unit-jest.json
 ELIFECYCLE  Test failed. See above for more details.
