
> trading-app@0.0.1 test /home/nayuta/projects/trading-app/backend
> jest --runInBand --json --outputFile=../docs/investigations/2026-10-10-futures-last-price-followup/evidence/backend-unit-unsandboxed-jest.json

[Nest] 840789  - 10/10/2026, 2:47:29 PM     LOG [BinanceWebSocketStreamingService] Binance WebSocket streaming connected with 2 ticker/depth streams.
[Nest] 840789  - 10/10/2026, 2:47:29 PM     LOG [BinanceWebSocketStreamingService] Binance WebSocket streaming connected with 2 ticker/depth streams.
[Nest] 840789  - 10/10/2026, 2:47:29 PM     LOG [BinanceWebSocketStreamingService] Binance WebSocket streaming connected with 2 ticker/depth streams.
[Nest] 840789  - 10/10/2026, 2:47:29 PM     LOG [BinanceWebSocketStreamingService] Binance WebSocket streaming connected with 3 ticker/depth streams.
[Nest] 840789  - 10/10/2026, 2:47:29 PM    WARN [BinanceWebSocketStreamingService] Binance WebSocket streaming status changed to Error.
[Nest] 840789  - 10/10/2026, 2:47:29 PM    WARN [BinanceWebSocketStreamingService] Binance WebSocket streaming failed: Error
[Nest] 840789  - 10/10/2026, 2:47:29 PM    WARN [BinanceWebSocketStreamingService] Binance WebSocket streaming reconnect scheduled in 250ms after Error.
[Nest] 840789  - 10/10/2026, 2:47:30 PM     LOG [BinanceWebSocketStreamingService] Binance WebSocket streaming connected with 2 ticker/depth streams.
[Nest] 840789  - 10/10/2026, 2:47:30 PM     LOG [BinanceWebSocketStreamingService] Binance WebSocket streaming connected with 2 ticker/depth streams.
[Nest] 840789  - 10/10/2026, 2:47:30 PM     LOG [BinanceWebSocketStreamingService] Binance WebSocket streaming connected with 2 ticker/depth streams.
[Nest] 840789  - 10/10/2026, 2:47:30 PM    WARN [BinanceWebSocketStreamingService] Binance WebSocket streaming status changed to BINANCE_WEBSOCKET_CLOSED.
[Nest] 840789  - 10/10/2026, 2:47:30 PM    WARN [BinanceWebSocketStreamingService] Binance WebSocket streaming reconnect scheduled in 250ms after BINANCE_WEBSOCKET_CLOSED.
[Nest] 840789  - 10/10/2026, 2:47:30 PM     LOG [BinanceWebSocketStreamingService] Binance WebSocket streaming connected with 2 ticker/depth streams.
[Nest] 840789  - 10/10/2026, 2:47:30 PM    WARN [BinanceWebSocketStreamingService] Binance WebSocket streaming status changed to BINANCE_SERVER_SHUTDOWN.
[Nest] 840789  - 10/10/2026, 2:47:30 PM    WARN [BinanceWebSocketStreamingService] Binance WebSocket streaming reconnect scheduled in 250ms after BINANCE_SERVER_SHUTDOWN.
[Nest] 840789  - 10/10/2026, 2:47:30 PM     LOG [BinanceWebSocketStreamingService] Binance WebSocket streaming connected with 2 ticker/depth streams.
[Nest] 840789  - 10/10/2026, 2:47:28 PM   ERROR [GlobalHttpExceptionFilter] {"event":"admin_http_request_failed","surface":"authenticated_http","requestId":"futures-p0-request","code":"INTERNAL_SERVER_ERROR","httpStatus":500,"exceptionType":"Error","safeCause":{"category":"db_transaction_conflict","errorType":"Error","code":"P2034"}}
[Nest] 840789  - 10/10/2026, 2:47:28 PM   ERROR [GlobalHttpExceptionFilter] {"event":"http_request_failed","surface":"authenticated_http","requestId":"futures-p0-request","code":"INTERNAL_SERVER_ERROR","httpStatus":500,"exceptionType":"Error","safeCause":{"category":"db_transaction_conflict","errorType":"Error","code":"P2034"}}
[Nest] 840789  - 10/10/2026, 2:47:28 PM   ERROR [GlobalHttpExceptionFilter] {"event":"http_request_failed","surface":"authenticated_http","requestId":"futures-p0-request","code":"INTERNAL_SERVER_ERROR","httpStatus":500,"exceptionType":"Error","safeCause":{"category":"db_transaction_conflict","errorType":"Error","code":"P2034"}}
[Nest] 840789  - 10/10/2026, 2:47:28 PM    WARN [GlobalHttpExceptionFilter] {"event":"admin_http_request_failed","surface":"authenticated_http","requestId":"futures-p0-request","code":"FUTURES_LIQUIDATION_REQUIRED","httpStatus":409,"exceptionType":"HttpException","safeCause":{"category":"unexpected_error","errorType":"HttpException"}}
[Nest] 840789  - 10/10/2026, 2:47:28 PM    WARN [GlobalHttpExceptionFilter] {"event":"admin_http_request_failed","surface":"authenticated_http","requestId":"futures-p0-request","code":"FUTURES_MAINTENANCE_UNSAFE","httpStatus":409,"exceptionType":"HttpException","safeCause":{"category":"unexpected_error","errorType":"HttpException"}}
[Nest] 840789  - 10/10/2026, 2:47:28 PM   ERROR [GlobalHttpExceptionFilter] {"event":"admin_http_request_failed","surface":"authenticated_http","requestId":"futures-p0-request","code":"FINANCIAL_SCOPE_REPAIR_REQUIRED","httpStatus":500,"exceptionType":"HttpException","safeCause":{"category":"unexpected_error","errorType":"HttpException"}}
[Nest] 840789  - 10/10/2026, 2:47:28 PM    WARN [GlobalHttpExceptionFilter] {"event":"admin_http_request_failed","surface":"authenticated_http","requestId":"futures-p0-request","code":"INSUFFICIENT_FUTURES_FREE_COLLATERAL","httpStatus":409,"exceptionType":"HttpException","safeCause":{"category":"unexpected_error","errorType":"HttpException"}}
[Nest] 840789  - 10/10/2026, 2:47:28 PM    WARN [GlobalHttpExceptionFilter] {"event":"admin_http_request_failed","surface":"authenticated_http","requestId":"futures-p0-request","code":"INSUFFICIENT_FUTURES_FREE_COLLATERAL","httpStatus":409,"exceptionType":"HttpException","safeCause":{"category":"unexpected_error","errorType":"HttpException"}}
[Nest] 840789  - 10/10/2026, 2:47:28 PM    WARN [GlobalHttpExceptionFilter] {"event":"admin_http_request_failed","surface":"authenticated_http","requestId":"futures-p0-request","code":"INSUFFICIENT_FUTURES_FREE_COLLATERAL","httpStatus":409,"exceptionType":"HttpException","safeCause":{"category":"unexpected_error","errorType":"HttpException"}}
[Nest] 840789  - 10/10/2026, 2:47:29 PM    WARN [LiveCandleStreamSupervisorService] {"event":"live_candle_stream_reconnect","provider":"binance","reason":"Error","lastFrameAgeMs":null,"lastEventAt":null,"lastHeartbeatAt":null}
[Nest] 840789  - 10/10/2026, 2:47:29 PM    WARN [LiveCandleStreamSupervisorService] {"event":"live_candle_stream_reconnect","provider":"binance","reason":"Error","lastFrameAgeMs":null,"lastEventAt":null,"lastHeartbeatAt":null}
[Nest] 840789  - 10/10/2026, 2:49:24 PM    WARN [LiveCandleStreamSupervisorService] {"event":"live_candle_stream_reconnect","provider":"binance","reason":"liveness_timeout","lastFrameAgeMs":65000,"lastEventAt":null,"lastHeartbeatAt":"2026-10-10T05:48:19.965Z"}
[Nest] 840789  - 10/10/2026, 2:47:30 PM     LOG [KisWebSocketStreamingService] KIS WebSocket streaming connected with 1 subscriptions.
[Nest] 840789  - 10/10/2026, 2:47:30 PM     LOG [KisWebSocketStreamingService] KIS WebSocket streaming connected with 1 subscriptions.
[Nest] 840789  - 10/10/2026, 2:47:30 PM     LOG [KisWebSocketStreamingService] KIS WebSocket streaming connected with 1 subscriptions.
[Nest] 840789  - 10/10/2026, 2:47:30 PM    WARN [KisWebSocketStreamingService] KIS WebSocket streaming status changed to KIS_SUBSCRIPTION_ACK_FAILED.
[Nest] 840789  - 10/10/2026, 2:47:30 PM    WARN [KisWebSocketStreamingService] KIS subscription ACK failed: trId=H0STCNT0 code=OPSP9999 message=Rejected [REDACTED] [REDACTED] [REDACTED]
[Nest] 840789  - 10/10/2026, 2:47:30 PM    WARN [KisWebSocketStreamingService] KIS WebSocket streaming reconnect scheduled in 250ms after KIS_SUBSCRIPTION_ACK_FAILED.
[Nest] 840789  - 10/10/2026, 2:47:30 PM     LOG [KisWebSocketStreamingService] KIS WebSocket streaming connected with 1 subscriptions.
[Nest] 840789  - 10/10/2026, 2:47:30 PM     LOG [KisWebSocketStreamingService] KIS WebSocket streaming connected with 1 subscriptions.
[Nest] 840789  - 10/10/2026, 2:47:30 PM     LOG [KisWebSocketStreamingService] KIS WebSocket streaming connected with 1 subscriptions.
[Nest] 840789  - 10/10/2026, 2:47:30 PM     LOG [KisWebSocketStreamingService] KIS WebSocket streaming connected with 1 subscriptions.
[Nest] 840789  - 10/10/2026, 2:47:30 PM    WARN [KisWebSocketStreamingService] KIS WebSocket streaming status changed to KIS_WEBSOCKET_CLOSED.
[Nest] 840789  - 10/10/2026, 2:47:30 PM    WARN [KisWebSocketStreamingService] KIS WebSocket streaming reconnect scheduled in 250ms after KIS_WEBSOCKET_CLOSED.
[Nest] 840789  - 10/10/2026, 2:47:30 PM     LOG [KisWebSocketStreamingService] KIS WebSocket streaming connected with 1 subscriptions.
[Nest] 840789  - 10/10/2026, 2:47:30 PM   ERROR [GlobalHttpExceptionFilter] {"event":"admin_http_request_failed","surface":"authenticated_http","requestId":"11db1028-9f76-43c4-958d-5822fd47e3a9","code":"TRADING_ACCOUNT_INTEGRITY","httpStatus":500,"exceptionType":"HttpException","safeCause":{"category":"unexpected_error","errorType":"HttpException"}}
[Nest] 840789  - 10/10/2026, 2:47:30 PM   ERROR [GlobalHttpExceptionFilter] {"event":"http_request_failed","surface":"pre_auth_http","code":"TRADING_ACCOUNT_SCOPE_MISMATCH","httpStatus":500,"exceptionType":"HttpException","safeCause":{"category":"unexpected_error","errorType":"HttpException"}}
[Nest] 840789  - 10/10/2026, 2:47:30 PM   ERROR [GlobalHttpExceptionFilter] {"event":"http_request_failed","surface":"pre_auth_http","code":"CASH_WALLET_INVALID","httpStatus":500,"exceptionType":"HttpException","safeCause":{"category":"unexpected_error","errorType":"HttpException"}}
[Nest] 840789  - 10/10/2026, 2:47:30 PM   ERROR [GlobalHttpExceptionFilter] {"event":"http_request_failed","surface":"pre_auth_http","code":"INVALID_INITIAL_CAPITAL","httpStatus":500,"exceptionType":"HttpException","safeCause":{"category":"unexpected_error","errorType":"HttpException"}}
[Nest] 840789  - 10/10/2026, 2:47:30 PM   ERROR [GlobalHttpExceptionFilter] {"event":"http_request_failed","surface":"pre_auth_http","code":"POSITION_INVALID","httpStatus":500,"exceptionType":"HttpException","safeCause":{"category":"unexpected_error","errorType":"HttpException"}}
[Nest] 840789  - 10/10/2026, 2:47:30 PM   ERROR [GlobalHttpExceptionFilter] {"event":"http_request_failed","surface":"pre_auth_http","code":"INVALID_DECIMAL","httpStatus":500,"exceptionType":"HttpException","safeCause":{"category":"unexpected_error","errorType":"HttpException"}}
[Nest] 840789  - 10/10/2026, 2:47:30 PM   ERROR [GlobalHttpExceptionFilter] {"event":"http_request_failed","surface":"pre_auth_http","code":"INTERNAL_SERVER_ERROR","httpStatus":500,"exceptionType":"Error","safeCause":{"category":"unexpected_error","errorType":"Error"}}
[Nest] 840789  - 10/10/2026, 2:47:30 PM    WARN [GlobalHttpExceptionFilter] {"event":"http_request_failed","surface":"pre_auth_http","code":"TRADING_ACCOUNT_NOT_FOUND","httpStatus":404,"exceptionType":"HttpException","safeCause":{"category":"unexpected_error","errorType":"HttpException"}}
[Nest] 840789  - 10/10/2026, 2:47:30 PM   ERROR [GlobalHttpExceptionFilter] {"event":"http_request_failed","surface":"pre_auth_http","code":"TRADING_ACCOUNT_SCOPE_MISMATCH","httpStatus":500,"exceptionType":"HttpException","safeCause":{"category":"unexpected_error","errorType":"HttpException"}}
[Nest] 840789  - 10/10/2026, 2:47:30 PM   ERROR [GlobalHttpExceptionFilter] {"event":"http_request_failed","surface":"pre_auth_http","code":"CASH_WALLET_INVALID","httpStatus":500,"exceptionType":"HttpException","safeCause":{"category":"unexpected_error","errorType":"HttpException"}}
[Nest] 840789  - 10/10/2026, 2:47:30 PM   ERROR [GlobalHttpExceptionFilter] {"event":"http_request_failed","surface":"pre_auth_http","code":"INVALID_INITIAL_CAPITAL","httpStatus":500,"exceptionType":"HttpException","safeCause":{"category":"unexpected_error","errorType":"HttpException"}}
[Nest] 840789  - 10/10/2026, 2:47:30 PM   ERROR [GlobalHttpExceptionFilter] {"event":"http_request_failed","surface":"pre_auth_http","code":"POSITION_INVALID","httpStatus":500,"exceptionType":"HttpException","safeCause":{"category":"unexpected_error","errorType":"HttpException"}}
[Nest] 840789  - 10/10/2026, 2:47:30 PM   ERROR [GlobalHttpExceptionFilter] {"event":"http_request_failed","surface":"pre_auth_http","code":"INVALID_DECIMAL","httpStatus":500,"exceptionType":"HttpException","safeCause":{"category":"unexpected_error","errorType":"HttpException"}}
[Nest] 840789  - 10/10/2026, 2:47:30 PM   ERROR [GlobalHttpExceptionFilter] {"event":"http_request_failed","surface":"pre_auth_http","code":"INTERNAL_SERVER_ERROR","httpStatus":500,"exceptionType":"Error","safeCause":{"category":"unexpected_error","errorType":"Error"}}
[Nest] 840789  - 10/10/2026, 2:47:30 PM    WARN [GlobalHttpExceptionFilter] {"event":"http_request_failed","surface":"pre_auth_http","code":"TRADING_ACCOUNT_NOT_FOUND","httpStatus":404,"exceptionType":"HttpException","safeCause":{"category":"unexpected_error","errorType":"HttpException"}}
[Nest] 840789  - 10/10/2026, 2:47:30 PM   ERROR [GlobalHttpExceptionFilter] {"event":"admin_http_request_failed","surface":"authenticated_http","requestId":"cdcd7779-6d78-43aa-8be7-4a6eb0027a9c","code":"TRADING_ACCOUNT_SCOPE_MISMATCH","httpStatus":500,"exceptionType":"HttpException","safeCause":{"category":"unexpected_error","errorType":"HttpException"}}
[Nest] 840789  - 10/10/2026, 2:47:30 PM    WARN [LiveCandleFinalizerService] {"event":"live_candle_finalize_deferred_to_reconciliation","reason":"incomplete","assetId":"asset-1","openTime":"2026-07-13T00:00:00.000Z","complete":false,"providerFinal":true,"sourceContinuity":false}
[Nest] 840789  - 10/10/2026, 2:47:30 PM    WARN [LiveCandleFinalizerService] {"event":"live_candle_finalize_deferred_to_reconciliation","reason":"incomplete","assetId":"asset-1","openTime":"2026-07-13T00:00:00.000Z","complete":true,"providerFinal":true,"sourceContinuity":true}
[Nest] 840789  - 10/10/2026, 2:47:30 PM    WARN [LiveCandleFinalizerService] {"event":"live_candle_finalize_failed","assetId":"asset-1","openTime":"2026-07-13T00:00:00.000Z","error":"Error"}
[Nest] 840789  - 10/10/2026, 2:47:30 PM     LOG [LiveCandleFinalizerService] {"event":"live_candle_finalized_old_generation","assetId":"asset-1","openTime":"2026-07-13T00:00:00.000Z"}
[Nest] 840789  - 10/10/2026, 2:47:30 PM     LOG [LiveCandleFinalizerService] {"event":"live_candle_finalized_old_generation","assetId":"asset-1","openTime":"2026-07-13T00:00:00.000Z"}
[Nest] 840789  - 10/10/2026, 2:47:30 PM    WARN [LiveCandleFinalizerService] {"event":"live_candle_finalize_deferred_to_reconciliation","reason":"old_generation","assetId":"asset-1","openTime":"2026-07-13T00:00:00.000Z","complete":true,"providerFinal":false,"sourceContinuity":true}
[Nest] 840789  - 10/10/2026, 2:47:30 PM     LOG [LiveCandleFinalizerService] {"event":"live_candle_pending_bucket_repaired","assetId":"asset-1","openTime":"2026-07-13T00:00:00.000Z"}
[Nest] 840789  - 10/10/2026, 2:47:30 PM    WARN [LiveCandleFinalizerService] {"event":"live_candle_pending_bucket_repair_failed","assetId":"asset-1","openTime":"2026-07-13T00:00:00.000Z","permanent":false,"error":"Error"}
[Nest] 840789  - 10/10/2026, 2:47:30 PM    WARN [LiveCandleFinalizerService] {"event":"live_candle_pending_bucket_repair_failed","assetId":"gone-asset","openTime":"2026-07-13T00:00:00.000Z","permanent":true,"error":"MarketCandleSyncInputError"}
[Nest] 840789  - 10/10/2026, 2:47:30 PM   ERROR [SeasonSettlementJobService] {"event":"season_settlement_blocked_open_limit_reservations","seasonId":"season-1","openLimitOrderCount":2,"reservedWalletCount":0,"reservedPositionCount":0,"activeProtectionCount":0,"openFuturesEntryCount":0,"recovery":"run season lifecycle transition cleanup to cancel open limit orders and release reservations, then retry settlement"}
[Nest] 840789  - 10/10/2026, 2:47:30 PM   ERROR [SeasonSettlementJobService] {"event":"season_settlement_blocked_open_limit_reservations","seasonId":"season-1","openLimitOrderCount":0,"reservedWalletCount":1,"reservedPositionCount":0,"activeProtectionCount":0,"openFuturesEntryCount":0,"recovery":"run season lifecycle transition cleanup to cancel open limit orders and release reservations, then retry settlement"}
[Nest] 840789  - 10/10/2026, 2:47:30 PM   ERROR [SeasonSettlementJobService] {"event":"season_settlement_blocked_open_limit_reservations","seasonId":"season-1","openLimitOrderCount":0,"reservedWalletCount":0,"reservedPositionCount":0,"activeProtectionCount":0,"openFuturesEntryCount":1,"recovery":"run season lifecycle transition cleanup to cancel open limit orders and release reservations, then retry settlement"}
[Nest] 840789  - 10/10/2026, 2:47:30 PM   ERROR [SeasonSettlementJobService] {"event":"season_settlement_blocked_open_limit_reservations","seasonId":"season-1","openLimitOrderCount":0,"reservedWalletCount":0,"reservedPositionCount":0,"activeProtectionCount":0,"openFuturesEntryCount":1,"recovery":"run season lifecycle transition cleanup to cancel open limit orders and release reservations, then retry settlement"}
[Nest] 840789  - 10/10/2026, 2:47:30 PM    WARN [GlobalHttpExceptionFilter] {"event":"admin_http_request_failed","surface":"authenticated_http","requestId":"foundation-request","code":"WALLET_FAILURE","httpStatus":409,"exceptionType":"HttpException","safeCause":{"category":"unexpected_error","errorType":"HttpException"}}
[Nest] 840789  - 10/10/2026, 2:47:30 PM    WARN [GlobalHttpExceptionFilter] {"event":"admin_http_request_failed","surface":"authenticated_http","requestId":"foundation-request","code":"WALLET_FAILURE","httpStatus":409,"exceptionType":"HttpException","safeCause":{"category":"unexpected_error","errorType":"HttpException"}}
[Nest] 840789  - 10/10/2026, 2:47:30 PM    WARN [GlobalHttpExceptionFilter] {"event":"admin_http_request_failed","surface":"authenticated_http","requestId":"foundation-request","code":"WALLET_FAILURE","httpStatus":409,"exceptionType":"HttpException","safeCause":{"category":"unexpected_error","errorType":"HttpException"}}
[Nest] 840789  - 10/10/2026, 2:47:30 PM    WARN [GlobalHttpExceptionFilter] {"event":"admin_http_request_failed","surface":"authenticated_http","requestId":"foundation-request","code":"WALLET_FAILURE","httpStatus":409,"exceptionType":"HttpException","safeCause":{"category":"unexpected_error","errorType":"HttpException"}}
[Nest] 840789  - 10/10/2026, 2:47:30 PM    WARN [GlobalHttpExceptionFilter] {"event":"admin_http_request_failed","surface":"authenticated_http","requestId":"foundation-request","code":"WALLET_FAILURE","httpStatus":409,"exceptionType":"HttpException","safeCause":{"category":"unexpected_error","errorType":"HttpException"}}
[Nest] 840789  - 10/10/2026, 2:47:30 PM    WARN [GlobalHttpExceptionFilter] {"event":"admin_http_request_failed","surface":"authenticated_http","requestId":"foundation-request","code":"PROTECTION_POSITION_UNAVAILABLE","httpStatus":409,"exceptionType":"HttpException","safeCause":{"category":"unexpected_error","errorType":"HttpException"}}
[Nest] 840789  - 10/10/2026, 2:47:30 PM    WARN [GlobalHttpExceptionFilter] {"event":"admin_http_request_failed","surface":"authenticated_http","requestId":"foundation-request","code":"PROTECTION_POSITION_UNAVAILABLE","httpStatus":409,"exceptionType":"HttpException","safeCause":{"category":"unexpected_error","errorType":"HttpException"}}
[Nest] 840789  - 10/10/2026, 2:47:30 PM    WARN [GlobalHttpExceptionFilter] {"event":"admin_http_request_failed","surface":"authenticated_http","requestId":"foundation-request","code":"PROTECTION_CHILD_CHANGED","httpStatus":409,"exceptionType":"HttpException","safeCause":{"category":"unexpected_error","errorType":"HttpException"}}
[Nest] 840789  - 10/10/2026, 2:47:30 PM    WARN [GlobalHttpExceptionFilter] {"event":"admin_http_request_failed","surface":"authenticated_http","requestId":"foundation-request","code":"PROTECTION_CHILD_CHANGED","httpStatus":409,"exceptionType":"HttpException","safeCause":{"category":"unexpected_error","errorType":"HttpException"}}
[Nest] 840789  - 10/10/2026, 2:47:30 PM    WARN [GlobalHttpExceptionFilter] {"event":"admin_http_request_failed","surface":"authenticated_http","requestId":"foundation-request","code":"CONDITIONAL_LIMIT_UNAVAILABLE","httpStatus":409,"exceptionType":"HttpException","safeCause":{"category":"unexpected_error","errorType":"HttpException"}}
[Nest] 840789  - 10/10/2026, 2:47:30 PM    WARN [GlobalHttpExceptionFilter] {"event":"admin_http_request_failed","surface":"authenticated_http","requestId":"foundation-request","code":"FUTURES_FINAL_SETTLEMENT_REQUIRED","httpStatus":409,"exceptionType":"HttpException","safeCause":{"category":"unexpected_error","errorType":"HttpException"}}
[Nest] 840789  - 10/10/2026, 2:47:30 PM    WARN [GlobalHttpExceptionFilter] {"event":"admin_http_request_failed","surface":"authenticated_http","requestId":"foundation-request","code":"SEASON_NOT_ENDED","httpStatus":409,"exceptionType":"HttpException","safeCause":{"category":"unexpected_error","errorType":"HttpException"}}
[Nest] 840789  - 10/10/2026, 2:47:30 PM    WARN [GlobalHttpExceptionFilter] {"event":"admin_http_request_failed","surface":"authenticated_http","requestId":"foundation-request","code":"OPEN_LIMIT_ORDER_RESERVATIONS","httpStatus":409,"exceptionType":"HttpException","safeCause":{"category":"unexpected_error","errorType":"HttpException"}}
[Nest] 840789  - 10/10/2026, 2:47:30 PM    WARN [GlobalHttpExceptionFilter] {"event":"admin_http_request_failed","surface":"authenticated_http","requestId":"foundation-request","code":"FUTURES_FINAL_PRICE_UNAVAILABLE","httpStatus":409,"exceptionType":"HttpException","safeCause":{"category":"unexpected_error","errorType":"HttpException"}}
[Nest] 840789  - 10/10/2026, 2:47:30 PM    WARN [GlobalHttpExceptionFilter] {"event":"admin_http_request_failed","surface":"authenticated_http","requestId":"foundation-request","code":"FUTURES_FINAL_PRICE_UNAVAILABLE","httpStatus":409,"exceptionType":"HttpException","safeCause":{"category":"unexpected_error","errorType":"HttpException"}}
[Nest] 840789  - 10/10/2026, 2:47:30 PM    WARN [GlobalHttpExceptionFilter] {"event":"admin_http_request_failed","surface":"authenticated_http","requestId":"foundation-request","code":"FUTURES_FINAL_PRICE_UNAVAILABLE","httpStatus":409,"exceptionType":"HttpException","safeCause":{"category":"unexpected_error","errorType":"HttpException"}}
[Nest] 840789  - 10/10/2026, 2:47:30 PM    WARN [GlobalHttpExceptionFilter] {"event":"admin_http_request_failed","surface":"authenticated_http","requestId":"foundation-request","code":"FUTURES_FINAL_EVIDENCE_INTEGRITY","httpStatus":409,"exceptionType":"HttpException","safeCause":{"category":"unexpected_error","errorType":"HttpException"}}
[Nest] 840789  - 10/10/2026, 2:47:30 PM    WARN [GlobalHttpExceptionFilter] {"event":"admin_http_request_failed","surface":"authenticated_http","requestId":"foundation-request","code":"FUTURES_FINAL_SETTLEMENT_INTEGRITY","httpStatus":409,"exceptionType":"HttpException","safeCause":{"category":"unexpected_error","errorType":"HttpException"}}
[Nest] 840789  - 10/10/2026, 2:47:30 PM   ERROR [GlobalHttpExceptionFilter] {"event":"admin_http_request_failed","surface":"authenticated_http","requestId":"foundation-request","code":"NEW_SYNTHETIC_ERROR","httpStatus":503,"exceptionType":"HttpException","safeCause":{"category":"unexpected_error","errorType":"HttpException"}}
[Nest] 840789  - 10/10/2026, 2:47:30 PM   ERROR [GlobalHttpExceptionFilter] {"event":"admin_http_request_failed","surface":"authenticated_http","requestId":"foundation-request","code":"INTERNAL_SERVER_ERROR","httpStatus":500,"exceptionType":"HttpException","safeCause":{"category":"unexpected_error","errorType":"HttpException"}}
[Nest] 840789  - 10/10/2026, 2:47:30 PM    WARN [GlobalHttpExceptionFilter] {"event":"admin_http_request_failed","surface":"authenticated_http","requestId":"foundation-request","code":"NEW_DOMAIN_CODE","httpStatus":409,"exceptionType":"HttpException","safeCause":{"category":"unexpected_error","errorType":"HttpException"}}
[Nest] 840789  - 10/10/2026, 2:47:30 PM    WARN [GlobalHttpExceptionFilter] {"event":"admin_http_request_failed","surface":"authenticated_http","requestId":"foundation-request","code":"NEW_DOMAIN_CODE","httpStatus":409,"exceptionType":"HttpException","safeCause":{"category":"unexpected_error","errorType":"HttpException"}}
[Nest] 840789  - 10/10/2026, 2:47:30 PM    WARN [GlobalHttpExceptionFilter] {"event":"admin_http_request_failed","surface":"authenticated_http","requestId":"foundation-request","code":"NEW_DOMAIN_CODE","httpStatus":409,"exceptionType":"HttpException","safeCause":{"category":"unexpected_error","errorType":"HttpException"}}
[Nest] 840789  - 10/10/2026, 2:47:30 PM    WARN [GlobalHttpExceptionFilter] {"event":"http_request_failed","surface":"pre_auth_http","requestId":"foundation-request","code":"NEW_DOMAIN_CODE","httpStatus":409,"exceptionType":"HttpException","safeCause":{"category":"unexpected_error","errorType":"HttpException"}}
[Nest] 840789  - 10/10/2026, 2:47:30 PM    WARN [GlobalHttpExceptionFilter] {"event":"http_request_failed","surface":"pre_auth_http","requestId":"foundation-request","code":"NEW_DOMAIN_CODE","httpStatus":409,"exceptionType":"HttpException","safeCause":{"category":"unexpected_error","errorType":"HttpException"}}
[Nest] 840789  - 10/10/2026, 2:47:30 PM    WARN [GlobalHttpExceptionFilter] {"event":"http_request_failed","surface":"pre_auth_http","requestId":"foundation-request","code":"NEW_DOMAIN_CODE","httpStatus":409,"exceptionType":"HttpException","safeCause":{"category":"unexpected_error","errorType":"HttpException"}}
[Nest] 840789  - 10/10/2026, 2:47:30 PM   ERROR [GlobalHttpExceptionFilter] {"event":"admin_http_request_failed","surface":"authenticated_http","requestId":"foundation-request","code":"WALLET_TRANSACTION_FAILURE","httpStatus":503,"exceptionType":"HttpException","safeCause":{"category":"unexpected_error","errorType":"HttpException"}}
[Nest] 840789  - 10/10/2026, 2:47:30 PM   ERROR [GlobalHttpExceptionFilter] {"event":"admin_http_request_failed","surface":"authenticated_http","requestId":"foundation-request","code":"WALLET_TRANSACTION_FAILURE","httpStatus":503,"exceptionType":"HttpException","safeCause":{"category":"unexpected_error","errorType":"HttpException"}}
[Nest] 840789  - 10/10/2026, 2:47:30 PM   ERROR [GlobalHttpExceptionFilter] {"event":"admin_http_request_failed","surface":"authenticated_http","requestId":"foundation-request","code":"WALLET_TRANSACTION_FAILURE","httpStatus":503,"exceptionType":"HttpException","safeCause":{"category":"unexpected_error","errorType":"HttpException"}}
[Nest] 840789  - 10/10/2026, 2:47:30 PM   ERROR [GlobalHttpExceptionFilter] {"event":"admin_http_request_failed","surface":"authenticated_http","requestId":"foundation-request","code":"WALLET_TRANSACTION_FAILURE","httpStatus":503,"exceptionType":"HttpException","safeCause":{"category":"unexpected_error","errorType":"HttpException"}}
[Nest] 840789  - 10/10/2026, 2:47:30 PM   ERROR [GlobalHttpExceptionFilter] {"event":"admin_http_request_failed","surface":"authenticated_http","requestId":"foundation-request","code":"WALLET_TRANSACTION_FAILURE","httpStatus":503,"exceptionType":"HttpException","safeCause":{"category":"unexpected_error","errorType":"HttpException"}}
[Nest] 840789  - 10/10/2026, 2:47:30 PM    WARN [GlobalHttpExceptionFilter] {"event":"admin_http_request_failed","surface":"authenticated_http","requestId":"foundation-request","code":"PROTECTION_CONFLICT","httpStatus":409,"exceptionType":"HttpException","safeCause":{"category":"unexpected_error","errorType":"HttpException"}}
[Nest] 840789  - 10/10/2026, 2:47:30 PM    WARN [GlobalHttpExceptionFilter] {"event":"admin_http_request_failed","surface":"authenticated_http","requestId":"foundation-request","code":"PROTECTION_CONFLICT","httpStatus":409,"exceptionType":"HttpException","safeCause":{"category":"unexpected_error","errorType":"HttpException"}}
[Nest] 840789  - 10/10/2026, 2:47:30 PM    WARN [GlobalHttpExceptionFilter] {"event":"admin_http_request_failed","surface":"authenticated_http","requestId":"foundation-request","code":"PROTECTION_CONFLICT","httpStatus":409,"exceptionType":"HttpException","safeCause":{"category":"unexpected_error","errorType":"HttpException"}}
[Nest] 840789  - 10/10/2026, 2:47:30 PM    WARN [GlobalHttpExceptionFilter] {"event":"admin_http_request_failed","surface":"authenticated_http","requestId":"foundation-request","code":"NEW_SYNTHETIC_ERROR","httpStatus":409,"exceptionType":"HttpException","safeCause":{"category":"unexpected_error","errorType":"HttpException"}}
[Nest] 840789  - 10/10/2026, 2:47:30 PM    WARN [GlobalHttpExceptionFilter] {"event":"admin_http_request_failed","surface":"authenticated_http","requestId":"foundation-request","code":"NEW_SYNTHETIC_ERROR","httpStatus":409,"exceptionType":"HttpException","safeCause":{"category":"unexpected_error","errorType":"HttpException"}}
[Nest] 840789  - 10/10/2026, 2:47:30 PM    WARN [GlobalHttpExceptionFilter] {"event":"admin_http_request_failed","surface":"authenticated_http","requestId":"foundation-request","code":"NEW_SYNTHETIC_ERROR","httpStatus":409,"exceptionType":"HttpException","safeCause":{"category":"unexpected_error","errorType":"HttpException"}}
[Nest] 840789  - 10/10/2026, 2:47:30 PM    WARN [GlobalHttpExceptionFilter] {"event":"admin_http_request_failed","surface":"authenticated_http","requestId":"foundation-request","code":"NEW_SYNTHETIC_ERROR","httpStatus":409,"exceptionType":"HttpException","safeCause":{"category":"unexpected_error","errorType":"HttpException"}}
[Nest] 840789  - 10/10/2026, 2:47:30 PM    WARN [GlobalHttpExceptionFilter] {"event":"admin_http_request_failed","surface":"authenticated_http","requestId":"foundation-request","code":"NEW_SYNTHETIC_ERROR","httpStatus":409,"exceptionType":"HttpException","safeCause":{"category":"unexpected_error","errorType":"HttpException"}}
[Nest] 840789  - 10/10/2026, 2:47:30 PM    WARN [GlobalHttpExceptionFilter] {"event":"admin_http_request_failed","surface":"authenticated_http","requestId":"foundation-request","code":"NEW_SYNTHETIC_ERROR","httpStatus":409,"exceptionType":"HttpException","safeCause":{"category":"unexpected_error","errorType":"HttpException"}}
[Nest] 840789  - 10/10/2026, 2:47:30 PM    WARN [GlobalHttpExceptionFilter] {"event":"admin_http_request_failed","surface":"authenticated_http","requestId":"foundation-request","code":"NEW_SYNTHETIC_ERROR","httpStatus":409,"exceptionType":"HttpException","safeCause":{"category":"unexpected_error","errorType":"HttpException"}}
[Nest] 840789  - 10/10/2026, 2:47:30 PM   ERROR [GlobalHttpExceptionFilter] {"event":"http_request_failed","surface":"authenticated_http","requestId":"foundation-request","code":"NEW_SYNTHETIC_ERROR","httpStatus":503,"exceptionType":"HttpException","safeCause":{"category":"unexpected_error","errorType":"HttpException"}}
[Nest] 840789  - 10/10/2026, 2:47:30 PM   ERROR [GlobalHttpExceptionFilter] {"event":"http_request_failed","surface":"authenticated_http","requestId":"foundation-request","code":"NEW_SYNTHETIC_ERROR","httpStatus":503,"exceptionType":"HttpException","safeCause":{"category":"unexpected_error","errorType":"HttpException"}}
[Nest] 840789  - 10/10/2026, 2:47:30 PM   ERROR [GlobalHttpExceptionFilter] {"event":"http_request_failed","surface":"pre_auth_http","requestId":"foundation-request","code":"NEW_SYNTHETIC_ERROR","httpStatus":503,"exceptionType":"HttpException","safeCause":{"category":"unexpected_error","errorType":"HttpException"}}
[Nest] 840789  - 10/10/2026, 2:47:30 PM    WARN [GlobalHttpExceptionFilter] {"event":"admin_http_request_failed","surface":"authenticated_http","requestId":"foundation-request","code":"NEW_SYNTHETIC_ERROR","httpStatus":409,"exceptionType":"HttpException","safeCause":{"category":"unexpected_error","errorType":"HttpException"}}
[Nest] 840789  - 10/10/2026, 2:47:30 PM   ERROR [GlobalHttpExceptionFilter] {"event":"admin_http_request_failed","surface":"authenticated_http","requestId":"foundation-request","code":"INTERNAL_SERVER_ERROR","httpStatus":500,"exceptionType":"Error","safeCause":{"category":"unexpected_error","errorType":"Error"}}
[Nest] 840789  - 10/10/2026, 2:47:30 PM   ERROR [GlobalHttpExceptionFilter] {"event":"admin_http_request_failed","surface":"authenticated_http","requestId":"foundation-request","code":"INTERNAL_SERVER_ERROR","httpStatus":500,"exceptionType":"Error","safeCause":{"category":"db_transaction_conflict","errorType":"Error","code":"P2034"}}
[Nest] 840789  - 10/10/2026, 2:47:31 PM     LOG [CandleServingService] {"event":"candle_delivery","state":"legacy_provider","assetId":"asset-1","interval":"5m","range":"1d","limit":100,"reason":"serving_mode_legacy"}
[Nest] 840789  - 10/10/2026, 2:47:31 PM     LOG [CandleServingService] {"event":"candle_delivery","state":"fresh_cache","assetId":"asset-1","interval":"5m","range":"1d","limit":100,"sourceInterval":"5m","requiresAggregation":false,"requestedFrom":"2026-07-12T00:00:00.000Z","requestedTo":"2026-07-13T00:00:00.000Z","sourceFrom":"2026-07-12T00:00:00.000Z","sourceTo":"2026-07-13T00:00:00.000Z"}
[Nest] 840789  - 10/10/2026, 2:47:31 PM     LOG [CandleServingService] {"event":"candle_delivery","state":"database_fresh","assetId":"asset-1","interval":"5m","range":"1d","limit":100,"sourceInterval":"5m","requiresAggregation":false,"requestedFrom":"2026-07-12T00:00:00.000Z","requestedTo":"2026-07-13T00:00:00.000Z","sourceFrom":"2026-07-12T00:00:00.000Z","sourceTo":"2026-07-13T00:00:00.000Z","completedCoverage":true}
[Nest] 840789  - 10/10/2026, 2:47:31 PM     LOG [CandleServingService] {"event":"candle_delivery","state":"provider_refreshed","assetId":"asset-1","interval":"5m","range":"1d","limit":100,"sourceInterval":"5m","requiresAggregation":false,"requestedFrom":"2026-07-12T00:00:00.000Z","requestedTo":"2026-07-13T00:00:00.000Z","sourceFrom":"2026-07-12T00:00:00.000Z","sourceTo":"2026-07-13T00:00:00.000Z","completedCoverage":true}
[Nest] 840789  - 10/10/2026, 2:47:31 PM     LOG [CandleServingService] {"event":"candle_delivery","state":"stale_cache_fallback","assetId":"asset-1","interval":"5m","range":"1d","limit":100,"sourceInterval":"5m","requiresAggregation":false,"requestedFrom":"2026-07-12T00:00:00.000Z","requestedTo":"2026-07-13T00:00:00.000Z","sourceFrom":"2026-07-12T00:00:00.000Z","sourceTo":"2026-07-13T00:00:00.000Z","reason":"CandleOperationalRefreshError"}
[Nest] 840789  - 10/10/2026, 2:47:31 PM     LOG [CandleServingService] {"event":"candle_delivery","state":"database_fallback","assetId":"asset-1","interval":"5m","range":"1d","limit":100,"sourceInterval":"5m","requiresAggregation":false,"requestedFrom":"2026-07-12T00:00:00.000Z","requestedTo":"2026-07-13T00:00:00.000Z","sourceFrom":"2026-07-12T00:00:00.000Z","sourceTo":"2026-07-13T00:00:00.000Z","completedCoverage":true,"reason":"refresh_incomplete_db_satisfied"}
[Nest] 840789  - 10/10/2026, 2:47:31 PM     LOG [CandleServingService] {"event":"candle_delivery","state":"legacy_provider","assetId":"asset-1","interval":"5m","range":"1d","limit":100,"sourceInterval":"5m","requiresAggregation":false,"requestedFrom":"2026-07-12T00:00:00.000Z","requestedTo":"2026-07-13T00:00:00.000Z","sourceFrom":"2026-07-12T00:00:00.000Z","sourceTo":"2026-07-13T00:00:00.000Z","reason":"interval_not_persisted"}
[Nest] 840789  - 10/10/2026, 2:47:31 PM     LOG [CandleServingService] {"event":"candle_delivery","state":"legacy_provider","assetId":"asset-1","interval":"5m","range":"1d","limit":100,"sourceInterval":"5m","requiresAggregation":false,"requestedFrom":"2026-07-12T00:00:00.000Z","requestedTo":"2026-07-13T00:00:00.000Z","sourceFrom":"2026-07-10T00:00:00.000Z","sourceTo":"2026-07-13T00:00:00.000Z","reason":"cold_baseline_required","coverageStatus":"insufficient","coveredTo":null,"coverageInteriorGap":false,"storedCandles":0,"droppedIncompleteBuckets":0}
[Nest] 840789  - 10/10/2026, 2:47:31 PM    WARN [CandleServingService] {"event":"candle_delivery_failed","state":"baseline_not_ready","assetId":"asset-1","interval":"30m","range":"1d","limit":100,"sourceInterval":"5m","requiresAggregation":true,"requestedFrom":"2026-06-29T00:00:00.000Z","requestedTo":"2026-07-13T00:00:00.000Z","sourceFrom":"2026-06-28T20:00:00.000Z","sourceTo":"2026-07-13T00:00:00.000Z","reason":"cold_baseline_required","coverageStatus":"insufficient","coveredTo":null,"coverageInteriorGap":false,"storedCandles":0,"droppedIncompleteBuckets":0}
[Nest] 840789  - 10/10/2026, 2:47:31 PM    WARN [CandleServingService] {"event":"candle_delivery_failed","state":"baseline_not_ready","assetId":"asset-1","interval":"1h","range":"1d","limit":100,"sourceInterval":"5m","requiresAggregation":true,"requestedFrom":"2026-06-29T00:00:00.000Z","requestedTo":"2026-07-13T00:00:00.000Z","sourceFrom":"2026-06-28T20:00:00.000Z","sourceTo":"2026-07-13T00:00:00.000Z","reason":"cold_baseline_required","coverageStatus":"insufficient","coveredTo":null,"coverageInteriorGap":false,"storedCandles":0,"droppedIncompleteBuckets":0}
[Nest] 840789  - 10/10/2026, 2:47:31 PM    WARN [CandleServingService] {"event":"candle_delivery_failed","state":"baseline_not_ready","assetId":"asset-1","interval":"4h","range":"1d","limit":100,"sourceInterval":"5m","requiresAggregation":true,"requestedFrom":"2026-06-13T00:00:00.000Z","requestedTo":"2026-07-13T00:00:00.000Z","sourceFrom":"2026-06-12T20:00:00.000Z","sourceTo":"2026-07-13T00:00:00.000Z","reason":"cold_baseline_required","coverageStatus":"insufficient","coveredTo":null,"coverageInteriorGap":false,"storedCandles":0,"droppedIncompleteBuckets":0}
[Nest] 840789  - 10/10/2026, 2:47:31 PM    WARN [CandleServingService] {"event":"candle_delivery_failed","state":"baseline_not_ready","assetId":"asset-1","interval":"15m","range":"1d","limit":100,"sourceInterval":"5m","requiresAggregation":true,"requestedFrom":"2026-07-06T00:00:00.000Z","requestedTo":"2026-07-13T00:00:00.000Z","sourceFrom":"2026-07-05T20:00:00.000Z","sourceTo":"2026-07-13T00:00:00.000Z","reason":"cold_baseline_required","coverageStatus":"insufficient","coveredTo":null,"coverageInteriorGap":false,"storedCandles":0,"droppedIncompleteBuckets":0}
[Nest] 840789  - 10/10/2026, 2:47:31 PM     LOG [CandleServingService] {"event":"candle_delivery","state":"database_partial","assetId":"asset-1","interval":"30m","range":"1d","limit":100,"sourceInterval":"5m","requiresAggregation":true,"requestedFrom":"2026-06-29T00:00:00.000Z","requestedTo":"2026-07-13T00:00:00.000Z","sourceFrom":"2026-06-28T20:00:00.000Z","sourceTo":"2026-07-13T00:00:00.000Z","reason":"cold_baseline_partial_window","coverageStatus":"insufficient","coveredTo":null,"coverageInteriorGap":false,"storedCandles":96,"droppedIncompleteBuckets":0}
[Nest] 840789  - 10/10/2026, 2:47:31 PM     LOG [CandleServingService] {"event":"candle_delivery","state":"database_fresh","assetId":"asset-1","interval":"4h","range":"1d","limit":100,"sourceInterval":"5m","requiresAggregation":true,"requestedFrom":"2026-06-13T00:00:00.000Z","requestedTo":"2026-07-13T00:00:00.000Z","sourceFrom":"2026-06-12T20:00:00.000Z","sourceTo":"2026-07-13T00:00:00.000Z","completedCoverage":false}
[Nest] 840789  - 10/10/2026, 2:47:31 PM    WARN [CandleServingService] {"event":"candle_delivery_failed","state":"baseline_not_ready","assetId":"asset-1","interval":"1h","range":"1d","limit":100,"sourceInterval":"5m","requiresAggregation":true,"requestedFrom":"2026-06-29T00:00:00.000Z","requestedTo":"2026-07-13T00:00:00.000Z","sourceFrom":"2026-06-28T20:00:00.000Z","sourceTo":"2026-07-13T00:00:00.000Z","reason":"cold_baseline_required","coverageStatus":"insufficient","coveredTo":null,"coverageInteriorGap":false,"storedCandles":0,"droppedIncompleteBuckets":0}
[Nest] 840789  - 10/10/2026, 2:47:31 PM     LOG [CandleServingService] {"event":"candle_delivery","state":"database_partial","assetId":"asset-1","interval":"5m","range":"1d","limit":100,"sourceInterval":"5m","requiresAggregation":false,"requestedFrom":"2026-07-11T12:00:00.000Z","requestedTo":"2026-07-13T00:00:00.000Z","sourceFrom":"2026-07-11T12:00:00.000Z","sourceTo":"2026-07-13T00:00:00.000Z","reason":"coverage_unconfirmed","syncStopReason":"data_incomplete","syncErrorCode":null,"coverageStatus":"insufficient","coveredTo":null,"coverageInteriorGap":false,"storedCandles":137,"droppedIncompleteBuckets":0}
[Nest] 840789  - 10/10/2026, 2:47:31 PM     LOG [CandleServingService] {"event":"candle_delivery","state":"legacy_provider","assetId":"asset-1","interval":"1d","range":"1d","limit":100,"sourceInterval":"1d","requiresAggregation":false,"requestedFrom":"2026-07-12T00:00:00.000Z","requestedTo":"2026-07-13T00:00:00.000Z","sourceFrom":"2025-07-13T00:00:00.000Z","sourceTo":"2026-07-13T00:00:00.000Z","reason":"cold_baseline_required","coverageStatus":"insufficient","coveredTo":null,"coverageInteriorGap":false,"storedCandles":0,"droppedIncompleteBuckets":0}
[Nest] 840789  - 10/10/2026, 2:47:31 PM     LOG [CandleServingService] {"event":"candle_delivery","state":"database_fresh","assetId":"asset-1","interval":"4h","range":"1d","limit":100,"sourceInterval":"5m","requiresAggregation":true,"requestedFrom":"2026-06-13T00:00:00.000Z","requestedTo":"2026-07-13T00:00:00.000Z","sourceFrom":"2026-06-12T20:00:00.000Z","sourceTo":"2026-07-13T00:00:00.000Z","completedCoverage":true}
[Nest] 840789  - 10/10/2026, 2:47:31 PM     LOG [CandleServingService] {"event":"candle_delivery","state":"legacy_provider","assetId":"asset-1","interval":"4h","range":"1d","limit":100,"reason":"serving_mode_legacy"}
[Nest] 840789  - 10/10/2026, 2:47:31 PM     LOG [CandleServingService] {"event":"candle_delivery","state":"database_partial","assetId":"asset-1","interval":"4h","range":"1d","limit":100,"sourceInterval":"5m","requiresAggregation":true,"requestedFrom":"2026-06-13T00:00:00.000Z","requestedTo":"2026-07-13T00:00:00.000Z","sourceFrom":"2026-06-12T20:00:00.000Z","sourceTo":"2026-07-13T00:00:00.000Z","reason":"incomplete_buckets_dropped","syncStopReason":null,"syncErrorCode":null,"coverageStatus":"complete","coveredTo":"2026-07-13T00:00:00.000Z","coverageInteriorGap":false,"storedCandles":1,"droppedIncompleteBuckets":2}
[Nest] 840789  - 10/10/2026, 2:47:31 PM    WARN [CandleServingService] {"event":"candle_delivery_failed","state":"managed_unresolved","assetId":"asset-1","interval":"5m","range":"1d","limit":100,"sourceInterval":"5m","requiresAggregation":false,"requestedFrom":"2026-07-12T00:00:00.000Z","requestedTo":"2026-07-13T00:00:00.000Z","sourceFrom":"2026-07-12T00:00:00.000Z","sourceTo":"2026-07-13T00:00:00.000Z","reason":"CandleOperationalRefreshError","safeCause":{"category":"unexpected_error","errorType":"Error"}}
[Nest] 840789  - 10/10/2026, 2:47:31 PM    WARN [CandleServingService] {"event":"candle_delivery_failed","state":"managed_unresolved","assetId":"asset-1","interval":"5m","range":"1d","limit":100,"sourceInterval":"5m","requiresAggregation":false,"requestedFrom":"2026-07-12T00:00:00.000Z","requestedTo":"2026-07-13T00:00:00.000Z","sourceFrom":"2026-07-12T00:00:00.000Z","sourceTo":"2026-07-13T00:00:00.000Z","reason":"CandleOperationalRefreshError","safeCause":{"category":"unexpected_error","errorType":"Error"}}
[Nest] 840789  - 10/10/2026, 2:47:31 PM    WARN [CandleServingService] {"event":"candle_delivery_failed","state":"managed_unresolved","assetId":"asset-2","interval":"5m","range":"1d","limit":100,"sourceInterval":"5m","requiresAggregation":false,"requestedFrom":"2026-07-12T00:00:00.000Z","requestedTo":"2026-07-13T00:00:00.000Z","sourceFrom":"2026-07-12T00:00:00.000Z","sourceTo":"2026-07-13T00:00:00.000Z","reason":"CandleOperationalRefreshError","safeCause":{"category":"unexpected_error","errorType":"Error"}}
[Nest] 840789  - 10/10/2026, 2:47:31 PM     LOG [CandleServingService] {"event":"candle_delivery","state":"stale_cache_fallback","assetId":"asset-1","interval":"5m","range":"1d","limit":100,"sourceInterval":"5m","requiresAggregation":false,"requestedFrom":"2026-07-12T00:00:00.000Z","requestedTo":"2026-07-13T00:00:00.000Z","sourceFrom":"2026-07-12T00:00:00.000Z","sourceTo":"2026-07-13T00:00:00.000Z","reason":"PrismaClientInitializationError","failureStage":"candle_database_read","safeCause":{"category":"database_failure","errorType":"PrismaClientInitializationError"}}
[Nest] 840789  - 10/10/2026, 2:47:31 PM     LOG [CandleServingService] {"event":"candle_delivery","state":"stale_cache_fallback","assetId":"asset-1","interval":"5m","range":"1d","limit":100,"sourceInterval":"5m","requiresAggregation":false,"requestedFrom":"2026-07-12T00:00:00.000Z","requestedTo":"2026-07-13T00:00:00.000Z","sourceFrom":"2026-07-12T00:00:00.000Z","sourceTo":"2026-07-13T00:00:00.000Z","reason":"PrismaClientKnownRequestError","failureStage":"candle_database_read","safeCause":{"category":"database_failure","errorType":"PrismaClientKnownRequestError"}}
[Nest] 840789  - 10/10/2026, 2:47:31 PM     LOG [CandleServingService] {"event":"candle_delivery","state":"fresh_cache","assetId":"asset-1","interval":"5m","range":"1d","limit":100,"sourceInterval":"5m","requiresAggregation":false,"requestedFrom":"2026-07-12T00:00:00.000Z","requestedTo":"2026-07-13T00:00:00.000Z","sourceFrom":"2026-07-12T00:00:00.000Z","sourceTo":"2026-07-13T00:00:00.000Z"}
[Nest] 840789  - 10/10/2026, 2:47:31 PM     LOG [CandleServingService] {"event":"candle_delivery","state":"stale_cache_fallback","assetId":"asset-1","interval":"5m","range":"1d","limit":100,"sourceInterval":"5m","requiresAggregation":false,"requestedFrom":"2026-07-12T00:00:00.000Z","requestedTo":"2026-07-13T00:00:00.000Z","sourceFrom":"2026-07-12T00:00:00.000Z","sourceTo":"2026-07-13T00:00:00.000Z","reason":"PrismaClientInitializationError","failureStage":"candle_database_read","safeCause":{"category":"database_failure","errorType":"PrismaClientInitializationError"}}
[Nest] 840789  - 10/10/2026, 2:47:31 PM     LOG [CandleServingService] {"event":"candle_delivery","state":"database_fresh","assetId":"asset-1","interval":"5m","range":"1d","limit":100,"sourceInterval":"5m","requiresAggregation":false,"requestedFrom":"2026-07-12T00:00:00.000Z","requestedTo":"2026-07-13T00:00:00.000Z","sourceFrom":"2026-07-12T00:00:00.000Z","sourceTo":"2026-07-13T00:00:00.000Z","completedCoverage":true}
[Nest] 840789  - 10/10/2026, 2:47:31 PM    WARN [CandleServingService] {"event":"candle_delivery_failed","state":"managed_unresolved","assetId":"asset-1","interval":"5m","range":"1d","limit":100,"sourceInterval":"5m","requiresAggregation":false,"requestedFrom":"2026-07-12T00:00:00.000Z","requestedTo":"2026-07-13T00:00:00.000Z","sourceFrom":"2026-07-12T00:00:00.000Z","sourceTo":"2026-07-13T00:00:00.000Z","reason":"P1001","safeCause":{"category":"db_connection_failed","errorType":"Error","code":"P1001"}}
[Nest] 840789  - 10/10/2026, 2:47:31 PM     LOG [RankingRefreshService] Current ranking refreshed for season season-1: 33 participants.
[Nest] 840789  - 10/10/2026, 2:47:31 PM     LOG [RankingRefreshService] Current ranking refreshed for season season-1: 1 participants.
[Nest] 840789  - 10/10/2026, 2:47:31 PM   ERROR [RankingRefreshService] Current ranking refresh failed for season season-1.
HttpException: Http Exception
    at throwRankingSourceScope (/home/nayuta/projects/trading-app/backend/src/ranking/ranking-source-scope.ts:46:9)
    at assertRankingSourceSnapshotScopes (/home/nayuta/projects/trading-app/backend/src/ranking/ranking-source-scope.ts:151:7)
    at RankingRefreshService.findEquityHistory (/home/nayuta/projects/trading-app/backend/src/ranking/ranking-refresh.service.ts:422:38)
    at RankingRefreshService.calculateAndReplace (/home/nayuta/projects/trading-app/backend/src/ranking/ranking-refresh.service.ts:271:27)
    at RankingRefreshService.drainRefreshes (/home/nayuta/projects/trading-app/backend/src/ranking/ranking-refresh.service.ts:165:20)
    at /home/nayuta/projects/trading-app/backend/src/ranking/ranking-refresh-batching.spec.ts:293:7
[Nest] 840789  - 10/10/2026, 2:47:31 PM   ERROR [RankingRefreshService] Current ranking refresh failed for season season-1.
HttpException: Http Exception
    at throwRankingSourceScope (/home/nayuta/projects/trading-app/backend/src/ranking/ranking-source-scope.ts:46:9)
    at assertRankingSourceSnapshotScopes (/home/nayuta/projects/trading-app/backend/src/ranking/ranking-source-scope.ts:151:7)
    at RankingRefreshService.findEquityHistory (/home/nayuta/projects/trading-app/backend/src/ranking/ranking-refresh.service.ts:422:38)
    at RankingRefreshService.calculateAndReplace (/home/nayuta/projects/trading-app/backend/src/ranking/ranking-refresh.service.ts:271:27)
    at RankingRefreshService.drainRefreshes (/home/nayuta/projects/trading-app/backend/src/ranking/ranking-refresh.service.ts:165:20)
    at /home/nayuta/projects/trading-app/backend/src/ranking/ranking-refresh-batching.spec.ts:293:7
[Nest] 840789  - 10/10/2026, 2:47:31 PM   ERROR [RankingRefreshService] Current ranking refresh failed for season season-1.
HttpException: Http Exception
    at throwRankingSourceScope (/home/nayuta/projects/trading-app/backend/src/ranking/ranking-source-scope.ts:46:9)
    at assertRankingSourceSnapshotScopes (/home/nayuta/projects/trading-app/backend/src/ranking/ranking-source-scope.ts:151:7)
    at RankingRefreshService.findEquityHistory (/home/nayuta/projects/trading-app/backend/src/ranking/ranking-refresh.service.ts:422:38)
    at RankingRefreshService.calculateAndReplace (/home/nayuta/projects/trading-app/backend/src/ranking/ranking-refresh.service.ts:271:27)
    at RankingRefreshService.drainRefreshes (/home/nayuta/projects/trading-app/backend/src/ranking/ranking-refresh.service.ts:165:20)
    at /home/nayuta/projects/trading-app/backend/src/ranking/ranking-refresh-batching.spec.ts:293:7
[Nest] 840789  - 10/10/2026, 2:47:31 PM     LOG [LimitOrderCancelService] {"event":"limit_order_season_end_cleanup","canceledOrderCount":2}
[Nest] 840789  - 10/10/2026, 9:00:00 AM    WARN [FuturesLastPriceIngestion] FUTURES_LAST_PRICE_INVALID_FRAME
[Nest] 840789  - 10/10/2026, 9:00:00 AM    WARN [FuturesLastPriceIngestion] FUTURES_LAST_PRICE_REST_UNAVAILABLE
[Nest] 840789  - 10/10/2026, 2:47:32 PM    WARN [GlobalHttpExceptionFilter] {"event":"admin_http_request_failed","surface":"authenticated_http","requestId":"f3-diagnostic","code":"FUTURES_FINAL_PRICE_UNAVAILABLE","httpStatus":409,"exceptionType":"HttpException","safeCause":{"category":"unexpected_error","errorType":"HttpException"}}
[Nest] 840789  - 10/10/2026, 2:47:32 PM   ERROR [GlobalHttpExceptionFilter] {"event":"admin_http_request_failed","surface":"authenticated_http","requestId":"f3-diagnostic","code":"FUTURES_PRICE_UNAVAILABLE","httpStatus":503,"exceptionType":"HttpException","safeCause":{"category":"unexpected_error","errorType":"HttpException"}}
[Nest] 840789  - 10/10/2026, 2:47:32 PM   ERROR [GlobalHttpExceptionFilter] {"event":"admin_http_request_failed","surface":"authenticated_http","requestId":"f3-diagnostic","code":"FUTURES_PRICE_STALE","httpStatus":503,"exceptionType":"HttpException","safeCause":{"category":"unexpected_error","errorType":"HttpException"}}
[Nest] 840789  - 10/10/2026, 2:47:32 PM    WARN [GlobalHttpExceptionFilter] {"event":"admin_http_request_failed","surface":"authenticated_http","requestId":"f3-diagnostic","code":"FUTURES_FINAL_SETTLEMENT_REQUIRED","httpStatus":409,"exceptionType":"HttpException","safeCause":{"category":"unexpected_error","errorType":"HttpException"}}
[Nest] 840789  - 10/10/2026, 2:47:32 PM    WARN [GlobalHttpExceptionFilter] {"event":"admin_http_request_failed","surface":"authenticated_http","requestId":"f3-diagnostic","code":"FUTURES_FINAL_EVIDENCE_INTEGRITY","httpStatus":409,"exceptionType":"HttpException","safeCause":{"category":"unexpected_error","errorType":"HttpException"}}
[Nest] 840789  - 10/10/2026, 2:47:32 PM    WARN [GlobalHttpExceptionFilter] {"event":"admin_http_request_failed","surface":"authenticated_http","requestId":"f3-diagnostic","code":"TRADING_ACCOUNT_SCOPE_MISMATCH","httpStatus":409,"exceptionType":"HttpException","safeCause":{"category":"unexpected_error","errorType":"HttpException"}}
[Nest] 840789  - 10/10/2026, 2:47:32 PM    WARN [GlobalHttpExceptionFilter] {"event":"admin_http_request_failed","surface":"authenticated_http","requestId":"f3-diagnostic","code":"FUTURES_FINAL_SETTLEMENT_INTEGRITY","httpStatus":409,"exceptionType":"HttpException","safeCause":{"category":"unexpected_error","errorType":"HttpException"}}
[Nest] 840789  - 10/10/2026, 2:47:32 PM    WARN [GlobalHttpExceptionFilter] {"event":"admin_http_request_failed","surface":"authenticated_http","requestId":"f3-diagnostic","code":"FINANCIAL_SCOPE_REPAIR_REQUIRED","httpStatus":409,"exceptionType":"HttpException","safeCause":{"category":"unexpected_error","errorType":"HttpException"}}
[Nest] 840789  - 10/10/2026, 2:47:32 PM    WARN [GlobalHttpExceptionFilter] {"event":"admin_http_request_failed","surface":"authenticated_http","requestId":"f3-diagnostic","code":"FUTURES_FINAL_PRICE_UNAVAILABLE","httpStatus":409,"exceptionType":"HttpException","safeCause":{"category":"unexpected_error","errorType":"HttpException"}}
[Nest] 840789  - 10/10/2026, 2:47:32 PM    WARN [GlobalHttpExceptionFilter] {"event":"admin_http_request_failed","surface":"authenticated_http","requestId":"f3-diagnostic","code":"FUTURES_COLLATERAL_INTEGRITY","httpStatus":409,"exceptionType":"HttpException","safeCause":{"category":"unexpected_error","errorType":"HttpException"}}
[Nest] 840789  - 10/10/2026, 2:47:32 PM    WARN [GlobalHttpExceptionFilter] {"event":"admin_http_request_failed","surface":"authenticated_http","requestId":"f3-diagnostic","code":"FUTURES_FINAL_PRICE_UNAVAILABLE","httpStatus":409,"exceptionType":"HttpException","safeCause":{"category":"unexpected_error","errorType":"HttpException"}}
[Nest] 840789  - 10/10/2026, 2:47:32 PM    WARN [GlobalHttpExceptionFilter] {"event":"admin_http_request_failed","surface":"authenticated_http","requestId":"f3-diagnostic","code":"UNAUTHORIZED","httpStatus":401,"exceptionType":"HttpException","safeCause":{"category":"unexpected_error","errorType":"HttpException"}}
[Nest] 840789  - 10/10/2026, 2:47:32 PM    WARN [BinanceOrderBookService] BINANCE_ORDER_BOOK_REJECTED
[Nest] 840789  - 10/10/2026, 2:47:32 PM   ERROR [LimitOrderMatchingService] {"event":"limit_order_fill_failed","orderId":"A1","assetId":"A","phase":"execution_error","path":"snapshot","reason":"unexpected_error","category":"unexpected_error","stage":"not_observed"}
[Nest] 840789  - 10/10/2026, 2:47:32 PM   ERROR [LimitOrderMatchingService] {"event":"limit_order_fill_failed","orderId":"A2","assetId":"A","phase":"execution_error","path":"snapshot","reason":"unexpected_error","category":"unexpected_error","stage":"not_observed"}
[Nest] 840789  - 10/10/2026, 2:47:32 PM   ERROR [LimitOrderMatchingService] {"event":"limit_order_fill_failed","orderId":"A1","assetId":"A","phase":"execution_error","path":"snapshot","reason":"unexpected_error","category":"unexpected_error","stage":"not_observed"}
[Nest] 840789  - 10/10/2026, 2:47:32 PM   ERROR [LimitOrderMatchingService] {"event":"limit_order_fill_failed","orderId":"A2","assetId":"A","phase":"execution_error","path":"snapshot","reason":"unexpected_error","category":"unexpected_error","stage":"not_observed"}
[Nest] 840789  - 10/10/2026, 2:47:33 PM    WARN [AssetCandlesSingleFlightService] Candle distributed single-flight is unavailable; local dedupe remains active.
[Nest] 840789  - 10/10/2026, 2:47:33 PM    WARN [AssetCandlesSingleFlightService] Candle distributed single-flight is unavailable; local dedupe remains active.
[Nest] 840789  - 10/10/2026, 2:47:33 PM    WARN [AssetCandlesSingleFlightService] Candle distributed single-flight is unavailable; local dedupe remains active.
[Nest] 840789  - 10/10/2026, 2:47:33 PM     LOG [AssetCandlesSingleFlightService] {"event":"candle_delivery","state":"stale_cache_fallback","reason":"remote_refresh_in_progress","assetId":"asset-1","interval":"5m"}
[Nest] 840789  - 10/10/2026, 2:47:33 PM    WARN [AssetCandlesSingleFlightService] Candle single-flight lock ownership was lost.
[Nest] 840789  - 10/10/2026, 2:47:33 PM    WARN [AssetCandlesSingleFlightService] Candle single-flight lock ownership was lost.
[Nest] 840789  - 10/10/2026, 2:47:33 PM     LOG [RankingRefreshService] Current ranking refreshed for season season-1: 0 participants.
[Nest] 840789  - 10/10/2026, 2:47:33 PM   ERROR [RankingRefreshService] Current ranking refresh failed for season season-1.
HttpException: Http Exception
    at throwSeasonRankingScope (/home/nayuta/projects/trading-app/backend/src/ranking/season-ranking-scope.ts:54:9)
    at assertSeasonRankingScope (/home/nayuta/projects/trading-app/backend/src/ranking/season-ranking-scope.ts:300:5)
    at assertSeasonRankingScopes (/home/nayuta/projects/trading-app/backend/src/ranking/season-ranking-scope.ts:392:5)
    at outcome.prisma.$transaction.isolationLevel (/home/nayuta/projects/trading-app/backend/src/ranking/ranking-refresh.service.ts:507:34)
    at RankingRefreshService.replaceCurrentRankings (/home/nayuta/projects/trading-app/backend/src/ranking/ranking-refresh.service.ts:461:21)
    at RankingRefreshService.calculateAndReplace (/home/nayuta/projects/trading-app/backend/src/ranking/ranking-refresh.service.ts:307:14)
    at RankingRefreshService.drainRefreshes (/home/nayuta/projects/trading-app/backend/src/ranking/ranking-refresh.service.ts:165:20)
    at expectRefreshAborted (/home/nayuta/projects/trading-app/backend/src/ranking/ranking-refresh.service.spec.ts:237:7)
    at Object.<anonymous> (/home/nayuta/projects/trading-app/backend/src/ranking/ranking-refresh.service.spec.ts:258:7)
[Nest] 840789  - 10/10/2026, 2:47:33 PM   ERROR [RankingRefreshService] Current ranking refresh failed for season season-1.
HttpException: Http Exception
    at throwSeasonRankingScope (/home/nayuta/projects/trading-app/backend/src/ranking/season-ranking-scope.ts:54:9)
    at assertSeasonRankingScope (/home/nayuta/projects/trading-app/backend/src/ranking/season-ranking-scope.ts:324:5)
    at assertSeasonRankingScopes (/home/nayuta/projects/trading-app/backend/src/ranking/season-ranking-scope.ts:392:5)
    at outcome.prisma.$transaction.isolationLevel (/home/nayuta/projects/trading-app/backend/src/ranking/ranking-refresh.service.ts:507:34)
    at RankingRefreshService.replaceCurrentRankings (/home/nayuta/projects/trading-app/backend/src/ranking/ranking-refresh.service.ts:461:21)
    at RankingRefreshService.calculateAndReplace (/home/nayuta/projects/trading-app/backend/src/ranking/ranking-refresh.service.ts:307:14)
    at RankingRefreshService.drainRefreshes (/home/nayuta/projects/trading-app/backend/src/ranking/ranking-refresh.service.ts:165:20)
    at expectRefreshAborted (/home/nayuta/projects/trading-app/backend/src/ranking/ranking-refresh.service.spec.ts:237:7)
    at Object.<anonymous> (/home/nayuta/projects/trading-app/backend/src/ranking/ranking-refresh.service.spec.ts:272:7)
[Nest] 840789  - 10/10/2026, 2:47:33 PM   ERROR [RankingRefreshService] Current ranking refresh failed for season season-1.
HttpException: Http Exception
    at throwSeasonRankingScope (/home/nayuta/projects/trading-app/backend/src/ranking/season-ranking-scope.ts:54:9)
    at assertSeasonRankingScope (/home/nayuta/projects/trading-app/backend/src/ranking/season-ranking-scope.ts:330:5)
    at assertSeasonRankingScopes (/home/nayuta/projects/trading-app/backend/src/ranking/season-ranking-scope.ts:392:5)
    at outcome.prisma.$transaction.isolationLevel (/home/nayuta/projects/trading-app/backend/src/ranking/ranking-refresh.service.ts:507:34)
    at RankingRefreshService.replaceCurrentRankings (/home/nayuta/projects/trading-app/backend/src/ranking/ranking-refresh.service.ts:461:21)
    at RankingRefreshService.calculateAndReplace (/home/nayuta/projects/trading-app/backend/src/ranking/ranking-refresh.service.ts:307:14)
    at RankingRefreshService.drainRefreshes (/home/nayuta/projects/trading-app/backend/src/ranking/ranking-refresh.service.ts:165:20)
    at expectRefreshAborted (/home/nayuta/projects/trading-app/backend/src/ranking/ranking-refresh.service.spec.ts:237:7)
    at Object.<anonymous> (/home/nayuta/projects/trading-app/backend/src/ranking/ranking-refresh.service.spec.ts:284:7)
[Nest] 840789  - 10/10/2026, 2:47:33 PM   ERROR [RankingRefreshService] Current ranking refresh failed for season season-1.
HttpException: Http Exception
    at throwSeasonRankingScope (/home/nayuta/projects/trading-app/backend/src/ranking/season-ranking-scope.ts:54:9)
    at assertSeasonRankingScope (/home/nayuta/projects/trading-app/backend/src/ranking/season-ranking-scope.ts:318:5)
    at assertSeasonRankingScopes (/home/nayuta/projects/trading-app/backend/src/ranking/season-ranking-scope.ts:392:5)
    at outcome.prisma.$transaction.isolationLevel (/home/nayuta/projects/trading-app/backend/src/ranking/ranking-refresh.service.ts:507:34)
    at RankingRefreshService.replaceCurrentRankings (/home/nayuta/projects/trading-app/backend/src/ranking/ranking-refresh.service.ts:461:21)
    at RankingRefreshService.calculateAndReplace (/home/nayuta/projects/trading-app/backend/src/ranking/ranking-refresh.service.ts:307:14)
    at RankingRefreshService.drainRefreshes (/home/nayuta/projects/trading-app/backend/src/ranking/ranking-refresh.service.ts:165:20)
    at expectRefreshAborted (/home/nayuta/projects/trading-app/backend/src/ranking/ranking-refresh.service.spec.ts:237:7)
    at Object.<anonymous> (/home/nayuta/projects/trading-app/backend/src/ranking/ranking-refresh.service.spec.ts:297:7)
[Nest] 840789  - 10/10/2026, 2:47:33 PM     LOG [RankingRefreshService] Current ranking refreshed for season season-1: 1 participants.
[Nest] 840789  - 10/10/2026, 2:47:33 PM     LOG [RankingRefreshService] Current ranking refreshed for season season-1: 1 participants.
[Nest] 840789  - 10/10/2026, 2:47:33 PM    WARN [RankingRefreshService] Current ranking refresh for season season-1 was skipped: stale_generation.
[Nest] 840789  - 10/10/2026, 2:47:33 PM    WARN [RankingRefreshService] Current ranking refresh for season season-1 was skipped: stale_generation.
[Nest] 840789  - 10/10/2026, 2:47:33 PM    WARN [RankingRefreshService] Current ranking refresh for season season-1 was skipped: stale_generation.
[Nest] 840789  - 06/10/2026, 9:11:00 AM     LOG [RankingRefreshService] Current ranking refreshed for season season-1: 1 participants.
[Nest] 840789  - 06/10/2026, 9:11:00 AM     LOG [RankingRefreshService] Current ranking refreshed for season season-1: 1 participants.
[Nest] 840789  - 10/10/2026, 2:47:33 PM   ERROR [RankingRefreshService] Current ranking refresh failed for season season-1.
HttpException: Http Exception
    at throwSeasonRankingScope (/home/nayuta/projects/trading-app/backend/src/ranking/season-ranking-scope.ts:54:9)
    at assertSeasonRankingScope (/home/nayuta/projects/trading-app/backend/src/ranking/season-ranking-scope.ts:324:5)
    at assertSeasonRankingScopes (/home/nayuta/projects/trading-app/backend/src/ranking/season-ranking-scope.ts:392:5)
    at outcome.prisma.$transaction.isolationLevel (/home/nayuta/projects/trading-app/backend/src/ranking/ranking-refresh.service.ts:507:34)
    at RankingRefreshService.replaceCurrentRankings (/home/nayuta/projects/trading-app/backend/src/ranking/ranking-refresh.service.ts:461:21)
    at RankingRefreshService.calculateAndReplace (/home/nayuta/projects/trading-app/backend/src/ranking/ranking-refresh.service.ts:307:14)
    at RankingRefreshService.drainRefreshes (/home/nayuta/projects/trading-app/backend/src/ranking/ranking-refresh.service.ts:165:20)
    at expectRefreshAborted (/home/nayuta/projects/trading-app/backend/src/ranking/ranking-refresh.service.spec.ts:237:7)
    at Object.<anonymous> (/home/nayuta/projects/trading-app/backend/src/ranking/ranking-refresh.service.spec.ts:438:7)
[Nest] 840789  - 10/10/2026, 2:47:33 PM    WARN [GlobalHttpExceptionFilter] {"event":"http_request_failed","surface":"pre_auth_http","code":"ORDER_IDEMPOTENCY_CONFLICT","httpStatus":409,"exceptionType":"HttpException","safeCause":{"category":"unexpected_error","errorType":"HttpException"}}
[Nest] 840789  - 10/10/2026, 2:47:33 PM    WARN [GlobalHttpExceptionFilter] {"event":"http_request_failed","surface":"pre_auth_http","code":"VALIDATION_ERROR","httpStatus":400,"exceptionType":"BadRequestException","safeCause":{"category":"unexpected_error","errorType":"BadRequestException"}}
[Nest] 840789  - 10/10/2026, 2:47:33 PM   ERROR [GlobalHttpExceptionFilter] {"event":"http_request_failed","surface":"pre_auth_http","code":"INTERNAL_SERVER_ERROR","httpStatus":500,"exceptionType":"Error","safeCause":{"category":"unexpected_error","errorType":"Error"}}
[Nest] 840789  - 10/10/2026, 2:47:33 PM   ERROR [GlobalHttpExceptionFilter] {"event":"http_request_failed","surface":"authenticated_http","requestId":"af79f2cb-75d2-441e-96bc-33b9ca2a0b93","code":"ACCOUNT_UNAVAILABLE","httpStatus":503,"exceptionType":"HttpException","safeCause":{"category":"unexpected_error","errorType":"HttpException"}}
[Nest] 840789  - 10/10/2026, 2:47:33 PM   ERROR [GlobalHttpExceptionFilter] {"event":"http_request_failed","surface":"authenticated_http","requestId":"0db70dd3-aaa1-41c6-bde7-650a7e1e3122","code":"ACCOUNT_UNAVAILABLE","httpStatus":503,"exceptionType":"HttpException","safeCause":{"category":"unexpected_error","errorType":"HttpException"}}
[Nest] 840789  - 10/10/2026, 2:47:33 PM   ERROR [GlobalHttpExceptionFilter] {"event":"admin_http_request_failed","surface":"authenticated_http","requestId":"7ec01cf3-7007-4daa-985e-c3b7510253f0","code":"ACCOUNT_UNAVAILABLE","httpStatus":503,"exceptionType":"HttpException","safeCause":{"category":"unexpected_error","errorType":"HttpException"}}
[Nest] 840789  - 10/10/2026, 2:47:33 PM   ERROR [GlobalHttpExceptionFilter] {"event":"http_request_failed","surface":"authenticated_http","requestId":"cf134d69-a1ee-4904-b6b1-a1a6a71c76c8","code":"INTERNAL_SERVER_ERROR","httpStatus":500,"exceptionType":"InternalServerErrorException","safeCause":{"category":"unexpected_error","errorType":"InternalServerErrorException"}}
[Nest] 840789  - 10/10/2026, 2:47:33 PM   ERROR [GlobalHttpExceptionFilter] {"event":"http_request_failed","surface":"authenticated_http","requestId":"e097d9d5-e66f-4307-aa8b-ab69dd01806d","code":"PORTFOLIO_FAILED","httpStatus":503,"exceptionType":"HttpException","safeCause":{"category":"unexpected_error","errorType":"HttpException"}}
[Nest] 840789  - 10/10/2026, 2:47:33 PM   ERROR [GlobalHttpExceptionFilter] {"event":"http_request_failed","surface":"authenticated_http","requestId":"4f47a13f-129b-4179-8f2b-ae46fab7d016","code":"INTERNAL_SERVER_ERROR","httpStatus":500,"exceptionType":"InternalServerErrorException","safeCause":{"category":"unexpected_error","errorType":"InternalServerErrorException"}}
[Nest] 840789  - 10/10/2026, 2:47:33 PM   ERROR [GlobalHttpExceptionFilter] {"event":"http_request_failed","surface":"authenticated_http","requestId":"be862a20-91db-4b0c-ae7e-b63e096fab5b","code":"PORTFOLIO_FAILED","httpStatus":503,"exceptionType":"HttpException","safeCause":{"category":"unexpected_error","errorType":"HttpException"}}
[Nest] 840789  - 10/10/2026, 2:47:33 PM   ERROR [GlobalHttpExceptionFilter] {"event":"admin_http_request_failed","surface":"authenticated_http","requestId":"c120f0d6-8a5c-4d04-8207-f90cfe8b836b","code":"INTERNAL_SERVER_ERROR","httpStatus":500,"exceptionType":"InternalServerErrorException","safeCause":{"category":"unexpected_error","errorType":"InternalServerErrorException"}}
[Nest] 840789  - 10/10/2026, 2:47:33 PM   ERROR [GlobalHttpExceptionFilter] {"event":"admin_http_request_failed","surface":"authenticated_http","requestId":"d1670359-c2c7-4f0a-800b-153442a25004","code":"PORTFOLIO_FAILED","httpStatus":503,"exceptionType":"HttpException","safeCause":{"category":"unexpected_error","errorType":"HttpException"}}
[Nest] 840789  - 10/10/2026, 2:47:33 PM   ERROR [GlobalHttpExceptionFilter] {"event":"http_request_failed","surface":"authenticated_http","requestId":"req-user","code":"PRICE_STALE","httpStatus":503,"exceptionType":"HttpException","safeCause":{"category":"unexpected_error","errorType":"HttpException"}}
[Nest] 840789  - 10/10/2026, 2:47:33 PM   ERROR [GlobalHttpExceptionFilter] {"event":"http_request_failed","surface":"authenticated_http","requestId":"req-operator","code":"PRICE_STALE","httpStatus":503,"exceptionType":"HttpException","safeCause":{"category":"unexpected_error","errorType":"HttpException"}}
[Nest] 840789  - 10/10/2026, 2:47:33 PM   ERROR [GlobalHttpExceptionFilter] {"event":"admin_http_request_failed","surface":"authenticated_http","requestId":"req-admin","code":"PRICE_STALE","httpStatus":503,"exceptionType":"HttpException","safeCause":{"category":"unexpected_error","errorType":"HttpException"}}
[Nest] 840789  - 07/25/2026, 9:06:00 AM    WARN [RealtimeAssetMetadataCacheService] Realtime asset metadata lookup failed for asset-doge: db down
[Nest] 840789  - 07/25/2026, 9:00:00 AM    WARN [RealtimeAssetMetadataCacheService] Realtime asset metadata lookup failed for asset-doge: db down
[Nest] 840789  - 10/10/2026, 2:47:34 PM    WARN [PortfolioService] {"event":"portfolio_partial_valuation_failed","requestId":"28b4efbb-0418-4747-91b4-9825c77ed70e","code":"VALUATION_UNAVAILABLE","entities":{"userId":"user-1","tradingAccountId":"account-sp-1","seasonId":"season-1","seasonParticipantId":"sp-1"}}
[Nest] 840789  - 10/10/2026, 2:47:34 PM   ERROR [GlobalHttpExceptionFilter] {"event":"http_request_failed","surface":"pre_auth_http","code":"FUTURES_MARK_UNAVAILABLE","httpStatus":503,"exceptionType":"HttpException","safeCause":{"category":"unexpected_error","errorType":"HttpException"}}
[Nest] 840789  - 10/10/2026, 2:47:34 PM   ERROR [GlobalHttpExceptionFilter] {"event":"http_request_failed","surface":"pre_auth_http","code":"FUTURES_MARK_STALE","httpStatus":503,"exceptionType":"HttpException","safeCause":{"category":"unexpected_error","errorType":"HttpException"}}
[Nest] 840789  - 10/10/2026, 2:47:34 PM   ERROR [GlobalHttpExceptionFilter] {"event":"http_request_failed","surface":"pre_auth_http","code":"FUTURES_MARK_UNAVAILABLE","httpStatus":503,"exceptionType":"HttpException","safeCause":{"category":"unexpected_error","errorType":"HttpException"}}
[Nest] 840789  - 10/10/2026, 2:47:34 PM   ERROR [GlobalHttpExceptionFilter] {"event":"http_request_failed","surface":"pre_auth_http","code":"FUTURES_MARK_STALE","httpStatus":503,"exceptionType":"HttpException","safeCause":{"category":"unexpected_error","errorType":"HttpException"}}
[Nest] 840789  - 10/10/2026, 2:47:34 PM   ERROR [GlobalHttpExceptionFilter] {"event":"http_request_failed","surface":"pre_auth_http","code":"FUTURES_MARK_UNAVAILABLE","httpStatus":503,"exceptionType":"HttpException","safeCause":{"category":"unexpected_error","errorType":"HttpException"}}
[Nest] 840789  - 10/10/2026, 2:47:34 PM   ERROR [GlobalHttpExceptionFilter] {"event":"http_request_failed","surface":"pre_auth_http","code":"FUTURES_MARK_STALE","httpStatus":503,"exceptionType":"HttpException","safeCause":{"category":"unexpected_error","errorType":"HttpException"}}
[Nest] 840789  - 10/10/2026, 2:47:34 PM    WARN [BinanceSymbolMetadataService] Binance exchangeInfo precision refresh failed (PROVIDER_HTTP_ERROR); serving last cached display decimals.
[Nest] 840789  - 10/10/2026, 2:47:34 PM    WARN [BinanceSymbolMetadataService] Binance exchangeInfo precision refresh failed (Error); serving fixed-universe fallback display decimals.
[Nest] 840789  - 10/07/2026, 9:00:00 AM    WARN [FuturesMarkIngestion] FUTURES_COVERAGE_UNAVAILABLE
[Nest] 840789  - 10/07/2026, 9:00:00 AM    WARN [FuturesMarkIngestion] FUTURES_COVERAGE_UNAVAILABLE
[Nest] 840789  - 10/07/2026, 9:00:06 AM    WARN [FuturesMarkIngestion] FUTURES_MARK_WS_UNAVAILABLE
[Nest] 840789  - 10/10/2026, 2:47:35 PM   ERROR [TradingAccountAccessService] Trading account integrity violation (account=ta-season-1): season account has no participant
[Nest] 840789  - 10/10/2026, 2:47:35 PM   ERROR [TradingAccountAccessService] Trading account integrity violation (account=ta-general-1): non-season account has a season participant attached
[Nest] 840789  - 10/10/2026, 2:47:35 PM   ERROR [TradingAccountAccessService] Trading account integrity violation (account=ta-season-1): season account participant belongs to a different user
[Nest] 840789  - 10/10/2026, 2:47:35 PM    WARN [KisRateLimiterService] Distributed KIS rate limiting unavailable; using conservative in-process limiting.
[Nest] 840789  - 10/10/2026, 2:47:35 PM    WARN [KisRateLimiterService] Distributed KIS rate limiting unavailable; using conservative in-process limiting.
[Nest] 840789  - 10/10/2026, 2:47:35 PM     LOG [KisRateLimiterService] Distributed KIS rate limiting restored.
[Nest] 840789  - 10/10/2026, 2:47:35 PM    WARN [KisRateLimiterService] Distributed KIS rate limiting unavailable; using conservative in-process limiting.
[Nest] 840789  - 10/10/2026, 2:47:35 PM    WARN [MarketSessionOverrideLoaderService] {"event":"market_session_override_refresh_failed","trigger":"startup","storeLoaded":false,"effect":"store not ready; stock calendar remains fail-closed","error":"db down"}
[Nest] 840789  - 10/10/2026, 2:47:35 PM    WARN [OrderBookPubSubService] ORDER_BOOK_PUBLISH_FAILED

Test Suites: 60 skipped, 254 passed, 254 of 314 total
Tests:       82 skipped, 4131 passed, 4213 total
Snapshots:   0 total
Time:        17.985 s, estimated 19 s
Ran all test suites.
Test results written to: ../docs/investigations/2026-10-10-futures-last-price-followup/evidence/backend-unit-unsandboxed-jest.json
