
> LeagueOfTrading@1.0.0 check
> npm run lint:accounts:check && npm run lint:guides:check && npm run typecheck && npm run test


> LeagueOfTrading@1.0.0 lint:accounts:check
> eslint --no-fix --max-warnings=0 --no-warn-ignored --ignore-pattern "**/*.test.ts" src/hooks/usePullToRefresh.tsx src/hooks/useFocusedInputScroll.ts src/features/auth src/features/me src/features/tradingAccount src/features/position/assetDisplay.ts src/features/record src/features/wallet src/features/futures src/features/conditional src/screens/futures src/screens/market/FuturesMarketList.tsx src/app/navigation/MarketStack.tsx src/app/AppProviders.tsx src/app/navigation/RootNavigator.tsx src/app/navigation/MainTabs.tsx src/app/navigation/HomeStack.tsx src/app/navigation/WalletStack.tsx src/app/navigation/MyStack.tsx src/components/states/ScreenErrorBoundary.tsx src/components/states/ErrorState.tsx src/components/states/ErrorNotice.tsx src/services/api/sessionExpiry.ts src/services/api/sessionOwnership.ts src/services/api/client.ts src/services/storage/tokenStorage.ts src/screens/auth src/screens/entry src/screens/home src/screens/my src/screens/wallet src/screens/order/OrderScreen.tsx src/screens/order/OrderPanel.tsx src/screens/order/QuantityRatioSlider*.tsx src/features/order/sideColors.ts src/screens/asset src/features/asset/AssetOrderLadder.tsx src/features/asset/tradingHeader.ts src/screens/history src/screens/record/RecordSeasonDetailScreen.tsx src/screens/record/RecordProfitAnalysisScreen.tsx src/screens/record/RecordMetric.tsx src/app/navigation/RecordStack.tsx src/components/tradingAccount src/components/common/CTAButton.tsx src/components/common/PrimaryButtonBackground.tsx src/components/common/pressFeedback.ts src/components/common/ActionPressable.tsx src/components/charts/ChartTimeframeSelector.tsx src/components/navigation/TabBarButton.tsx


> LeagueOfTrading@1.0.0 lint:guides:check
> eslint --no-fix --max-warnings=0 --no-warn-ignored --ignore-pattern "**/*.test.ts" src/screens/guide src/app/navigation/GuideStack.tsx src/app/navigation/types.ts src/components/charts/candleColors.ts src/components/charts/CandlestickChartRenderer.tsx


> LeagueOfTrading@1.0.0 typecheck
> tsc --noEmit


> LeagueOfTrading@1.0.0 test
> node --test --test-concurrency=1 'src/**/*.test.ts'

✔ src/app/navigation/MainTabs.test.ts (410.274777ms)
✔ src/app/navigation/RootTheme.test.ts (223.621903ms)
✔ src/app/navigation/transitionPolicy.test.ts (57.004561ms)
✔ src/components/charts/ChartTimeframeSelector.test.ts (572.126816ms)
✔ src/components/charts/candlestickChartControls.test.ts (63.539633ms)
✔ src/components/charts/candlestickChartHeight.test.ts (68.829416ms)
✔ src/components/charts/candlestickGesturePolicy.test.ts (71.112892ms)
✔ src/components/charts/candlestickLayout.test.ts (67.299312ms)
✔ src/components/charts/candlestickNativeIntegration.test.ts (2046.633175ms)
✔ src/components/charts/candlestickPriceFormat.test.ts (68.650093ms)
✔ src/components/charts/candlestickPriceScale.test.ts (56.983983ms)
✔ src/components/charts/candlestickViewport.test.ts (72.007706ms)
✔ src/components/charts/candlestickWebIntegration.test.ts (460.647636ms)
✔ src/components/charts/lineChartIntegration.test.ts (807.577886ms)
✔ src/components/common/ActionPressable.test.ts (482.017129ms)
✔ src/components/common/LogoutButton.test.ts (241.135467ms)
✔ src/components/common/ProfileAvatar.test.ts (221.576633ms)
✔ src/components/common/actionPressableVisual.test.ts (729.639705ms)
✔ src/components/common/pressFeedback.test.ts (437.689878ms)
✔ src/components/navigation/MainTabHeaderTitle.test.ts (317.033862ms)
✔ src/components/navigation/TabBarButton.test.ts (405.892776ms)
✔ src/components/states/AdminDiagnosticPanel.test.ts (876.198232ms)
✔ src/components/states/ScreenErrorBoundary.test.ts (475.198742ms)
✔ src/components/states/diagnosticEnforcement.test.ts (190.218529ms)
✔ src/components/states/portfolioDiagnostic.test.ts (411.282658ms)
✔ src/components/states/publicErrorPresentation.test.ts (482.418035ms)
✔ src/components/states/secondaryDiagnostics.test.ts (9794.340142ms)
✔ src/components/tradingAccount/HoldingCardsLayout.test.ts (752.779601ms)
✔ src/components/tradingAccount/PositionAssetRow.test.ts (226.191776ms)
✔ src/components/tradingAccount/accountLayout.test.ts (81.554505ms)
✔ src/components/tradingAccount/seasonEntryContract.test.ts (57.363468ms)
✔ src/constants/env.test.ts (54.021933ms)
✔ src/constants/queryKeys.test.ts (63.043763ms)
✔ src/constants/queryUsage.test.ts (433.054142ms)
✔ src/features/asset/AssetOrderBookCard.test.ts (418.696944ms)
✔ src/features/asset/AssetOrderLadder.test.ts (370.44937ms)
✔ src/features/asset/assetDetailDisplay.test.ts (54.353152ms)
✔ src/features/asset/assetOrderBookPolicy.test.ts (76.507672ms)
✔ src/features/asset/assetTickerPolicy.test.ts (63.565489ms)
✔ src/features/asset/candleErrors.test.ts (58.344822ms)
✔ src/features/asset/chartTimeframes.test.ts (61.021817ms)
✔ src/features/asset/displayPricePolicy.test.ts (63.307309ms)
✔ src/features/asset/liveCandle.test.ts (53.400793ms)
✔ src/features/asset/orderBook.test.ts (966.788102ms)
✔ src/features/asset/tradingUiDisplay.test.ts (2452.782998ms)
✔ src/features/asset/tradingUx.test.ts (55.653681ms)
✔ src/features/asset/useAssetCandle.test.ts (383.228222ms)
✔ src/features/asset/useAssetOrderBook.test.ts (540.679136ms)
✔ src/features/asset/useAssetTicker.test.ts (301.361909ms)
✔ src/features/auth/adminDiagnostics.test.ts (59.762661ms)
✔ src/features/auth/authLifecycle.test.ts (1322.280505ms)
✔ src/features/auth/entry.test.ts (63.826873ms)
✔ src/features/auth/session.test.ts (62.392186ms)
✔ src/features/auth/sessionLifecycle.test.ts (905.738402ms)
✔ src/features/conditional/AttachedEntry.test.ts (1178.001778ms)
✔ src/features/conditional/ProtectionPanel.test.ts (2531.414387ms)
✔ src/features/friends/friends.test.ts (380.22242ms)
✔ src/features/futures/pendingPagination.test.ts (288.637579ms)
✔ src/features/futures/policy.test.ts (49.496756ms)
✔ src/features/futures/positionDisplay.test.ts (69.937213ms)
✔ src/features/market/marketPresentation.test.ts (71.130584ms)
✔ src/features/market/marketRefresh.test.ts (597.73843ms)
✔ src/features/market/marketSort.test.ts (265.636447ms)
✔ src/features/market/marketTickerStore.test.ts (84.030415ms)
✔ src/features/market/mergeMarketAssetTicker.test.ts (71.136954ms)
✔ src/features/me/api.test.ts (226.613979ms)
✔ src/features/me/profileImage.test.ts (267.503288ms)
✔ src/features/me/profileImageCache.test.ts (200.738358ms)
✔ src/features/order/limitOrder.test.ts (84.707724ms)
✔ src/features/order/marketExecution.test.ts (237.206468ms)
✔ src/features/order/orderDisplayContract.test.ts (266.787308ms)
✔ src/features/position/assetDisplay.test.ts (76.500672ms)
✔ src/features/position/display.test.ts (59.750078ms)
✔ src/features/ranking/ranking.test.ts (1073.667078ms)
✔ src/features/ranking/rankingPublication.test.ts (1057.715123ms)
✔ src/features/record/accountOrders.test.ts (59.14095ms)
✔ src/features/record/queryCache.test.ts (587.025895ms)
✔ src/features/record/seasonAccountLookup.test.ts (57.906239ms)
✔ src/features/tradingAccount/TradingAccountContext.test.ts (254.627395ms)
✔ src/features/tradingAccount/accountBinding.test.ts (67.091346ms)
✔ src/features/tradingAccount/accountIntegrityGate.test.ts (70.71177ms)
✔ src/features/tradingAccount/accountScope.test.ts (67.477003ms)
✔ src/features/tradingAccount/accountSelection.test.ts (73.408163ms)
✔ src/features/tradingAccount/beginnerMode.test.ts (74.720335ms)
✔ src/features/tradingAccount/capabilities.test.ts (65.387865ms)
✔ src/features/tradingAccount/entryScenarios.test.ts (62.664813ms)
✔ src/features/tradingAccount/generalAccountOpen.test.ts (53.207182ms)
✔ src/features/tradingAccount/holdings.test.ts (72.735843ms)
✔ src/features/tradingAccount/indicativePreview.test.ts (73.139851ms)
✔ src/features/tradingAccount/integrityErrors.test.ts (70.014515ms)
✔ src/features/tradingAccount/invalidation.test.ts (69.586627ms)
✔ src/features/tradingAccount/legacyFinancialCalls.test.ts (77.161348ms)
✔ src/features/tradingAccount/modeSelection.test.ts (63.973721ms)
✔ src/features/tradingAccount/portfolioMessage.test.ts (48.165036ms)
✔ src/features/tradingAccount/portfolioReadPolicy.test.ts (584.312775ms)
✔ src/features/tradingAccount/quotedAction.test.ts (58.525443ms)
✔ src/features/tradingAccount/sessionCacheObserver.test.ts (335.198551ms)
✔ src/features/wallet/fxAccountScope.test.ts (57.715566ms)
✔ src/features/wallet/fxRateUpdates.test.ts (1859.006232ms)
✔ src/features/wallet/fxUiDisplay.test.ts (1251.920834ms)
✔ src/features/wallet/mapper.test.ts (84.423247ms)
✔ src/features/wallet/transactions.test.ts (775.891771ms)
✔ src/features/wallet/walletTransfer.test.ts (66.993107ms)
✔ src/hooks/pullToRefresh.test.ts (380.073181ms)
✔ src/hooks/useFocusedInputScroll.test.ts (226.464174ms)
✔ src/screens/asset/AssetDetailFlow.test.ts (2191.777615ms)
✔ src/screens/asset/accountHoldings.test.ts (4591.263885ms)
✔ src/screens/asset/assetPriceDiagnostics.test.ts (2536.441247ms)
✔ src/screens/asset/inlineTrading.test.ts (4276.586032ms)
✔ src/screens/asset/tradingControls.test.ts (3698.842243ms)
✔ src/screens/auth/publicAuthErrors.test.ts (326.219849ms)
✔ src/screens/entry/ModeSelectionScreen.test.ts (351.953918ms)
✔ src/screens/futures/FuturesLimitEntry.test.ts (13378.751076ms)
✔ src/screens/futures/FuturesScreen.test.ts (8514.175747ms)
✔ src/screens/guide/BeginnerLearningScreen.test.ts (220.162116ms)
✔ src/screens/guide/guideContent.test.ts (1205.62478ms)
✔ src/screens/guide/guideLesson.test.ts (701.120437ms)
✔ src/screens/guide/marketGuides.test.ts (1831.891206ms)
✔ src/screens/history/TradeHistoryScreen.test.ts (1038.323984ms)
✔ src/screens/home/financialDiagnostics.test.ts (28460.390398ms)
✔ src/screens/home/generalAccountHome.test.ts (51.363324ms)
✔ src/screens/home/holdingsAndPositions.test.ts (3606.907229ms)
✔ src/screens/home/homeDiscovery.test.ts (3656.560989ms)
✔ src/screens/home/homeHeader.test.ts (709.43048ms)
✔ src/screens/home/homeIntegration.test.ts (4409.30357ms)
✔ src/screens/home/homePortfolioRecovery.test.ts (1642.55178ms)
✔ src/screens/home/homeRefresh.test.ts (1400.757461ms)
✔ src/screens/home/homeTier.test.ts (886.274107ms)
✔ src/screens/home/settledPortfolio.test.ts (785.127794ms)
✔ src/screens/home/tierAssets.test.ts (304.518452ms)
✔ src/screens/market/MarketScreen.test.ts (51.996794ms)
✔ src/screens/my/SettingsScreen.test.ts (1027.113147ms)
✔ src/screens/order/orderInputPolicy.test.ts (3567.970049ms)
✔ src/screens/order/orderWarningUx.test.ts (1502.150995ms)
✔ src/screens/order/quantityRatio.test.ts (4165.96846ms)
✔ src/screens/order/quantityRatioNative.test.ts (292.827563ms)
✔ src/screens/record/recordPresentation.test.ts (1238.789277ms)
✔ src/screens/wallet/WalletScreen.test.ts (1325.475329ms)
✔ src/screens/wallet/WalletTransferScreen.test.ts (6833.572232ms)
✔ src/screens/wallet/walletRefresh.test.ts (1027.391212ms)
✔ src/services/api/diagnosticSafety.test.ts (67.504103ms)
✔ src/services/api/errorMapper.test.ts (62.729598ms)
✔ src/services/api/sessionExpiry.test.ts (60.044059ms)
✔ src/services/ws/realtimeSocketManager.test.ts (195.992325ms)
✔ src/theme/appearance.test.ts (470.369702ms)
✔ src/theme/financialColors.test.ts (58.788665ms)
✔ src/theme/native.test.ts (1032.737635ms)
✔ src/theme/screenLayout.test.ts (50.715497ms)
✔ src/theme/useReducedMotion.test.ts (229.154453ms)
✔ src/utils/assetPriceFormat.test.ts (66.968292ms)
✔ src/utils/displayDecimalCoverage.test.ts (47.657927ms)
✔ src/utils/displayPolicyContract.test.ts (58.203163ms)
✔ src/utils/format.test.ts (79.301306ms)
✔ src/utils/priceDisplay.test.ts (72.081757ms)
ℹ tests 154
ℹ suites 0
ℹ pass 154
ℹ fail 0
ℹ cancelled 0
ℹ skipped 0
ℹ todo 0
ℹ duration_ms 161286.825821
