FAIL src/futures/futures-price-safety.integration.spec.ts (26.423 s)
  ● readiness CLI and Last retention preserve actual PostgreSQL financial evidence

    [Nest] 857725  - 10/10/2026, 3:04:48 PM     LOG [GeneralAccountsService] {"event":"general_account_opened","tradingAccountId":"4114b8db-0526-4dca-8a89-5989d0853a73"}
    PASS read-only CLI passes fresh complete DISABLED launch targets without idle Ops runs
    PASS CLI rejects expired coverage and disabled required collectors/risk
    PASS CLI rejects registered instrument missing prices
    PASS actual batched SQL matches individual Last/Mark readers for missing, fresh, future and stale newest trades; no older-trade resurrection
    PASS real execution, TP/SL, season pin, inclusive unpinned windows, latest per source preserved; repeat no-op; records immutable
    PASS both financial reference/delete race orderings preserve FK integrity
    (node:857725) DeprecationWarning: Calling client.query() when the client is already executing a query is deprecated and will be removed in pg@9.0. Use async/await or an external async flow control mechanism instead.
    (Use `node --trace-deprecation ...` to show where the warning was created)
    PrismaClientKnownRequestError: 
    Invalid `prisma.$queryRaw()` invocation:


    Raw query failed. Code: `58P01`. Message: `could not load library "/tmp/beginner-pg/root/usr/lib/postgresql/16/lib/llvmjit.so": libLLVM-17.so.1: cannot open shared object file: No such file or directory`

      387 |   await db.$executeRaw`ANALYZE futures_last_price_snapshots`;
      388 |   const explain = await db.$transaction(async (tx) => {
    > 389 |     const plan = await tx.$queryRaw`EXPLAIN (ANALYZE, BUFFERS, FORMAT JSON)
          |                  ^
      390 |       WITH candidates AS (SELECT m.id FROM futures_last_price_snapshots m
      391 |         WHERE m.captured_at < ${cutoff} AND m.effective_at < ${cutoff}
      392 |         AND NOT EXISTS (SELECT 1 FROM futures_executions e WHERE e.last_price_snapshot_id = m.id)

      at Gr.handleRequestError (../node_modules/.pnpm/@prisma+client@7.6.0_prisma@7.6.0_@types+react@19.2.14_react-dom@19.2.4_react@19.2.4__r_889fd3be5ec8852f6f4d66c586359f50/node_modules/@prisma/client/src/runtime/RequestHandler.ts:237:13)
      at Gr.handleAndLogRequestError (../node_modules/.pnpm/@prisma+client@7.6.0_prisma@7.6.0_@types+react@19.2.14_react-dom@19.2.4_react@19.2.4__r_889fd3be5ec8852f6f4d66c586359f50/node_modules/@prisma/client/src/runtime/RequestHandler.ts:183:12)
      at Gr.request (../node_modules/.pnpm/@prisma+client@7.6.0_prisma@7.6.0_@types+react@19.2.14_react-dom@19.2.4_react@19.2.4__r_889fd3be5ec8852f6f4d66c586359f50/node_modules/@prisma/client/src/runtime/RequestHandler.ts:152:12)
      at async a (../node_modules/.pnpm/@prisma+client@7.6.0_prisma@7.6.0_@types+react@19.2.14_react-dom@19.2.4_react@19.2.4__r_889fd3be5ec8852f6f4d66c586359f50/node_modules/@prisma/client/src/runtime/getPrismaClient.ts:938:24)
      at async <anonymous> (../scripts/futures-price-safety-integration.ts:389:18)
      at async Proxy._transactionWithCallback (../node_modules/.pnpm/@prisma+client@7.6.0_prisma@7.6.0_@types+react@19.2.14_react-dom@19.2.4_react@19.2.4__r_889fd3be5ec8852f6f4d66c586359f50/node_modules/@prisma/client/src/runtime/getPrismaClient.ts:785:18)
      at async main (../scripts/futures-price-safety-integration.ts:388:19) {
        code: 'P2010',
        meta: {
          driverAdapterError: DriverAdapterError: could not load library "/tmp/beginner-pg/root/usr/lib/postgresql/16/lib/llvmjit.so": libLLVM-17.so.1: cannot open shared object file: No such file or directory
      at PgTransaction.onError (../node_modules/.pnpm/@prisma+adapter-pg@7.6.0/node_modules/@prisma/adapter-pg/dist/index.js:678:11)
      at PgTransaction.performIO (../node_modules/.pnpm/@prisma+adapter-pg@7.6.0/node_modules/@prisma/adapter-pg/dist/index.js:673:12)
      at async PgTransaction.queryRaw (../node_modules/.pnpm/@prisma+adapter-pg@7.6.0/node_modules/@prisma/adapter-pg/dist/index.js:604:30)
      at async e.interpretNode (../node_modules/.pnpm/@prisma+client@7.6.0_prisma@7.6.0_@types+react@19.2.14_react-dom@19.2.4_react@19.2.4__r_889fd3be5ec8852f6f4d66c586359f50/node_modules/@prisma/client-engine-runtime/src/interpreter/query-interpreter.ts:186:26)
      at async e.run (../node_modules/.pnpm/@prisma+client@7.6.0_prisma@7.6.0_@types+react@19.2.14_react-dom@19.2.4_react@19.2.4__r_889fd3be5ec8852f6f4d66c586359f50/node_modules/@prisma/client-engine-runtime/src/interpreter/query-interpreter.ts:94:23)
      at async e.execute (../node_modules/.pnpm/@prisma+client@7.6.0_prisma@7.6.0_@types+react@19.2.14_react-dom@19.2.4_react@19.2.4__r_889fd3be5ec8852f6f4d66c586359f50/node_modules/@prisma/client/src/runtime/core/engines/client/LocalExecutor.ts:81:12)
      at async jt.request (../node_modules/.pnpm/@prisma+client@7.6.0_prisma@7.6.0_@types+react@19.2.14_react-dom@19.2.4_react@19.2.4__r_889fd3be5ec8852f6f4d66c586359f50/node_modules/@prisma/client/src/runtime/core/engines/client/ClientEngine.ts:498:22)
      at async Object.singleLoader (../node_modules/.pnpm/@prisma+client@7.6.0_prisma@7.6.0_@types+react@19.2.14_react-dom@19.2.4_react@19.2.4__r_889fd3be5ec8852f6f4d66c586359f50/node_modules/@prisma/client/src/runtime/RequestHandler.ts:112:26) {
            cause: [Object]
          }
        },
        clientVersion: '7.6.0'
      }
      at Object.<anonymous> (futures/futures-price-safety.integration.spec.ts:17:33)

Test Suites: 1 failed, 1 total
Tests:       1 failed, 1 total
Snapshots:   0 total
Time:        26.542 s
Ran all test suites within paths "src/futures/futures-price-safety.integration.spec.ts".
