node:child_process:964
    throw err;
    ^

<ref *1> Error: spawnSync git EPERM
    at Object.spawnSync (node:internal/child_process:1119:20)
    at spawnSync (node:child_process:911:24)
    at execFileSync (node:child_process:954:15)
    at git (/home/nayuta/projects/trading-app/scripts/diagnostic-enforcement.cjs:349:5)
    at runAudit (/home/nayuta/projects/trading-app/scripts/diagnostic-enforcement.cjs:354:18)
    at Object.<anonymous> (/home/nayuta/projects/trading-app/scripts/diagnostic-enforcement.cjs:424:22)
    at Module._compile (node:internal/modules/cjs/loader:1812:14)
    at Object..js (node:internal/modules/cjs/loader:1943:10)
    at Module.load (node:internal/modules/cjs/loader:1533:32)
    at Module._load (node:internal/modules/cjs/loader:1335:12) {
  errno: -1,
  code: 'EPERM',
  syscall: 'spawnSync git',
  path: 'git',
  spawnargs: [ 'rev-parse', '--verify', '--end-of-options', 'HEAD^{commit}' ],
  error: [Circular *1],
  status: 0,
  signal: null,
  output: [
    null,
    Buffer(41) [Uint8Array] [
      102,  53, 49, 50, 100, 97, 98, 48,  97, 54,
       49,  50, 54, 56,  49, 98, 49, 52, 101, 50,
       51,  50, 48, 98,  54, 54, 51, 49,  97, 50,
       98, 100, 55, 52,  53, 57, 97, 51,  99, 56,
       10
    ],
    Buffer(0) [Uint8Array] []
  ],
  pid: 10,
  stdout: Buffer(41) [Uint8Array] [
    102,  53, 49, 50, 100, 97, 98, 48,  97, 54,
     49,  50, 54, 56,  49, 98, 49, 52, 101, 50,
     51,  50, 48, 98,  54, 54, 51, 49,  97, 50,
     98, 100, 55, 52,  53, 57, 97, 51,  99, 56,
     10
  ],
  stderr: Buffer(0) [Uint8Array] []
}

Node.js v24.14.1
