Loaded Prisma config from prisma.config.ts.

Prisma schema loaded from prisma/schema.prisma.
Datasource "db": PostgreSQL database "futures_recheck_scale2_test", schema "public" at "127.0.0.1:55439"

70 migrations found in prisma/migrations

Applying migration `20260402054939_init_core`
Applying migration `20260428080520_add_near_term_ledger_tables`
Applying migration `20260501212120_add_fx_rate_and_execute_safety_tables`
Applying migration `20260507120158_add_asset_price_position_foundation`
Applying migration `20260507121528_add_daily_portfolio_snapshot_and_ranking_foundation`
Applying migration `20260508093000_add_order_foundation`
Applying migration `20260508110000_add_order_create_idempotency`
Applying migration `20260519090000_add_refresh_token_sessions`
Applying migration `20260519095458_add_batch_job_runs`
Applying migration `20260523090000_add_reward_badge_trophy_foundation`
Applying migration `20260601090000_add_user_role_operator_audit_logs`
Applying migration `20260608090000_add_durable_quotes`
Applying migration `20260608120000_add_ops_scheduler_foundation`
Applying migration `20260609120000_add_user_status_restore_internal_reward_fulfillment`
Applying migration `20260618090000_add_season_ranking_tiebreakers`
Applying migration `20260618120000_add_position_realized_pnl_krw`
Applying migration `20260619090000_add_mvp_market_order_calculation_fields`
Applying migration `20260619120000_add_season_lifecycle_ops_job_name`
Applying migration `20260621120000_add_season_participant_moderation`
Applying migration `20260621143000_add_asset_orderbook_snapshots`
Applying migration `20260629120000_add_provider_kis_ops_job_name`
Applying migration `20260710120000_add_market_candles_storage`
Applying migration `20260711120000_add_market_candle_retention_ops_job_name`
Applying migration `20260711130000_add_market_candle_sync_state`
Applying migration `20260713160000_add_market_candle_reconciliation_ops_job_name`
Applying migration `20260713200000_add_market_candle_sync_coverage`
Applying migration `20260720120000_add_market_session_overrides`
Applying migration `20260721120000_add_limit_order_cash_reservation`
Applying migration `20260721160000_add_limit_quote_reservation_basis`
Applying migration `20260722120000_add_limit_order_live_trade_matching`
Applying migration `20260722123000_add_limit_order_matcher_worker_trigger`
Applying migration `20260722130000_add_limit_order_candidate_fifo_index`
Applying migration `20260722160000_add_limit_order_closed_candle_matching`
Applying migration `20260722190000_add_limit_order_reconciliation_checkpoint`
Applying migration `20260723120000_add_limit_order_candle_ingest_sequence`
Applying migration `20260723210000_add_limit_order_window_completion_and_candle_revision`
Applying migration `20260723230000_add_limit_order_deferred_candle_revision_and_completion_health`
Applying migration `20260724120000_add_limit_order_deferred_revision_provenance_and_asset_gap`
Applying migration `20260724200000_reverify_limit_order_deferred_unverified_revision_provenance`
Applying migration `20260724230000_enforce_limit_order_deferred_revision_provenance_invariants`
Applying migration `20260725120000_remove_limit_order_event_matching_layer`
Applying migration `20260726120000_add_limit_order_scheduler_matching`
Applying migration `20260801120000_add_trading_account_foundation`
Applying migration `20260803120000_add_financial_trading_account_scope`
Applying migration `20260803150000_add_trading_scope_and_fx_legacy_partial_unique`
Applying migration `20260803180000_add_general_account_and_ad_reward_enums`
Applying migration `20260803181000_add_general_account_and_ad_reward_foundation`
Applying migration `20260803210000_add_general_performance_snapshot_enums`
Applying migration `20260803211000_add_general_performance_snapshot_foundation`
Applying migration `20260804120000_add_season_ranking_trading_account_scope`
Applying migration `20260818120000_enable_general_account_trading`
Applying migration `20260818180000_enable_general_account_fx`
Applying migration `20260910120000_make_trading_account_canonical_scope`
Applying migration `20260911120000_remove_legacy_financial_participant_scope`
Applying migration `20260929120000_friends_portfolio_privacy`
Applying migration `20261002120000_market_execution_result`
Applying migration `20261006120000_add_cash_wallet_scope`
Applying migration `20261006130000_provision_canonical_crypto_cash_wallets`
Applying migration `20261006160000_pin_order_wallet_and_add_transfers`
Applying migration `20261007120000_add_cross_currency_wallet_transfers`
Applying migration `20261007180000_add_synthetic_perpetual_futures`
Applying migration `20261007210000_add_futures_cross_risk_liquidation`
Applying migration `20261008175900_add_futures_season_reference`
Applying migration `20261008180000_integrate_futures_valuation_and_season_exit`
Applying migration `20261008190000_add_futures_mark_retention`
Applying migration `20261008200000_add_conditional_protection`
Applying migration `20261009010000_add_futures_limit_entry`
Applying migration `20261009120000_add_beginner_account_mode`
Applying migration `20261009120100_add_beginner_account_owner_constraint`
Applying migration `20261010120000_add_futures_last_price_evidence`

The following migration(s) have been applied:

migrations/
  └─ 20260402054939_init_core/
    └─ migration.sql
  └─ 20260428080520_add_near_term_ledger_tables/
    └─ migration.sql
  └─ 20260501212120_add_fx_rate_and_execute_safety_tables/
    └─ migration.sql
  └─ 20260507120158_add_asset_price_position_foundation/
    └─ migration.sql
  └─ 20260507121528_add_daily_portfolio_snapshot_and_ranking_foundation/
    └─ migration.sql
  └─ 20260508093000_add_order_foundation/
    └─ migration.sql
  └─ 20260508110000_add_order_create_idempotency/
    └─ migration.sql
  └─ 20260519090000_add_refresh_token_sessions/
    └─ migration.sql
  └─ 20260519095458_add_batch_job_runs/
    └─ migration.sql
  └─ 20260523090000_add_reward_badge_trophy_foundation/
    └─ migration.sql
  └─ 20260601090000_add_user_role_operator_audit_logs/
    └─ migration.sql
  └─ 20260608090000_add_durable_quotes/
    └─ migration.sql
  └─ 20260608120000_add_ops_scheduler_foundation/
    └─ migration.sql
  └─ 20260609120000_add_user_status_restore_internal_reward_fulfillment/
    └─ migration.sql
  └─ 20260618090000_add_season_ranking_tiebreakers/
    └─ migration.sql
  └─ 20260618120000_add_position_realized_pnl_krw/
    └─ migration.sql
  └─ 20260619090000_add_mvp_market_order_calculation_fields/
    └─ migration.sql
  └─ 20260619120000_add_season_lifecycle_ops_job_name/
    └─ migration.sql
  └─ 20260621120000_add_season_participant_moderation/
    └─ migration.sql
  └─ 20260621143000_add_asset_orderbook_snapshots/
    └─ migration.sql
  └─ 20260629120000_add_provider_kis_ops_job_name/
    └─ migration.sql
  └─ 20260710120000_add_market_candles_storage/
    └─ migration.sql
  └─ 20260711120000_add_market_candle_retention_ops_job_name/
    └─ migration.sql
  └─ 20260711130000_add_market_candle_sync_state/
    └─ migration.sql
  └─ 20260713160000_add_market_candle_reconciliation_ops_job_name/
    └─ migration.sql
  └─ 20260713200000_add_market_candle_sync_coverage/
    └─ migration.sql
  └─ 20260720120000_add_market_session_overrides/
    └─ migration.sql
  └─ 20260721120000_add_limit_order_cash_reservation/
    └─ migration.sql
  └─ 20260721160000_add_limit_quote_reservation_basis/
    └─ migration.sql
  └─ 20260722120000_add_limit_order_live_trade_matching/
    └─ migration.sql
  └─ 20260722123000_add_limit_order_matcher_worker_trigger/
    └─ migration.sql
  └─ 20260722130000_add_limit_order_candidate_fifo_index/
    └─ migration.sql
  └─ 20260722160000_add_limit_order_closed_candle_matching/
    └─ migration.sql
  └─ 20260722190000_add_limit_order_reconciliation_checkpoint/
    └─ migration.sql
  └─ 20260723120000_add_limit_order_candle_ingest_sequence/
    └─ migration.sql
  └─ 20260723210000_add_limit_order_window_completion_and_candle_revision/
    └─ migration.sql
  └─ 20260723230000_add_limit_order_deferred_candle_revision_and_completion_health/
    └─ migration.sql
  └─ 20260724120000_add_limit_order_deferred_revision_provenance_and_asset_gap/
    └─ migration.sql
  └─ 20260724200000_reverify_limit_order_deferred_unverified_revision_provenance/
    └─ migration.sql
  └─ 20260724230000_enforce_limit_order_deferred_revision_provenance_invariants/
    └─ migration.sql
  └─ 20260725120000_remove_limit_order_event_matching_layer/
    └─ migration.sql
  └─ 20260726120000_add_limit_order_scheduler_matching/
    └─ migration.sql
  └─ 20260801120000_add_trading_account_foundation/
    └─ migration.sql
  └─ 20260803120000_add_financial_trading_account_scope/
    └─ migration.sql
  └─ 20260803150000_add_trading_scope_and_fx_legacy_partial_unique/
    └─ migration.sql
  └─ 20260803180000_add_general_account_and_ad_reward_enums/
    └─ migration.sql
  └─ 20260803181000_add_general_account_and_ad_reward_foundation/
    └─ migration.sql
  └─ 20260803210000_add_general_performance_snapshot_enums/
    └─ migration.sql
  └─ 20260803211000_add_general_performance_snapshot_foundation/
    └─ migration.sql
  └─ 20260804120000_add_season_ranking_trading_account_scope/
    └─ migration.sql
  └─ 20260818120000_enable_general_account_trading/
    └─ migration.sql
  └─ 20260818180000_enable_general_account_fx/
    └─ migration.sql
  └─ 20260910120000_make_trading_account_canonical_scope/
    └─ migration.sql
  └─ 20260911120000_remove_legacy_financial_participant_scope/
    └─ migration.sql
  └─ 20260929120000_friends_portfolio_privacy/
    └─ migration.sql
  └─ 20261002120000_market_execution_result/
    └─ migration.sql
  └─ 20261006120000_add_cash_wallet_scope/
    └─ migration.sql
  └─ 20261006130000_provision_canonical_crypto_cash_wallets/
    └─ migration.sql
  └─ 20261006160000_pin_order_wallet_and_add_transfers/
    └─ migration.sql
  └─ 20261007120000_add_cross_currency_wallet_transfers/
    └─ migration.sql
  └─ 20261007180000_add_synthetic_perpetual_futures/
    └─ migration.sql
  └─ 20261007210000_add_futures_cross_risk_liquidation/
    └─ migration.sql
  └─ 20261008175900_add_futures_season_reference/
    └─ migration.sql
  └─ 20261008180000_integrate_futures_valuation_and_season_exit/
    └─ migration.sql
  └─ 20261008190000_add_futures_mark_retention/
    └─ migration.sql
  └─ 20261008200000_add_conditional_protection/
    └─ migration.sql
  └─ 20261009010000_add_futures_limit_entry/
    └─ migration.sql
  └─ 20261009120000_add_beginner_account_mode/
    └─ migration.sql
  └─ 20261009120100_add_beginner_account_owner_constraint/
    └─ migration.sql
  └─ 20261010120000_add_futures_last_price_evidence/
    └─ migration.sql

All migrations have been successfully applied.
