2026-10-08T12:41:35.7184296Z Current runner version: '2.337.0'
2026-10-08T12:41:35.7208736Z Ubuntu
2026-10-08T12:41:35.7211970Z Included Software: https://github.com/actions/runner-images/blob/ubuntu24/20260927.320/images/ubuntu/Ubuntu2404-Readme.md
2026-10-08T12:41:36.2819086Z Complete job name: Limit order PostgreSQL integration
2026-10-08T12:41:36.4785868Z ##[command]/usr/bin/docker pull postgres:16
2026-10-08T12:41:43.3574757Z Status: Downloaded newer image for postgres:16
2026-10-08T12:41:43.3582917Z docker.io/library/postgres:16
2026-10-08T12:41:43.3627559Z ##[command]/usr/bin/docker create --name 2d34e09606af4a6197a86b36e9cd5c5b_postgres16_0e4232 --label 8fbc5a --network github_network_22067f2af7204f97b2edc5961b12c027 --network-alias postgres -p 5432:5432 --health-cmd "pg_isready -U trading_app" --health-interval 5s --health-timeout 5s --health-retries 20 -e "POSTGRES_USER=trading_app" -e "POSTGRES_PASSWORD=trading_app_pw" -e "POSTGRES_DB=trading_app" -e GITHUB_ACTIONS=true -e CI=true postgres:16
2026-10-08T12:41:43.5816486Z 5432/tcp -> 0.0.0.0:5432
2026-10-08T12:41:43.5816983Z 5432/tcp -> [::]:5432
2026-10-08T12:41:54.5770295Z   DATABASE_URL: ***localhost:5432/trading_app?schema=public
2026-10-08T12:41:54.5770710Z   LIMIT_ORDER_RESERVATION_DB_INTEGRATION: 1
2026-10-08T12:41:54.5770998Z   LIMIT_ORDER_IDEMPOTENT_REPLAY_INTEGRATION: 1
2026-10-08T12:41:54.5771166Z   LIMIT_ORDER_MATCHING_DB_INTEGRATION: 1
2026-10-08T12:41:54.5771749Z   FUTURES_DB_INTEGRATION: 1
2026-10-08T12:41:54.5771885Z   FUTURES_RISK_DB_INTEGRATION: 1
2026-10-08T12:41:54.5772026Z   FUTURES_F3_DB_INTEGRATION: 1
2026-10-08T12:41:54.5772244Z   FUTURES_F31_DB_INTEGRATION: 1
2026-10-08T12:41:54.5772550Z   FUTURES_LIMIT_DB_INTEGRATION: 1
2026-10-08T12:41:56.8146743Z   DATABASE_URL: ***localhost:5432/trading_app?schema=public
2026-10-08T12:41:56.8147112Z   LIMIT_ORDER_RESERVATION_DB_INTEGRATION: 1
2026-10-08T12:41:56.8147288Z   LIMIT_ORDER_IDEMPOTENT_REPLAY_INTEGRATION: 1
2026-10-08T12:41:56.8147454Z   LIMIT_ORDER_MATCHING_DB_INTEGRATION: 1
2026-10-08T12:41:56.8148044Z   FUTURES_DB_INTEGRATION: 1
2026-10-08T12:41:56.8148178Z   FUTURES_RISK_DB_INTEGRATION: 1
2026-10-08T12:41:56.8148354Z   FUTURES_F3_DB_INTEGRATION: 1
2026-10-08T12:41:56.8148488Z   FUTURES_F31_DB_INTEGRATION: 1
2026-10-08T12:41:56.8148760Z   FUTURES_LIMIT_DB_INTEGRATION: 1
2026-10-08T12:42:01.6264545Z   node-version: 24
2026-10-08T12:42:01.6268097Z   DATABASE_URL: ***localhost:5432/trading_app?schema=public
2026-10-08T12:42:01.6268584Z   LIMIT_ORDER_RESERVATION_DB_INTEGRATION: 1
2026-10-08T12:42:01.6268829Z   LIMIT_ORDER_IDEMPOTENT_REPLAY_INTEGRATION: 1
2026-10-08T12:42:01.6269066Z   LIMIT_ORDER_MATCHING_DB_INTEGRATION: 1
2026-10-08T12:42:01.6269948Z   FUTURES_DB_INTEGRATION: 1
2026-10-08T12:42:01.6270145Z   FUTURES_RISK_DB_INTEGRATION: 1
2026-10-08T12:42:01.6270355Z   FUTURES_F3_DB_INTEGRATION: 1
2026-10-08T12:42:01.6270558Z   FUTURES_F31_DB_INTEGRATION: 1
2026-10-08T12:42:01.6271153Z   FUTURES_LIMIT_DB_INTEGRATION: 1
2026-10-08T12:42:06.2453476Z   DATABASE_URL: ***localhost:5432/trading_app?schema=public
2026-10-08T12:42:06.2453846Z   LIMIT_ORDER_RESERVATION_DB_INTEGRATION: 1
2026-10-08T12:42:06.2454042Z   LIMIT_ORDER_IDEMPOTENT_REPLAY_INTEGRATION: 1
2026-10-08T12:42:06.2454216Z   LIMIT_ORDER_MATCHING_DB_INTEGRATION: 1
2026-10-08T12:42:06.2454833Z   FUTURES_DB_INTEGRATION: 1
2026-10-08T12:42:06.2454976Z   FUTURES_RISK_DB_INTEGRATION: 1
2026-10-08T12:42:06.2455143Z   FUTURES_F3_DB_INTEGRATION: 1
2026-10-08T12:42:06.2455288Z   FUTURES_F31_DB_INTEGRATION: 1
2026-10-08T12:42:06.2455575Z   FUTURES_LIMIT_DB_INTEGRATION: 1
2026-10-08T12:42:08.0575527Z   DATABASE_URL: ***localhost:5432/trading_app?schema=public
2026-10-08T12:42:08.0575911Z   LIMIT_ORDER_RESERVATION_DB_INTEGRATION: 1
2026-10-08T12:42:08.0576093Z   LIMIT_ORDER_IDEMPOTENT_REPLAY_INTEGRATION: 1
2026-10-08T12:42:08.0576262Z   LIMIT_ORDER_MATCHING_DB_INTEGRATION: 1
2026-10-08T12:42:08.0577009Z   FUTURES_DB_INTEGRATION: 1
2026-10-08T12:42:08.0577150Z   FUTURES_RISK_DB_INTEGRATION: 1
2026-10-08T12:42:08.0577327Z   FUTURES_F3_DB_INTEGRATION: 1
2026-10-08T12:42:08.0577469Z   FUTURES_F31_DB_INTEGRATION: 1
2026-10-08T12:42:08.0577749Z   FUTURES_LIMIT_DB_INTEGRATION: 1
2026-10-08T12:42:09.9585281Z   DATABASE_URL: ***localhost:5432/trading_app?schema=public
2026-10-08T12:42:09.9585636Z   LIMIT_ORDER_RESERVATION_DB_INTEGRATION: 1
2026-10-08T12:42:09.9585813Z   LIMIT_ORDER_IDEMPOTENT_REPLAY_INTEGRATION: 1
2026-10-08T12:42:09.9585978Z   LIMIT_ORDER_MATCHING_DB_INTEGRATION: 1
2026-10-08T12:42:09.9586587Z   FUTURES_DB_INTEGRATION: 1
2026-10-08T12:42:09.9586723Z   FUTURES_RISK_DB_INTEGRATION: 1
2026-10-08T12:42:09.9586891Z   FUTURES_F3_DB_INTEGRATION: 1
2026-10-08T12:42:09.9587028Z   FUTURES_F31_DB_INTEGRATION: 1
2026-10-08T12:42:09.9587307Z   FUTURES_LIMIT_DB_INTEGRATION: 1
2026-10-08T12:42:10.6385478Z Datasource "db": PostgreSQL database "trading_app", schema "public" at "localhost:5432"
2026-10-08T12:42:11.4514409Z   DATABASE_URL: ***localhost:5432/trading_app?schema=public
2026-10-08T12:42:11.4514926Z   LIMIT_ORDER_RESERVATION_DB_INTEGRATION: 1
2026-10-08T12:42:11.4515100Z   LIMIT_ORDER_IDEMPOTENT_REPLAY_INTEGRATION: 1
2026-10-08T12:42:11.4515274Z   LIMIT_ORDER_MATCHING_DB_INTEGRATION: 1
2026-10-08T12:42:11.4515432Z   ORDER_EXECUTE_DB_INTEGRATION: 1
2026-10-08T12:42:11.4515870Z   FUTURES_DB_INTEGRATION: 1
2026-10-08T12:42:11.4516008Z   FUTURES_RISK_DB_INTEGRATION: 1
2026-10-08T12:42:11.4516188Z   FUTURES_F3_DB_INTEGRATION: 1
2026-10-08T12:42:11.4516327Z   FUTURES_F31_DB_INTEGRATION: 1
2026-10-08T12:42:11.4516607Z   FUTURES_LIMIT_DB_INTEGRATION: 1
2026-10-08T12:42:12.1498328Z Datasource "db": PostgreSQL database "trading_app", schema "public" at "localhost:5432"
2026-10-08T12:42:12.3047361Z   DATABASE_URL: ***localhost:5432/trading_app?schema=public
2026-10-08T12:42:12.3047742Z   LIMIT_ORDER_RESERVATION_DB_INTEGRATION: 1
2026-10-08T12:42:12.3047934Z   LIMIT_ORDER_IDEMPOTENT_REPLAY_INTEGRATION: 1
2026-10-08T12:42:12.3048102Z   LIMIT_ORDER_MATCHING_DB_INTEGRATION: 1
2026-10-08T12:42:12.3048744Z   FUTURES_DB_INTEGRATION: 1
2026-10-08T12:42:12.3048878Z   FUTURES_RISK_DB_INTEGRATION: 1
2026-10-08T12:42:12.3049019Z   FUTURES_F3_DB_INTEGRATION: 1
2026-10-08T12:42:12.3049155Z   FUTURES_F31_DB_INTEGRATION: 1
2026-10-08T12:42:12.3049435Z   FUTURES_LIMIT_DB_INTEGRATION: 1
2026-10-08T12:42:13.1811457Z   DATABASE_URL: ***localhost:5432/trading_app?schema=public
2026-10-08T12:42:13.1811814Z   LIMIT_ORDER_RESERVATION_DB_INTEGRATION: 1
2026-10-08T12:42:13.1811983Z   LIMIT_ORDER_IDEMPOTENT_REPLAY_INTEGRATION: 1
2026-10-08T12:42:13.1812148Z   LIMIT_ORDER_MATCHING_DB_INTEGRATION: 1
2026-10-08T12:42:13.1812740Z   FUTURES_DB_INTEGRATION: 1
2026-10-08T12:42:13.1812886Z   FUTURES_RISK_DB_INTEGRATION: 1
2026-10-08T12:42:13.1813025Z   FUTURES_F3_DB_INTEGRATION: 1
2026-10-08T12:42:13.1813160Z   FUTURES_F31_DB_INTEGRATION: 1
2026-10-08T12:42:13.1813437Z   FUTURES_LIMIT_DB_INTEGRATION: 1
2026-10-08T12:42:16.4783025Z PASS src/fx/fx.execute.integration.spec.ts
2026-10-08T12:42:18.0315429Z PASS src/mvp-flow.integration.spec.ts
2026-10-08T12:42:22.4241727Z PASS src/orders/orders.execute.integration.spec.ts
2026-10-08T12:42:23.7009056Z PASS src/orders/limit-order-create-race.integration.spec.ts
2026-10-08T12:42:24.6435478Z PASS src/orders/limit-order-reservation.integration.spec.ts
2026-10-08T12:42:29.7849858Z PASS src/orders/limit-order-transaction-time.integration.spec.ts (5.138 s)
2026-10-08T12:42:30.7512794Z PASS src/orders/limit-order-create-no-redis.integration.spec.ts
2026-10-08T12:42:31.8949568Z PASS src/orders/limit-order-idempotent-replay.integration.spec.ts
2026-10-08T12:42:33.5580934Z PASS src/orders/limit-order-matching.integration.spec.ts
2026-10-08T12:43:17.3403030Z PASS src/orders/trading-transaction-time.integration.spec.ts (43.781 s)
2026-10-08T12:43:20.7034851Z PASS src/orders/market-execution.integration.spec.ts
2026-10-08T12:43:24.9696415Z PASS src/orders/trading-fee-pinning.integration.spec.ts
2026-10-08T12:43:38.1834893Z PASS src/wallets/wallet-fx-transfer.integration.spec.ts (13.21 s)
2026-10-08T12:43:48.0206823Z PASS src/futures/futures-isolated-boundary.integration.spec.ts (9.833 s)
2026-10-08T12:43:54.5422973Z PASS src/wallets/spot-wallet-transfer.integration.spec.ts (6.517 s)
2026-10-08T12:44:01.9788023Z PASS src/futures/futures-f3.integration.spec.ts (7.432 s)
2026-10-08T12:44:04.0205979Z PASS src/futures/futures-f31.integration.spec.ts
2026-10-08T12:44:38.4252349Z PASS src/futures/futures-risk.integration.spec.ts (34.399 s)
2026-10-08T12:44:50.9189628Z PASS src/futures/futures.integration.spec.ts (12.492 s)
2026-10-08T12:44:54.9002238Z PASS src/orders/order-input-policy.integration.spec.ts
2026-10-08T12:45:04.2811543Z PASS src/conditional/conditional.integration.spec.ts (9.38 s)
2026-10-08T12:45:13.2104190Z PASS src/futures/futures-limit.integration.spec.ts (8.925 s)
2026-10-08T12:45:13.2123440Z Test Suites: 22 passed, 22 total
2026-10-08T12:45:13.2123788Z Tests:       23 passed, 23 total
2026-10-08T12:45:13.5924511Z  2026-10-08 12:41:44.570 UTC [1] LOG:  starting PostgreSQL 16.15 (Debian 16.15-1.pgdg13+2) on x86_64-pc-linux-gnu, compiled by gcc (Debian 14.2.0-19) 14.2.0, 64-bit
2026-10-08T12:45:13.5925144Z  2026-10-08 12:41:44.570 UTC [1] LOG:  listening on IPv4 address "0.0.0.0", port 5432
2026-10-08T12:45:13.5925620Z  2026-10-08 12:41:44.570 UTC [1] LOG:  listening on IPv6 address "::", port 5432
2026-10-08T12:45:13.5926082Z  2026-10-08 12:41:44.571 UTC [1] LOG:  listening on Unix socket "/var/run/postgresql/.s.PGSQL.5432"
2026-10-08T12:45:13.6114435Z  waiting for server to start....2026-10-08 12:41:44.283 UTC [48] LOG:  starting PostgreSQL 16.15 (Debian 16.15-1.pgdg13+2) on x86_64-pc-linux-gnu, compiled by gcc (Debian 14.2.0-19) 14.2.0, 64-bit
2026-10-08T12:45:13.6114913Z  2026-10-08 12:41:44.283 UTC [48] LOG:  listening on Unix socket "/var/run/postgresql/.s.PGSQL.5432"
2026-10-08T12:45:13.6119729Z  PostgreSQL init process complete; ready for start up.
2026-10-08T12:42:02.0543481Z node: v24.21.0
2026-10-08T12:45:13.5924511Z  2026-10-08 12:41:44.570 UTC [1] LOG:  starting PostgreSQL 16.15 (Debian 16.15-1.pgdg13+2) on x86_64-pc-linux-gnu, compiled by gcc (Debian 14.2.0-19) 14.2.0, 64-bit
2026-10-08T12:45:13.6114435Z  waiting for server to start....2026-10-08 12:41:44.283 UTC [48] LOG:  starting PostgreSQL 16.15 (Debian 16.15-1.pgdg13+2) on x86_64-pc-linux-gnu, compiled by gcc (Debian 14.2.0-19) 14.2.0, 64-bit
